******************************************************************************
             TMS320C2000 Linker PC v18.12.1                    
******************************************************************************
>> Linked Wed Jan  8 11:22:21 2020

OUTPUT FILE NAME:   <../PID_DoubleJoints.out>
ENTRY POINT SYMBOL: "_c_int00"  address: 0030231a


MEMORY CONFIGURATION

         name            origin    length      used     unused   attr    fill
----------------------  --------  ---------  --------  --------  ----  --------
PAGE 0:
  BEGINRAM              00000000   00000002  00000000  00000002  RWIX
  RAMM0                 00000002   000003fe  00000000  000003fe  RWIX
  RAML0L3               00008000   00004000  0000001f  00003fe1  RWIX
  ZONE7P                00200000   00010000  00000000  00010000  RWIX
  FLASH                 00300000   0003fff6  000029cc  0003d62a  RWIX
  BEGINFLASH            0033fff6   00000002  00000002  00000000  RWIX
  ADC_CAL               00380080   00000009  00000007  00000002  RWIX
  OTP                   00380400   00000400  00000000  00000400  RWIX
  CSM_PWL               003f7ff8   00000008  00000000  00000008  RWIX
  IQTABLES              003fe000   00000b50  00000000  00000b50  RWIX
  IQTABLES2             003feb50   0000008c  00000000  0000008c  RWIX
  FPUTABLES             003febdc   000006a0  00000000  000006a0  RWIX
  ROM                   003ff27c   00000d44  00000000  00000d44  RWIX
  RESET                 003fffc0   00000002  00000000  00000002  RWIX
  VECTORS               003fffc2   0000003e  00000000  0000003e  RWIX

PAGE 1:
  RAMM1                 00000400   00000400  00000200  00000200  RWIX
  DEV_EMU               00000880   00000180  000000d0  000000b0  RWIX
  FLASH_REGS            00000a80   00000060  00000008  00000058  RWIX
  CSM                   00000ae0   00000010  00000010  00000000  RWIX
  ADC_MIRROR            00000b00   00000010  00000010  00000000  RWIX
  XINTF                 00000b20   00000020  0000001e  00000002  RWIX
  CPU_TIMER0            00000c00   00000008  00000008  00000000  RWIX
  CPU_TIMER1            00000c08   00000008  00000008  00000000  RWIX
  CPU_TIMER2            00000c10   00000008  00000008  00000000  RWIX
  PIE_CTRL              00000ce0   00000020  0000001a  00000006  RWIX
  PIE_VECT              00000d00   00000100  00000100  00000000  RWIX
  DMA                   00001000   00000200  000000e0  00000120  RWIX
  MCBSPA                00005000   00000040  00000025  0000001b  RWIX
  MCBSPB                00005040   00000040  00000025  0000001b  RWIX
  ECANA                 00006000   00000040  00000034  0000000c  RWIX
  ECANA_LAM             00006040   00000040  00000040  00000000  RWIX
  ECANA_MOTS            00006080   00000040  00000040  00000000  RWIX
  ECANA_MOTO            000060c0   00000040  00000040  00000000  RWIX
  ECANA_MBOX            00006100   00000100  00000100  00000000  RWIX
  ECANB                 00006200   00000040  00000034  0000000c  RWIX
  ECANB_LAM             00006240   00000040  00000040  00000000  RWIX
  ECANB_MOTS            00006280   00000040  00000040  00000000  RWIX
  ECANB_MOTO            000062c0   00000040  00000040  00000000  RWIX
  ECANB_MBOX            00006300   00000100  00000100  00000000  RWIX
  EPWM1                 00006800   00000022  00000022  00000000  RWIX
  EPWM2                 00006840   00000022  00000022  00000000  RWIX
  EPWM3                 00006880   00000022  00000022  00000000  RWIX
  EPWM4                 000068c0   00000022  00000022  00000000  RWIX
  EPWM5                 00006900   00000022  00000022  00000000  RWIX
  EPWM6                 00006940   00000022  00000022  00000000  RWIX
  ECAP1                 00006a00   00000020  00000020  00000000  RWIX
  ECAP2                 00006a20   00000020  00000020  00000000  RWIX
  ECAP3                 00006a40   00000020  00000020  00000000  RWIX
  ECAP4                 00006a60   00000020  00000020  00000000  RWIX
  ECAP5                 00006a80   00000020  00000020  00000000  RWIX
  ECAP6                 00006aa0   00000020  00000020  00000000  RWIX
  EQEP1                 00006b00   00000040  00000040  00000000  RWIX
  EQEP2                 00006b40   00000040  00000040  00000000  RWIX
  GPIOCTRL              00006f80   00000040  0000002e  00000012  RWIX
  GPIODAT               00006fc0   00000020  00000020  00000000  RWIX
  GPIOINT               00006fe0   00000020  0000000a  00000016  RWIX
  SYSTEM                00007010   00000020  00000020  00000000  RWIX
  SPIA                  00007040   00000010  00000010  00000000  RWIX
  SCIA                  00007050   00000010  00000010  00000000  RWIX
  XINTRUPT              00007070   00000010  00000010  00000000  RWIX
  ADC                   00007100   00000020  0000001e  00000002  RWIX
  SCIB                  00007750   00000010  00000010  00000000  RWIX
  SCIC                  00007770   00000010  00000010  00000000  RWIX
  I2CA                  00007900   00000040  00000022  0000001e  RWIX
  RAML4L7               0000c000   00004000  0000056a  00003a96  RWIX
  ZONE7D                00210000   00010000  00000000  00010000  RWIX
  CSM_PWL               0033fff8   00000008  00000008  00000000  RWIX


SECTION ALLOCATION MAP

 output                                  attributes/
section   page    origin      length       input sections
--------  ----  ----------  ----------   ----------------
DevEmuRegsFile 
*          1    00000880    000000d0     UNINITIALIZED
                  00000880    000000d0     DSP2833x_GlobalVariableDefs.obj (DevEmuRegsFile)

FlashRegsFile 
*          1    00000a80    00000008     UNINITIALIZED
                  00000a80    00000008     DSP2833x_GlobalVariableDefs.obj (FlashRegsFile)

CsmRegsFile 
*          1    00000ae0    00000010     UNINITIALIZED
                  00000ae0    00000010     DSP2833x_GlobalVariableDefs.obj (CsmRegsFile)

AdcMirrorFile 
*          1    00000b00    00000010     UNINITIALIZED
                  00000b00    00000010     DSP2833x_GlobalVariableDefs.obj (AdcMirrorFile)

XintfRegsFile 
*          1    00000b20    0000001e     UNINITIALIZED
                  00000b20    0000001e     DSP2833x_GlobalVariableDefs.obj (XintfRegsFile)

CpuTimer0RegsFile 
*          1    00000c00    00000008     UNINITIALIZED
                  00000c00    00000008     DSP2833x_GlobalVariableDefs.obj (CpuTimer0RegsFile)

CpuTimer1RegsFile 
*          1    00000c08    00000008     UNINITIALIZED
                  00000c08    00000008     DSP2833x_GlobalVariableDefs.obj (CpuTimer1RegsFile)

CpuTimer2RegsFile 
*          1    00000c10    00000008     UNINITIALIZED
                  00000c10    00000008     DSP2833x_GlobalVariableDefs.obj (CpuTimer2RegsFile)

PieCtrlRegsFile 
*          1    00000ce0    0000001a     UNINITIALIZED
                  00000ce0    0000001a     DSP2833x_GlobalVariableDefs.obj (PieCtrlRegsFile)

PieVectTableFile 
*          1    00000d00    00000100     UNINITIALIZED
                  00000d00    00000100     DSP2833x_GlobalVariableDefs.obj (PieVectTableFile)

DmaRegsFile 
*          1    00001000    000000e0     UNINITIALIZED
                  00001000    000000e0     DSP2833x_GlobalVariableDefs.obj (DmaRegsFile)

McbspaRegsFile 
*          1    00005000    00000025     UNINITIALIZED
                  00005000    00000025     DSP2833x_GlobalVariableDefs.obj (McbspaRegsFile)

McbspbRegsFile 
*          1    00005040    00000025     UNINITIALIZED
                  00005040    00000025     DSP2833x_GlobalVariableDefs.obj (McbspbRegsFile)

ECanaRegsFile 
*          1    00006000    00000034     UNINITIALIZED
                  00006000    00000034     DSP2833x_GlobalVariableDefs.obj (ECanaRegsFile)

ECanaLAMRegsFile 
*          1    00006040    00000040     UNINITIALIZED
                  00006040    00000040     DSP2833x_GlobalVariableDefs.obj (ECanaLAMRegsFile)

ECanaMOTSRegsFile 
*          1    00006080    00000040     UNINITIALIZED
                  00006080    00000040     DSP2833x_GlobalVariableDefs.obj (ECanaMOTSRegsFile)

ECanaMOTORegsFile 
*          1    000060c0    00000040     UNINITIALIZED
                  000060c0    00000040     DSP2833x_GlobalVariableDefs.obj (ECanaMOTORegsFile)

ECanaMboxesFile 
*          1    00006100    00000100     UNINITIALIZED
                  00006100    00000100     DSP2833x_GlobalVariableDefs.obj (ECanaMboxesFile)

ECanbRegsFile 
*          1    00006200    00000034     UNINITIALIZED
                  00006200    00000034     DSP2833x_GlobalVariableDefs.obj (ECanbRegsFile)

ECanbLAMRegsFile 
*          1    00006240    00000040     UNINITIALIZED
                  00006240    00000040     DSP2833x_GlobalVariableDefs.obj (ECanbLAMRegsFile)

ECanbMOTSRegsFile 
*          1    00006280    00000040     UNINITIALIZED
                  00006280    00000040     DSP2833x_GlobalVariableDefs.obj (ECanbMOTSRegsFile)

ECanbMOTORegsFile 
*          1    000062c0    00000040     UNINITIALIZED
                  000062c0    00000040     DSP2833x_GlobalVariableDefs.obj (ECanbMOTORegsFile)

ECanbMboxesFile 
*          1    00006300    00000100     UNINITIALIZED
                  00006300    00000100     DSP2833x_GlobalVariableDefs.obj (ECanbMboxesFile)

EPwm1RegsFile 
*          1    00006800    00000022     UNINITIALIZED
                  00006800    00000022     DSP2833x_GlobalVariableDefs.obj (EPwm1RegsFile)

EPwm2RegsFile 
*          1    00006840    00000022     UNINITIALIZED
                  00006840    00000022     DSP2833x_GlobalVariableDefs.obj (EPwm2RegsFile)

EPwm3RegsFile 
*          1    00006880    00000022     UNINITIALIZED
                  00006880    00000022     DSP2833x_GlobalVariableDefs.obj (EPwm3RegsFile)

EPwm4RegsFile 
*          1    000068c0    00000022     UNINITIALIZED
                  000068c0    00000022     DSP2833x_GlobalVariableDefs.obj (EPwm4RegsFile)

EPwm5RegsFile 
*          1    00006900    00000022     UNINITIALIZED
                  00006900    00000022     DSP2833x_GlobalVariableDefs.obj (EPwm5RegsFile)

EPwm6RegsFile 
*          1    00006940    00000022     UNINITIALIZED
                  00006940    00000022     DSP2833x_GlobalVariableDefs.obj (EPwm6RegsFile)

ECap1RegsFile 
*          1    00006a00    00000020     UNINITIALIZED
                  00006a00    00000020     DSP2833x_GlobalVariableDefs.obj (ECap1RegsFile)

ECap2RegsFile 
*          1    00006a20    00000020     UNINITIALIZED
                  00006a20    00000020     DSP2833x_GlobalVariableDefs.obj (ECap2RegsFile)

ECap3RegsFile 
*          1    00006a40    00000020     UNINITIALIZED
                  00006a40    00000020     DSP2833x_GlobalVariableDefs.obj (ECap3RegsFile)

ECap4RegsFile 
*          1    00006a60    00000020     UNINITIALIZED
                  00006a60    00000020     DSP2833x_GlobalVariableDefs.obj (ECap4RegsFile)

ECap5RegsFile 
*          1    00006a80    00000020     UNINITIALIZED
                  00006a80    00000020     DSP2833x_GlobalVariableDefs.obj (ECap5RegsFile)

ECap6RegsFile 
*          1    00006aa0    00000020     UNINITIALIZED
                  00006aa0    00000020     DSP2833x_GlobalVariableDefs.obj (ECap6RegsFile)

EQep1RegsFile 
*          1    00006b00    00000040     UNINITIALIZED
                  00006b00    00000040     DSP2833x_GlobalVariableDefs.obj (EQep1RegsFile)

EQep2RegsFile 
*          1    00006b40    00000040     UNINITIALIZED
                  00006b40    00000040     DSP2833x_GlobalVariableDefs.obj (EQep2RegsFile)

GpioCtrlRegsFile 
*          1    00006f80    0000002e     UNINITIALIZED
                  00006f80    0000002e     DSP2833x_GlobalVariableDefs.obj (GpioCtrlRegsFile)

GpioDataRegsFile 
*          1    00006fc0    00000020     UNINITIALIZED
                  00006fc0    00000020     DSP2833x_GlobalVariableDefs.obj (GpioDataRegsFile)

GpioIntRegsFile 
*          1    00006fe0    0000000a     UNINITIALIZED
                  00006fe0    0000000a     DSP2833x_GlobalVariableDefs.obj (GpioIntRegsFile)

SysCtrlRegsFile 
*          1    00007010    00000020     UNINITIALIZED
                  00007010    00000020     DSP2833x_GlobalVariableDefs.obj (SysCtrlRegsFile)

SpiaRegsFile 
*          1    00007040    00000010     UNINITIALIZED
                  00007040    00000010     DSP2833x_GlobalVariableDefs.obj (SpiaRegsFile)

SciaRegsFile 
*          1    00007050    00000010     UNINITIALIZED
                  00007050    00000010     DSP2833x_GlobalVariableDefs.obj (SciaRegsFile)

XIntruptRegsFile 
*          1    00007070    00000010     UNINITIALIZED
                  00007070    00000010     DSP2833x_GlobalVariableDefs.obj (XIntruptRegsFile)

AdcRegsFile 
*          1    00007100    0000001e     UNINITIALIZED
                  00007100    0000001e     DSP2833x_GlobalVariableDefs.obj (AdcRegsFile)

ScibRegsFile 
*          1    00007750    00000010     UNINITIALIZED
                  00007750    00000010     DSP2833x_GlobalVariableDefs.obj (ScibRegsFile)

ScicRegsFile 
*          1    00007770    00000010     UNINITIALIZED
                  00007770    00000010     DSP2833x_GlobalVariableDefs.obj (ScicRegsFile)

I2caRegsFile 
*          1    00007900    00000022     UNINITIALIZED
                  00007900    00000022     DSP2833x_GlobalVariableDefs.obj (I2caRegsFile)

CsmPwlFile 
*          1    0033fff8    00000008     UNINITIALIZED
                  0033fff8    00000008     DSP2833x_GlobalVariableDefs.obj (CsmPwlFile)

.text      0    00300000    000025b1     
                  00300000    00000903     PID_DoubleJoints.obj (.text)
                  00300903    000005f9     DrivrMotor.obj (.text)
                  00300efc    00000316     DSP2833x_DefaultIsr.obj (.text:retain)
                  00301212    000002cd     DynamicsController.obj (.text)
                  003014df    000001f6     MW_c28xx_can.obj (.text)
                  003016d5    000001f1     GetAngleVelocity.obj (.text)
                  003018c6    000001dd     Compensate.obj (.text)
                  00301aa3    00000119     PID_Controller.obj (.text)
                  00301bbc    0000010e     SineSignal.obj (.text)
                  00301cca    000000f8     DSP2833x_SysCtrl.obj (.text)
                  00301dc2    000000f5     DSP28xx_SciUtil.obj (.text)
                  00301eb7    000000cf     rts2800_fpu32.lib : e_fmodf.c.obj (.text)
                  00301f86    00000094     MW_c28xx_board.obj (.text)
                  0030201a    00000092     rt_nonfinite.obj (.text)
                  003020ac    00000088     rts2800_fpu32.lib : fs_div28.asm.obj (.text)
                  00302134    0000007b     DSP2833x_CpuTimers.obj (.text)
                  003021af    00000061     ert_main.obj (.text)
                  00302210    00000059     rts2800_fpu32.lib : s_floorf.c.obj (.text)
                  00302269    00000059                       : s_sinf.c.obj (.text)
                  003022c2    00000058                       : s_ceilf.c.obj (.text)
                  0030231a    00000056                       : boot28.asm.obj (.text)
                  00302370    00000051     MW_c28xx_csl.obj (.text)
                  003023c1    00000044     c2833xSchedulerTimer0.obj (.text:retain)
                  00302405    00000044     rtGetInf.obj (.text)
                  00302449    0000003d     c2833xSchedulerTimer0.obj (.text)
                  00302486    0000002a     rtGetNaN.obj (.text)
                  003024b0    00000029     rts2800_fpu32.lib : exit.c.obj (.text)
                  003024d9    00000028     DSP2833x_PieCtrl.obj (.text)
                  00302501    00000024     rts2800_fpu32.lib : cpy_tbl.c.obj (.text)
                  00302525    00000020     DSP2833x_PieVect.obj (.text)
                  00302545    0000001d     rts2800_fpu32.lib : memcpy.c.obj (.text)
                  00302562    00000019                       : args_main.c.obj (.text)
                  0030257b    00000016     c2833xBoard_Realtime_Support.obj (.text)
                  00302591    0000000c     rts2800_fpu32.lib : memset.c.obj (.text)
                  0030259d    00000009                       : _lock.c.obj (.text)
                  003025a6    00000008     DSP2833x_CodeStartBranch.obj (.text)
                  003025ae    00000002     rts2800_fpu32.lib : pre_init.c.obj (.text)
                  003025b0    00000001                       : startup.c.obj (.text)

.bss       1    0000c000    00000000     UNINITIALIZED

.ebss      1    0000c000    0000056a     UNINITIALIZED
                  0000c000    000002b6     PID_DoubleJoints_data.obj (.ebss)
                  0000c2b6    00000008     PID_DoubleJoints.obj (.ebss:_MO_Order)
                  0000c2be    00000002     rts2800_fpu32.lib : _lock.c.obj (.ebss:__lock)
                  0000c2c0    0000017e     PID_DoubleJoints.obj (.ebss)
                  0000c43e    00000002     rts2800_fpu32.lib : _lock.c.obj (.ebss:__unlock)
                  0000c440    00000024     PID_DoubleJoints.obj (.ebss:_Send_GUIdata)
                  0000c464    00000018     DSP2833x_CpuTimers.obj (.ebss)
                  0000c47c    00000003     ert_main.obj (.ebss)
                  0000c47f    00000001     --HOLE--
                  0000c480    00000018     PID_DoubleJoints.obj (.ebss:_Tau)
                  0000c498    00000010     can_datatype_ground.obj (.ebss)
                  0000c4a8    0000000c     PID_DoubleJoints.obj (.ebss:_J1)
                  0000c4b4    0000000c     PID_DoubleJoints.obj (.ebss:_J2)
                  0000c4c0    0000000c     PID_DoubleJoints.obj (.ebss:_J3)
                  0000c4cc    0000000c     PID_DoubleJoints.obj (.ebss:_J4)
                  0000c4d8    0000000c     PID_DoubleJoints.obj (.ebss:_J5)
                  0000c4e4    0000000c     PID_DoubleJoints.obj (.ebss:_J6)
                  0000c4f0    0000000c     PID_DoubleJoints.obj (.ebss:_J7)
                  0000c4fc    00000004     --HOLE--
                  0000c500    0000000c     PID_DoubleJoints.obj (.ebss:_Motor_Current)
                  0000c50c    0000000c     PID_DoubleJoints.obj (.ebss:_Motor_Position)
                  0000c518    0000000c     PID_DoubleJoints.obj (.ebss:_Motor_Velocity)
                  0000c524    0000000c     PID_DoubleJoints.obj (.ebss:_dq)
                  0000c530    0000000c     PID_DoubleJoints.obj (.ebss:_e)
                  0000c53c    00000004     --HOLE--
                  0000c540    0000000c     PID_DoubleJoints.obj (.ebss:_q)
                  0000c54c    0000000c     PID_DoubleJoints.obj (.ebss:_qd)
                  0000c558    0000000c     rt_nonfinite.obj (.ebss)
                  0000c564    00000006     rts2800_fpu32.lib : exit.c.obj (.ebss)

.cinit     0    003025d0    000002ee     
                  003025d0    000002b9     PID_DoubleJoints_data.obj (.cinit)
                  00302889    0000000e     rts2800_fpu32.lib : exit.c.obj (.cinit)
                  00302897    0000000c     ert_main.obj (.cinit)
                  003028a3    0000000b     PID_DoubleJoints.obj (.cinit:_MO_Order)
                  003028ae    00000005     rts2800_fpu32.lib : _lock.c.obj (.cinit:__lock)
                  003028b3    00000005                       : _lock.c.obj (.cinit:__unlock)
                  003028b8    00000004     PID_DoubleJoints.obj (.cinit)
                  003028bc    00000002     --HOLE-- [fill = 0]

.pinit     0    00300000    00000000     UNINITIALIZED

.econst    0    003028be    0000010e     
                  003028be    00000100     DSP2833x_PieVect.obj (.econst:_PieVectTableInit)
                  003029be    00000004     rts2800_fpu32.lib : e_fmodf.c.obj (.econst:_Zero)
                  003029c2    00000002     PID_DoubleJoints.obj (.econst)
                  003029c4    00000002     rtGetNaN.obj (.econst:_$P$T0$1)
                  003029c6    00000002     rts2800_fpu32.lib : e_fmodf.c.obj (.econst)
                  003029c8    00000002                       : s_ceilf.c.obj (.econst)
                  003029ca    00000002                       : s_floorf.c.obj (.econst)

.reset     0    003fffc0    00000002     DSECT
                  003fffc0    00000002     rts2800_fpu32.lib : boot28.asm.obj (.reset)

.data      1    0000c000    00000000     UNINITIALIZED

.stack     1    00000400    00000200     UNINITIALIZED
                  00000400    00000200     --HOLE--

codestart 
*          0    0033fff6    00000002     
                  0033fff6    00000002     DSP2833x_CodeStartBranch.obj (codestart)

ramfuncs   0    003025b1    0000001f     RUN ADDR = 00008000
                  003025b1    0000001b     DSP2833x_SysCtrl.obj (ramfuncs)
                  003025cc    00000004     DSP2833x_usDelay.obj (ramfuncs)

.adc_cal   0    00380080    00000007     NOLOAD SECTION
                  00380080    00000007     DSP2833x_ADC_cal.obj (.adc_cal)

MODULE SUMMARY

       Module                             code   initialized data   uninitialized data
       ------                             ----   ----------------   ------------------
    <current directory>
       PID_DoubleJoints.obj               2307   17                 618               
       DSP2833x_GlobalVariableDefs.obj    0      0                  2678              
       DrivrMotor.obj                     1529   0                  0                 
       PID_DoubleJoints_data.obj          0      697                694               
       DSP2833x_DefaultIsr.obj            790    0                  0                 
       DynamicsController.obj             717    0                  0                 
       MW_c28xx_can.obj                   502    0                  0                 
       GetAngleVelocity.obj               497    0                  0                 
       Compensate.obj                     477    0                  0                 
       DSP2833x_SysCtrl.obj               302    0                  0                 
       DSP2833x_PieVect.obj               32     256                0                 
       PID_Controller.obj                 281    0                  0                 
       SineSignal.obj                     270    0                  0                 
       DSP28xx_SciUtil.obj                245    0                  0                 
       rt_nonfinite.obj                   146    0                  12                
       MW_c28xx_board.obj                 148    0                  0                 
       DSP2833x_CpuTimers.obj             123    0                  24                
       c2833xSchedulerTimer0.obj          129    0                  0                 
       ert_main.obj                       97     12                 3                 
       MW_c28xx_csl.obj                   81     0                  0                 
       rtGetInf.obj                       68     0                  0                 
       rtGetNaN.obj                       42     2                  0                 
       DSP2833x_PieCtrl.obj               40     0                  0                 
       c2833xBoard_Realtime_Support.obj   22     0                  0                 
       can_datatype_ground.obj            0      0                  16                
       DSP2833x_CodeStartBranch.obj       10     0                  0                 
       DSP2833x_usDelay.obj               8      0                  0                 
       DSP2833x_ADC_cal.obj               7      0                  0                 
    +--+----------------------------------+------+------------------+--------------------+
       Total:                             8870   984                4045              
                                                                                      
    C:/ti/ccs901/ccs/tools/compiler/TI-CGT~1.LTS/lib/rts2800_fpu32.lib
       e_fmodf.c.obj                      207    6                  0                 
       fs_div28.asm.obj                   136    0                  0                 
       s_floorf.c.obj                     89     2                  0                 
       s_ceilf.c.obj                      88     2                  0                 
       s_sinf.c.obj                       89     0                  0                 
       boot28.asm.obj                     86     0                  0                 
       exit.c.obj                         41     14                 6                 
       cpy_tbl.c.obj                      36     0                  0                 
       memcpy.c.obj                       29     0                  0                 
       args_main.c.obj                    25     0                  0                 
       _lock.c.obj                        9      10                 4                 
       memset.c.obj                       12     0                  0                 
       pre_init.c.obj                     2      0                  0                 
       startup.c.obj                      1      0                  0                 
    +--+----------------------------------+------+------------------+--------------------+
       Total:                             850    34                 10                
                                                                                      
       Stack:                             0      0                  512               
    +--+----------------------------------+------+------------------+--------------------+
       Grand Total:                       9720   1018               4567              


GLOBAL DATA SYMBOLS: SORTED BY DATA PAGE

address     data page           name
--------    ----------------    ----
00000400      10 (00000400)     __stack

00000880      22 (00000880)     _DevEmuRegs

00000a80      2a (00000a80)     _FlashRegs

00000ae0      2b (00000ac0)     _CsmRegs

00000b00      2c (00000b00)     _AdcMirror
00000b20      2c (00000b00)     _XintfRegs

00000c00      30 (00000c00)     _CpuTimer0Regs
00000c08      30 (00000c00)     _CpuTimer1Regs
00000c10      30 (00000c00)     _CpuTimer2Regs

00000ce0      33 (00000cc0)     _PieCtrlRegs

00000d00      34 (00000d00)     _PieVectTable

00001000      40 (00001000)     _DmaRegs

00005000     140 (00005000)     _McbspaRegs

00005040     141 (00005040)     _McbspbRegs

00006000     180 (00006000)     _ECanaRegs

00006040     181 (00006040)     _ECanaLAMRegs

00006080     182 (00006080)     _ECanaMOTSRegs

000060c0     183 (000060c0)     _ECanaMOTORegs

00006100     184 (00006100)     _ECanaMboxes

00006200     188 (00006200)     _ECanbRegs

00006240     189 (00006240)     _ECanbLAMRegs

00006280     18a (00006280)     _ECanbMOTSRegs

000062c0     18b (000062c0)     _ECanbMOTORegs

00006300     18c (00006300)     _ECanbMboxes

00006800     1a0 (00006800)     _EPwm1Regs

00006840     1a1 (00006840)     _EPwm2Regs

00006880     1a2 (00006880)     _EPwm3Regs

000068c0     1a3 (000068c0)     _EPwm4Regs

00006900     1a4 (00006900)     _EPwm5Regs

00006940     1a5 (00006940)     _EPwm6Regs

00006a00     1a8 (00006a00)     _ECap1Regs
00006a20     1a8 (00006a00)     _ECap2Regs

00006a40     1a9 (00006a40)     _ECap3Regs
00006a60     1a9 (00006a40)     _ECap4Regs

00006a80     1aa (00006a80)     _ECap5Regs
00006aa0     1aa (00006a80)     _ECap6Regs

00006b00     1ac (00006b00)     _EQep1Regs

00006b40     1ad (00006b40)     _EQep2Regs

00006f80     1be (00006f80)     _GpioCtrlRegs

00006fc0     1bf (00006fc0)     _GpioDataRegs
00006fe0     1bf (00006fc0)     _GpioIntRegs

00007010     1c0 (00007000)     _SysCtrlRegs

00007040     1c1 (00007040)     _SpiaRegs
00007050     1c1 (00007040)     _SciaRegs
00007070     1c1 (00007040)     _XIntruptRegs

00007100     1c4 (00007100)     _AdcRegs

00007750     1dd (00007740)     _ScibRegs
00007770     1dd (00007740)     _ScicRegs

00007900     1e4 (00007900)     _I2caRegs

0000c000     300 (0000c000)     _PID_DoubleJoints_P

0000c2b6     30a (0000c280)     _MO_Order
0000c2be     30a (0000c280)     __lock

0000c2c0     30b (0000c2c0)     _enable_tx
0000c2c1     30b (0000c2c0)     _StartRobot
0000c2c2     30b (0000c2c0)     _TXD
0000c2c4     30b (0000c2c0)     _PID_DoubleJoints_M_
0000c2c6     30b (0000c2c0)     _PID_DoubleJoints_DW

0000c300     30c (0000c300)     _PID_DoubleJoints_B

0000c43e     310 (0000c400)     __unlock

0000c440     311 (0000c440)     _Send_GUIdata
0000c464     311 (0000c440)     _CpuTimer0
0000c46c     311 (0000c440)     _CpuTimer1
0000c474     311 (0000c440)     _CpuTimer2
0000c47c     311 (0000c440)     _IsrOverrun
0000c47e     311 (0000c440)     _stopRequested

0000c480     312 (0000c480)     _Tau
0000c498     312 (0000c480)     _CAN_DATATYPE_GROUND
0000c4a8     312 (0000c480)     _J1
0000c4b4     312 (0000c480)     _J2

0000c4c0     313 (0000c4c0)     _J3
0000c4cc     313 (0000c4c0)     _J4
0000c4d8     313 (0000c4c0)     _J5
0000c4e4     313 (0000c4c0)     _J6
0000c4f0     313 (0000c4c0)     _J7

0000c500     314 (0000c500)     _Motor_Current
0000c50c     314 (0000c500)     _Motor_Position
0000c518     314 (0000c500)     _Motor_Velocity
0000c524     314 (0000c500)     _dq
0000c530     314 (0000c500)     _e

0000c540     315 (0000c540)     _q
0000c54c     315 (0000c540)     _qd
0000c558     315 (0000c540)     _rtInf
0000c55a     315 (0000c540)     _rtMinusInf
0000c55c     315 (0000c540)     _rtNaN
0000c55e     315 (0000c540)     _rtInfF
0000c560     315 (0000c540)     _rtMinusInfF
0000c562     315 (0000c540)     _rtNaNF
0000c564     315 (0000c540)     ___TI_enable_exit_profile_output
0000c566     315 (0000c540)     ___TI_cleanup_ptr
0000c568     315 (0000c540)     ___TI_dtors_ptr

003028be    c0a2 (00302880)     _PieVectTableInit

003029c2    c0a7 (003029c0)     _PID_DoubleJoints_M

0033fff8    cfff (0033ffc0)     _CsmPwl


GLOBAL SYMBOLS: SORTED ALPHABETICALLY BY Name 

page  address   name                            
----  -------   ----                            
1     0000c000  .bss                            
1     0000c000  .data                           
0     00300000  .text                           
0     003024b0  C$$EXIT                         
0     003020ac  FS$$DIV                         
0     00300fe2  _ADCINT_ISR                     
0     00380080  _ADC_cal                        
1     00000b00  _AdcMirror                      
1     00007100  _AdcRegs                        
1     0000c498  _CAN_DATATYPE_GROUND            
0     003018c6  _Compensate                     
0     00302175  _ConfigCpuTimer                 
1     0000c464  _CpuTimer0                      
1     00000c00  _CpuTimer0Regs                  
1     0000c46c  _CpuTimer1                      
1     00000c08  _CpuTimer1Regs                  
1     0000c474  _CpuTimer2                      
1     00000c10  _CpuTimer2Regs                  
1     0033fff8  _CsmPwl                         
1     00000ae0  _CsmRegs                        
0     00301d91  _CsmUnlock                      
0     00300f10  _DATALOG_ISR                    
0     00301104  _DINTCH1_ISR                    
0     0030110e  _DINTCH2_ISR                    
0     00301118  _DINTCH3_ISR                    
0     00301122  _DINTCH4_ISR                    
0     0030112c  _DINTCH5_ISR                    
0     00301136  _DINTCH6_ISR                    
0     0000801b  _DSP28x_usDelay                 
1     00000880  _DevEmuRegs                     
0     00301cdd  _DisableDog                     
1     00001000  _DmaRegs                        
0     00300d93  _DrivrMotor                     
0     00300d77  _DrivrMotor_Init                
0     00300d7a  _DrivrMotor_Start               
0     003012e4  _DynamicsController             
0     00301212  _DynamicsController_Init        
0     00301263  _DynamicsController_Start       
0     00301190  _ECAN0INTA_ISR                  
0     003011a4  _ECAN0INTB_ISR                  
0     0030119a  _ECAN1INTA_ISR                  
0     003011ae  _ECAN1INTB_ISR                  
0     00301078  _ECAP1_INT_ISR                  
0     00301082  _ECAP2_INT_ISR                  
0     0030108c  _ECAP3_INT_ISR                  
0     00301096  _ECAP4_INT_ISR                  
0     003010a0  _ECAP5_INT_ISR                  
0     003010aa  _ECAP6_INT_ISR                  
1     00006040  _ECanaLAMRegs                   
1     000060c0  _ECanaMOTORegs                  
1     00006080  _ECanaMOTSRegs                  
1     00006100  _ECanaMboxes                    
1     00006000  _ECanaRegs                      
1     00006240  _ECanbLAMRegs                   
1     000062c0  _ECanbMOTORegs                  
1     00006280  _ECanbMOTSRegs                  
1     00006300  _ECanbMboxes                    
1     00006200  _ECanbRegs                      
1     00006a00  _ECap1Regs                      
1     00006a20  _ECap2Regs                      
1     00006a40  _ECap3Regs                      
1     00006a60  _ECap4Regs                      
1     00006a80  _ECap5Regs                      
1     00006aa0  _ECap6Regs                      
0     00300f24  _EMUINT_ISR                     
0     0030103c  _EPWM1_INT_ISR                  
0     00301000  _EPWM1_TZINT_ISR                
0     00301046  _EPWM2_INT_ISR                  
0     0030100a  _EPWM2_TZINT_ISR                
0     00301050  _EPWM3_INT_ISR                  
0     00301014  _EPWM3_TZINT_ISR                
0     0030105a  _EPWM4_INT_ISR                  
0     0030101e  _EPWM4_TZINT_ISR                
0     00301064  _EPWM5_INT_ISR                  
0     00301028  _EPWM5_TZINT_ISR                
0     0030106e  _EPWM6_INT_ISR                  
0     00301032  _EPWM6_TZINT_ISR                
1     00006800  _EPwm1Regs                      
1     00006840  _EPwm2Regs                      
1     00006880  _EPwm3Regs                      
1     000068c0  _EPwm4Regs                      
1     00006900  _EPwm5Regs                      
1     00006940  _EPwm6Regs                      
0     003010b4  _EQEP1_INT_ISR                  
0     003010be  _EQEP2_INT_ISR                  
1     00006b00  _EQep1Regs                      
1     00006b40  _EQep2Regs                      
0     003024f8  _EnableInterrupts               
1     00000a80  _FlashRegs                      
0     00301821  _GetAngleVelocity               
0     003017d8  _GetAngleVelocity_Init          
1     00006f80  _GpioCtrlRegs                   
1     00006fc0  _GpioDataRegs                   
1     00006fe0  _GpioIntRegs                    
0     00301140  _I2CINT1A_ISR                   
0     0030114a  _I2CINT2A_ISR                   
1     00007900  _I2caRegs                       
0     00300f38  _ILLEGAL_ISR                    
0     00300efc  _INT13_ISR                      
0     00300f06  _INT14_ISR                      
0     00302134  _InitCpuTimers                  
0     00008000  _InitFlash                      
0     00301d36  _InitPeripheralClocks           
0     003024d9  _InitPieCtrl                    
0     00302525  _InitPieVectTable               
0     00301ce5  _InitPll                        
0     00301cca  _InitSysCtrl                    
0     00301ffb  _InitXintf16Gpio                
1     0000c47c  _IsrOverrun                     
1     0000c4a8  _J1                             
1     0000c4b4  _J2                             
1     0000c4c0  _J3                             
1     0000c4cc  _J4                             
1     0000c4d8  _J5                             
1     0000c4e4  _J6                             
1     0000c4f0  _J7                             
0     003011f4  _LUF_ISR                        
0     003011ea  _LVF_ISR                        
1     0000c2b6  _MO_Order                       
0     00300051  _MO_config_eCAN_A_mbx           
0     00300000  _MO_config_eCAN_B_mbx           
0     003010f0  _MRINTA_ISR                     
0     003010dc  _MRINTB_ISR                     
0     003010fa  _MXINTA_ISR                     
0     003010e6  _MXINTB_ISR                     
1     00005000  _McbspaRegs                     
1     00005040  _McbspbRegs                     
1     0000c500  _Motor_Current                  
1     0000c50c  _Motor_Position                 
1     0000c518  _Motor_Velocity                 
0     00300f2e  _NMI_ISR                        
0     00301b39  _PID_Controller                 
0     00301b14  _PID_Controller_Init            
0     003009b1  _PID_Do_StartRobotSubsystem_Init
0     003009b8  _PID_DoubleJ_StartRobotSubsystem
0     00301748  _PID_DoubleJo_GetAngleSpeed_Init
0     00300668  _PID_DoubleJo_GetMotorData_Start
0     00300712  _PID_DoubleJo_SendDataToGUI_Init
0     00300366  _PID_DoubleJoi_CANA_284_24_Start
0     003003e7  _PID_DoubleJoi_CANA_285_25_Start
0     00300468  _PID_DoubleJoi_CANA_286_26_Start
0     003004e9  _PID_DoubleJoi_CANB_281_21_Start
0     0030056a  _PID_DoubleJoi_CANB_282_22_Start
0     003005e9  _PID_DoubleJoi_CANB_283_23_Start
0     00301ab0  _PID_DoubleJoint_PID_Controller1
0     00301be6  _PID_DoubleJoint_Subsystem_Start
1     0000c300  _PID_DoubleJoints_B             
0     0030037b  _PID_DoubleJoints_CANA_284_24   
0     003003fc  _PID_DoubleJoints_CANA_285_25   
0     0030047d  _PID_DoubleJoints_CANA_286_26   
0     003004fe  _PID_DoubleJoints_CANB_281_21   
0     0030057f  _PID_DoubleJoints_CANB_282_22   
0     003005fe  _PID_DoubleJoints_CANB_283_23   
1     0000c2c6  _PID_DoubleJoints_DW            
0     003016e0  _PID_DoubleJoints_GetAngle      
0     00301751  _PID_DoubleJoints_GetAngleSpeed 
0     003016d5  _PID_DoubleJoints_GetAngle_Init 
0     00300675  _PID_DoubleJoints_GetMotorData  
0     003009f4  _PID_DoubleJoints_J1_BG         
0     003009d4  _PID_DoubleJoints_J1_TF         
0     00300903  _PID_DoubleJoints_J1_UM1        
0     00300920  _PID_DoubleJoints_J2_UM1        
0     0030093d  _PID_DoubleJoints_J3_UM1        
0     0030095a  _PID_DoubleJoints_J4_UM1        
0     00300977  _PID_DoubleJoints_J5_UM1        
0     00300994  _PID_DoubleJoints_J6_UM1        
0     003029c2  _PID_DoubleJoints_M             
1     0000c2c4  _PID_DoubleJoints_M_            
1     0000c000  _PID_DoubleJoints_P             
0     00300719  _PID_DoubleJoints_SendDataToGUI 
0     00301c08  _PID_DoubleJoints_Subsystem     
0     00301bbc  _PID_DoubleJoints_Subsystem_Init
0     003007bd  _PID_DoubleJoints_initialize    
0     003007b6  _PID_DoubleJoints_step          
0     00300902  _PID_DoubleJoints_terminate     
0     00300a18  _PID_DoubleJoints_u             
0     00300a11  _PID_DoubleJoints_u_Init        
0     00300690  _PID_DoubleJoints_u_k           
0     00300682  _PID_DoubleJoints_u_k_Start     
0     00301aa3  _PID_Double_PID_Controller1_Init
0     003011fe  _PIE_RESERVED                   
1     00000ce0  _PieCtrlRegs                    
1     00000d00  _PieVectTable                   
0     003028be  _PieVectTableInit               
0     00300f1a  _RTOSINT_ISR                    
0     003025d0  _RamfuncsLoadEnd                
0     003025b1  _RamfuncsLoadStart              
0     00008000  _RamfuncsRunStart               
0     00301168  _SCIRXINTA_ISR                  
0     0030117c  _SCIRXINTB_ISR                  
0     00301154  _SCIRXINTC_ISR                  
0     00301172  _SCITXINTA_ISR                  
0     00301186  _SCITXINTB_ISR                  
0     0030115e  _SCITXINTC_ISR                  
0     00300fba  _SEQ1INT_ISR                    
0     00300fc4  _SEQ2INT_ISR                    
0     003010c8  _SPIRXINTA_ISR                  
0     003010d2  _SPITXINTA_ISR                  
1     00007050  _SciaRegs                       
1     00007750  _ScibRegs                       
1     00007770  _ScicRegs                       
1     0000c440  _Send_GUIdata                   
0     00301cd3  _ServiceDog                     
0     00301ca9  _SineSignal                     
0     00301c91  _SineSignal_Init                
0     00301c9f  _SineSignal_Start               
1     00007040  _SpiaRegs                       
1     0000c2c1  _StartRobot                     
1     00007010  _SysCtrlRegs                    
0     00300fec  _TINT0_ISR                      
0     003023c1  _TINT0_isr                      
1     0000c2c2  _TXD                            
1     0000c480  _Tau                            
0     00300f9c  _USER10_ISR                     
0     00300fa6  _USER11_ISR                     
0     00300fb0  _USER12_ISR                     
0     00300f42  _USER1_ISR                      
0     00300f4c  _USER2_ISR                      
0     00300f56  _USER3_ISR                      
0     00300f60  _USER4_ISR                      
0     00300f6a  _USER5_ISR                      
0     00300f74  _USER6_ISR                      
0     00300f7e  _USER7_ISR                      
0     00300f88  _USER8_ISR                      
0     00300f92  _USER9_ISR                      
0     00300ff6  _WAKEINT_ISR                    
0     00300fce  _XINT1_ISR                      
0     00300fd8  _XINT2_ISR                      
0     003011b8  _XINT3_ISR                      
0     003011c2  _XINT4_ISR                      
0     003011cc  _XINT5_ISR                      
0     003011d6  _XINT6_ISR                      
0     003011e0  _XINT7_ISR                      
1     00007070  _XIntruptRegs                   
1     00000b20  _XintfRegs                      
1     00000600  __STACK_END                     
abs   00000200  __STACK_SIZE                    
1     0000c566  ___TI_cleanup_ptr               
1     0000c568  ___TI_dtors_ptr                 
1     0000c564  ___TI_enable_exit_profile_output
abs   ffffffff  ___TI_pprof_out_hndl            
abs   ffffffff  ___TI_prof_data_size            
abs   ffffffff  ___TI_prof_data_start           
abs   ffffffff  ___binit__                      
1     0000c000  ___bss__                        
abs   ffffffff  ___c_args__                     
0     003025d0  ___cinit__                      
1     0000c000  ___data__                       
1     0000c000  ___edata__                      
1     0000c000  ___end__                        
0     003025b1  ___etext__                      
abs   ffffffff  ___pinit__                      
0     00300000  ___text__                       
0     00302562  __args_main                     
1     0000c2be  __lock                          
0     003025a5  __nop                           
0     003025a1  __register_lock                 
0     0030259d  __register_unlock               
1     00000400  __stack                         
0     003025b0  __system_post_cinit             
0     003025ae  __system_pre_init               
1     0000c43e  __unlock                        
0     003024b0  _abort                          
0     00301e42  _byteswap_L8cmp                 
0     00302582  _c2000_flash_init               
0     0030231a  _c_int00                        
0     003022c2  _ceil                           
0     003022c2  _ceilf                          
0     00301684  _config_eCAN_A_mbx              
0     00301588  _config_eCAN_B_mbx              
0     003023bf  _configureGPIOExtInterrupt      
0     00302449  _configureTimer0                
0     00302501  _copy_in                        
0     00302478  _disableTimer0Interrupt         
0     00302370  _disableWatchdog                
1     0000c524  _dq                             
1     0000c530  _e                              
0     003023c0  _enableExtInterrupt             
0     00302470  _enableTimer0Interrupt          
1     0000c2c0  _enable_tx                      
0     003024b2  _exit                           
0     00302210  _floor                          
0     00302210  _floorf                         
0     00301eb7  _fmod                           
0     00301eb7  _fmodf                          
0     0030257f  _globalInterruptDisable         
0     0030257b  _globalInterruptEnable          
0     0030024e  _idle_num0_task_fcn             
0     0030237b  _idletask_num0                  
0     0030237e  _init_SCI                       
0     003023ab  _init_SCI_GPIO                  
0     00301f86  _init_board                     
0     003015d9  _init_eCAN_A                    
0     003014df  _init_eCAN_B                    
0     003021c3  _main                           
0     00302545  _memcpy                         
0     00302591  _memset                         
1     0000c540  _q                              
1     0000c54c  _qd                             
0     003000a2  _qibaozha_joint1                
0     003000e9  _qibaozha_joint2                
0     00300130  _qibaozha_joint3                
0     00300177  _qibaozha_joint4                
0     003001be  _qibaozha_joint5                
0     00300206  _qibaozha_joint6                
0     00301208  _rsvd_ISR                       
0     00302405  _rtGetInf                       
0     0030241e  _rtGetInfF                      
0     00302427  _rtGetMinusInf                  
0     00302440  _rtGetMinusInfF                 
0     00302486  _rtGetNaN                       
0     0030249f  _rtGetNaNF                      
1     0000c558  _rtInf                          
1     0000c55e  _rtInfF                         
0     00302042  _rtIsInf                        
0     0030205a  _rtIsInfF                       
0     00302072  _rtIsNaN                        
0     00302095  _rtIsNaNF                       
1     0000c55a  _rtMinusInf                     
1     0000c560  _rtMinusInfF                    
1     0000c55c  _rtNaN                          
1     0000c562  _rtNaNF                         
0     0030201a  _rt_InitInfAndNaN               
0     003021af  _rt_OneStep                     
0     00301dc2  _scia_rcv                       
0     00301e75  _scia_xmit                      
0     00302269  _sin                            
0     00302269  _sinf                           
1     0000c47e  _stopRequested                  
abs   ffffffff  binit                           
0     003025d0  cinit                           
0     0033fff6  code_start                      
1     0000c000  edata                           
1     0000c000  end                             
0     003025b1  etext                           
abs   ffffffff  pinit                           


GLOBAL SYMBOLS: SORTED BY Symbol Address 

page  address   name                            
----  -------   ----                            
0     00008000  _InitFlash                      
0     00008000  _RamfuncsRunStart               
0     0000801b  _DSP28x_usDelay                 
0     00300000  .text                           
0     00300000  _MO_config_eCAN_B_mbx           
0     00300000  ___text__                       
0     00300051  _MO_config_eCAN_A_mbx           
0     003000a2  _qibaozha_joint1                
0     003000e9  _qibaozha_joint2                
0     00300130  _qibaozha_joint3                
0     00300177  _qibaozha_joint4                
0     003001be  _qibaozha_joint5                
0     00300206  _qibaozha_joint6                
0     0030024e  _idle_num0_task_fcn             
0     00300366  _PID_DoubleJoi_CANA_284_24_Start
0     0030037b  _PID_DoubleJoints_CANA_284_24   
0     003003e7  _PID_DoubleJoi_CANA_285_25_Start
0     003003fc  _PID_DoubleJoints_CANA_285_25   
0     00300468  _PID_DoubleJoi_CANA_286_26_Start
0     0030047d  _PID_DoubleJoints_CANA_286_26   
0     003004e9  _PID_DoubleJoi_CANB_281_21_Start
0     003004fe  _PID_DoubleJoints_CANB_281_21   
0     0030056a  _PID_DoubleJoi_CANB_282_22_Start
0     0030057f  _PID_DoubleJoints_CANB_282_22   
0     003005e9  _PID_DoubleJoi_CANB_283_23_Start
0     003005fe  _PID_DoubleJoints_CANB_283_23   
0     00300668  _PID_DoubleJo_GetMotorData_Start
0     00300675  _PID_DoubleJoints_GetMotorData  
0     00300682  _PID_DoubleJoints_u_k_Start     
0     00300690  _PID_DoubleJoints_u_k           
0     00300712  _PID_DoubleJo_SendDataToGUI_Init
0     00300719  _PID_DoubleJoints_SendDataToGUI 
0     003007b6  _PID_DoubleJoints_step          
0     003007bd  _PID_DoubleJoints_initialize    
0     00300902  _PID_DoubleJoints_terminate     
0     00300903  _PID_DoubleJoints_J1_UM1        
0     00300920  _PID_DoubleJoints_J2_UM1        
0     0030093d  _PID_DoubleJoints_J3_UM1        
0     0030095a  _PID_DoubleJoints_J4_UM1        
0     00300977  _PID_DoubleJoints_J5_UM1        
0     00300994  _PID_DoubleJoints_J6_UM1        
0     003009b1  _PID_Do_StartRobotSubsystem_Init
0     003009b8  _PID_DoubleJ_StartRobotSubsystem
0     003009d4  _PID_DoubleJoints_J1_TF         
0     003009f4  _PID_DoubleJoints_J1_BG         
0     00300a11  _PID_DoubleJoints_u_Init        
0     00300a18  _PID_DoubleJoints_u             
0     00300d77  _DrivrMotor_Init                
0     00300d7a  _DrivrMotor_Start               
0     00300d93  _DrivrMotor                     
0     00300efc  _INT13_ISR                      
0     00300f06  _INT14_ISR                      
0     00300f10  _DATALOG_ISR                    
0     00300f1a  _RTOSINT_ISR                    
0     00300f24  _EMUINT_ISR                     
0     00300f2e  _NMI_ISR                        
0     00300f38  _ILLEGAL_ISR                    
0     00300f42  _USER1_ISR                      
0     00300f4c  _USER2_ISR                      
0     00300f56  _USER3_ISR                      
0     00300f60  _USER4_ISR                      
0     00300f6a  _USER5_ISR                      
0     00300f74  _USER6_ISR                      
0     00300f7e  _USER7_ISR                      
0     00300f88  _USER8_ISR                      
0     00300f92  _USER9_ISR                      
0     00300f9c  _USER10_ISR                     
0     00300fa6  _USER11_ISR                     
0     00300fb0  _USER12_ISR                     
0     00300fba  _SEQ1INT_ISR                    
0     00300fc4  _SEQ2INT_ISR                    
0     00300fce  _XINT1_ISR                      
0     00300fd8  _XINT2_ISR                      
0     00300fe2  _ADCINT_ISR                     
0     00300fec  _TINT0_ISR                      
0     00300ff6  _WAKEINT_ISR                    
0     00301000  _EPWM1_TZINT_ISR                
0     0030100a  _EPWM2_TZINT_ISR                
0     00301014  _EPWM3_TZINT_ISR                
0     0030101e  _EPWM4_TZINT_ISR                
0     00301028  _EPWM5_TZINT_ISR                
0     00301032  _EPWM6_TZINT_ISR                
0     0030103c  _EPWM1_INT_ISR                  
0     00301046  _EPWM2_INT_ISR                  
0     00301050  _EPWM3_INT_ISR                  
0     0030105a  _EPWM4_INT_ISR                  
0     00301064  _EPWM5_INT_ISR                  
0     0030106e  _EPWM6_INT_ISR                  
0     00301078  _ECAP1_INT_ISR                  
0     00301082  _ECAP2_INT_ISR                  
0     0030108c  _ECAP3_INT_ISR                  
0     00301096  _ECAP4_INT_ISR                  
0     003010a0  _ECAP5_INT_ISR                  
0     003010aa  _ECAP6_INT_ISR                  
0     003010b4  _EQEP1_INT_ISR                  
0     003010be  _EQEP2_INT_ISR                  
0     003010c8  _SPIRXINTA_ISR                  
0     003010d2  _SPITXINTA_ISR                  
0     003010dc  _MRINTB_ISR                     
0     003010e6  _MXINTB_ISR                     
0     003010f0  _MRINTA_ISR                     
0     003010fa  _MXINTA_ISR                     
0     00301104  _DINTCH1_ISR                    
0     0030110e  _DINTCH2_ISR                    
0     00301118  _DINTCH3_ISR                    
0     00301122  _DINTCH4_ISR                    
0     0030112c  _DINTCH5_ISR                    
0     00301136  _DINTCH6_ISR                    
0     00301140  _I2CINT1A_ISR                   
0     0030114a  _I2CINT2A_ISR                   
0     00301154  _SCIRXINTC_ISR                  
0     0030115e  _SCITXINTC_ISR                  
0     00301168  _SCIRXINTA_ISR                  
0     00301172  _SCITXINTA_ISR                  
0     0030117c  _SCIRXINTB_ISR                  
0     00301186  _SCITXINTB_ISR                  
0     00301190  _ECAN0INTA_ISR                  
0     0030119a  _ECAN1INTA_ISR                  
0     003011a4  _ECAN0INTB_ISR                  
0     003011ae  _ECAN1INTB_ISR                  
0     003011b8  _XINT3_ISR                      
0     003011c2  _XINT4_ISR                      
0     003011cc  _XINT5_ISR                      
0     003011d6  _XINT6_ISR                      
0     003011e0  _XINT7_ISR                      
0     003011ea  _LVF_ISR                        
0     003011f4  _LUF_ISR                        
0     003011fe  _PIE_RESERVED                   
0     00301208  _rsvd_ISR                       
0     00301212  _DynamicsController_Init        
0     00301263  _DynamicsController_Start       
0     003012e4  _DynamicsController             
0     003014df  _init_eCAN_B                    
0     00301588  _config_eCAN_B_mbx              
0     003015d9  _init_eCAN_A                    
0     00301684  _config_eCAN_A_mbx              
0     003016d5  _PID_DoubleJoints_GetAngle_Init 
0     003016e0  _PID_DoubleJoints_GetAngle      
0     00301748  _PID_DoubleJo_GetAngleSpeed_Init
0     00301751  _PID_DoubleJoints_GetAngleSpeed 
0     003017d8  _GetAngleVelocity_Init          
0     00301821  _GetAngleVelocity               
0     003018c6  _Compensate                     
0     00301aa3  _PID_Double_PID_Controller1_Init
0     00301ab0  _PID_DoubleJoint_PID_Controller1
0     00301b14  _PID_Controller_Init            
0     00301b39  _PID_Controller                 
0     00301bbc  _PID_DoubleJoints_Subsystem_Init
0     00301be6  _PID_DoubleJoint_Subsystem_Start
0     00301c08  _PID_DoubleJoints_Subsystem     
0     00301c91  _SineSignal_Init                
0     00301c9f  _SineSignal_Start               
0     00301ca9  _SineSignal                     
0     00301cca  _InitSysCtrl                    
0     00301cd3  _ServiceDog                     
0     00301cdd  _DisableDog                     
0     00301ce5  _InitPll                        
0     00301d36  _InitPeripheralClocks           
0     00301d91  _CsmUnlock                      
0     00301dc2  _scia_rcv                       
0     00301e42  _byteswap_L8cmp                 
0     00301e75  _scia_xmit                      
0     00301eb7  _fmod                           
0     00301eb7  _fmodf                          
0     00301f86  _init_board                     
0     00301ffb  _InitXintf16Gpio                
0     0030201a  _rt_InitInfAndNaN               
0     00302042  _rtIsInf                        
0     0030205a  _rtIsInfF                       
0     00302072  _rtIsNaN                        
0     00302095  _rtIsNaNF                       
0     003020ac  FS$$DIV                         
0     00302134  _InitCpuTimers                  
0     00302175  _ConfigCpuTimer                 
0     003021af  _rt_OneStep                     
0     003021c3  _main                           
0     00302210  _floor                          
0     00302210  _floorf                         
0     00302269  _sin                            
0     00302269  _sinf                           
0     003022c2  _ceil                           
0     003022c2  _ceilf                          
0     0030231a  _c_int00                        
0     00302370  _disableWatchdog                
0     0030237b  _idletask_num0                  
0     0030237e  _init_SCI                       
0     003023ab  _init_SCI_GPIO                  
0     003023bf  _configureGPIOExtInterrupt      
0     003023c0  _enableExtInterrupt             
0     003023c1  _TINT0_isr                      
0     00302405  _rtGetInf                       
0     0030241e  _rtGetInfF                      
0     00302427  _rtGetMinusInf                  
0     00302440  _rtGetMinusInfF                 
0     00302449  _configureTimer0                
0     00302470  _enableTimer0Interrupt          
0     00302478  _disableTimer0Interrupt         
0     00302486  _rtGetNaN                       
0     0030249f  _rtGetNaNF                      
0     003024b0  C$$EXIT                         
0     003024b0  _abort                          
0     003024b2  _exit                           
0     003024d9  _InitPieCtrl                    
0     003024f8  _EnableInterrupts               
0     00302501  _copy_in                        
0     00302525  _InitPieVectTable               
0     00302545  _memcpy                         
0     00302562  __args_main                     
0     0030257b  _globalInterruptEnable          
0     0030257f  _globalInterruptDisable         
0     00302582  _c2000_flash_init               
0     00302591  _memset                         
0     0030259d  __register_unlock               
0     003025a1  __register_lock                 
0     003025a5  __nop                           
0     003025ae  __system_pre_init               
0     003025b0  __system_post_cinit             
0     003025b1  _RamfuncsLoadStart              
0     003025b1  ___etext__                      
0     003025b1  etext                           
0     003025d0  _RamfuncsLoadEnd                
0     003025d0  ___cinit__                      
0     003025d0  cinit                           
0     003028be  _PieVectTableInit               
0     003029c2  _PID_DoubleJoints_M             
0     0033fff6  code_start                      
0     00380080  _ADC_cal                        
1     00000400  __stack                         
1     00000600  __STACK_END                     
1     00000880  _DevEmuRegs                     
1     00000a80  _FlashRegs                      
1     00000ae0  _CsmRegs                        
1     00000b00  _AdcMirror                      
1     00000b20  _XintfRegs                      
1     00000c00  _CpuTimer0Regs                  
1     00000c08  _CpuTimer1Regs                  
1     00000c10  _CpuTimer2Regs                  
1     00000ce0  _PieCtrlRegs                    
1     00000d00  _PieVectTable                   
1     00001000  _DmaRegs                        
1     00005000  _McbspaRegs                     
1     00005040  _McbspbRegs                     
1     00006000  _ECanaRegs                      
1     00006040  _ECanaLAMRegs                   
1     00006080  _ECanaMOTSRegs                  
1     000060c0  _ECanaMOTORegs                  
1     00006100  _ECanaMboxes                    
1     00006200  _ECanbRegs                      
1     00006240  _ECanbLAMRegs                   
1     00006280  _ECanbMOTSRegs                  
1     000062c0  _ECanbMOTORegs                  
1     00006300  _ECanbMboxes                    
1     00006800  _EPwm1Regs                      
1     00006840  _EPwm2Regs                      
1     00006880  _EPwm3Regs                      
1     000068c0  _EPwm4Regs                      
1     00006900  _EPwm5Regs                      
1     00006940  _EPwm6Regs                      
1     00006a00  _ECap1Regs                      
1     00006a20  _ECap2Regs                      
1     00006a40  _ECap3Regs                      
1     00006a60  _ECap4Regs                      
1     00006a80  _ECap5Regs                      
1     00006aa0  _ECap6Regs                      
1     00006b00  _EQep1Regs                      
1     00006b40  _EQep2Regs                      
1     00006f80  _GpioCtrlRegs                   
1     00006fc0  _GpioDataRegs                   
1     00006fe0  _GpioIntRegs                    
1     00007010  _SysCtrlRegs                    
1     00007040  _SpiaRegs                       
1     00007050  _SciaRegs                       
1     00007070  _XIntruptRegs                   
1     00007100  _AdcRegs                        
1     00007750  _ScibRegs                       
1     00007770  _ScicRegs                       
1     00007900  _I2caRegs                       
1     0000c000  .bss                            
1     0000c000  .data                           
1     0000c000  _PID_DoubleJoints_P             
1     0000c000  ___bss__                        
1     0000c000  ___data__                       
1     0000c000  ___edata__                      
1     0000c000  ___end__                        
1     0000c000  edata                           
1     0000c000  end                             
1     0000c2b6  _MO_Order                       
1     0000c2be  __lock                          
1     0000c2c0  _enable_tx                      
1     0000c2c1  _StartRobot                     
1     0000c2c2  _TXD                            
1     0000c2c4  _PID_DoubleJoints_M_            
1     0000c2c6  _PID_DoubleJoints_DW            
1     0000c300  _PID_DoubleJoints_B             
1     0000c43e  __unlock                        
1     0000c440  _Send_GUIdata                   
1     0000c464  _CpuTimer0                      
1     0000c46c  _CpuTimer1                      
1     0000c474  _CpuTimer2                      
1     0000c47c  _IsrOverrun                     
1     0000c47e  _stopRequested                  
1     0000c480  _Tau                            
1     0000c498  _CAN_DATATYPE_GROUND            
1     0000c4a8  _J1                             
1     0000c4b4  _J2                             
1     0000c4c0  _J3                             
1     0000c4cc  _J4                             
1     0000c4d8  _J5                             
1     0000c4e4  _J6                             
1     0000c4f0  _J7                             
1     0000c500  _Motor_Current                  
1     0000c50c  _Motor_Position                 
1     0000c518  _Motor_Velocity                 
1     0000c524  _dq                             
1     0000c530  _e                              
1     0000c540  _q                              
1     0000c54c  _qd                             
1     0000c558  _rtInf                          
1     0000c55a  _rtMinusInf                     
1     0000c55c  _rtNaN                          
1     0000c55e  _rtInfF                         
1     0000c560  _rtMinusInfF                    
1     0000c562  _rtNaNF                         
1     0000c564  ___TI_enable_exit_profile_output
1     0000c566  ___TI_cleanup_ptr               
1     0000c568  ___TI_dtors_ptr                 
1     0033fff8  _CsmPwl                         
abs   00000200  __STACK_SIZE                    
abs   ffffffff  ___TI_pprof_out_hndl            
abs   ffffffff  ___TI_prof_data_size            
abs   ffffffff  ___TI_prof_data_start           
abs   ffffffff  ___binit__                      
abs   ffffffff  ___c_args__                     
abs   ffffffff  ___pinit__                      
abs   ffffffff  binit                           
abs   ffffffff  pinit                           

[336 symbols]
