******************************************************************************
             TMS320C2000 Linker PC v18.12.1                    
******************************************************************************
>> Linked Wed Jan  8 17:46:08 2020

OUTPUT FILE NAME:   <../SingleJoint_Algorithm1.out>
ENTRY POINT SYMBOL: "_c_int00"  address: 00301ab6


MEMORY CONFIGURATION

         name            origin    length      used     unused   attr    fill
----------------------  --------  ---------  --------  --------  ----  --------
PAGE 0:
  BEGINRAM              00000000   00000002  00000000  00000002  RWIX
  RAMM0                 00000002   000003fe  00000000  000003fe  RWIX
  RAML0L3               00008000   00004000  0000001f  00003fe1  RWIX
  ZONE7P                00200000   00010000  00000000  00010000  RWIX
  FLASH                 00300000   0003fff6  00001fe6  0003e010  RWIX
  BEGINFLASH            0033fff6   00000002  00000002  00000000  RWIX
  ADC_CAL               00380080   00000009  00000007  00000002  RWIX
  OTP                   00380400   00000400  00000000  00000400  RWIX
  CSM_PWL               003f7ff8   00000008  00000000  00000008  RWIX
  IQTABLES              003fe000   00000b50  00000000  00000b50  RWIX
  IQTABLES2             003feb50   0000008c  00000000  0000008c  RWIX
  FPUTABLES             003febdc   000006a0  00000000  000006a0  RWIX
  ROM                   003ff27c   00000d44  00000000  00000d44  RWIX
  RESET                 003fffc0   00000002  00000000  00000002  RWIX
  VECTORS               003fffc2   0000003e  00000000  0000003e  RWIX

PAGE 1:
  RAMM1                 00000400   00000400  00000200  00000200  RWIX
  DEV_EMU               00000880   00000180  000000d0  000000b0  RWIX
  FLASH_REGS            00000a80   00000060  00000008  00000058  RWIX
  CSM                   00000ae0   00000010  00000010  00000000  RWIX
  ADC_MIRROR            00000b00   00000010  00000010  00000000  RWIX
  XINTF                 00000b20   00000020  0000001e  00000002  RWIX
  CPU_TIMER0            00000c00   00000008  00000008  00000000  RWIX
  CPU_TIMER1            00000c08   00000008  00000008  00000000  RWIX
  CPU_TIMER2            00000c10   00000008  00000008  00000000  RWIX
  PIE_CTRL              00000ce0   00000020  0000001a  00000006  RWIX
  PIE_VECT              00000d00   00000100  00000100  00000000  RWIX
  DMA                   00001000   00000200  000000e0  00000120  RWIX
  MCBSPA                00005000   00000040  00000025  0000001b  RWIX
  MCBSPB                00005040   00000040  00000025  0000001b  RWIX
  ECANA                 00006000   00000040  00000034  0000000c  RWIX
  ECANA_LAM             00006040   00000040  00000040  00000000  RWIX
  ECANA_MOTS            00006080   00000040  00000040  00000000  RWIX
  ECANA_MOTO            000060c0   00000040  00000040  00000000  RWIX
  ECANA_MBOX            00006100   00000100  00000100  00000000  RWIX
  ECANB                 00006200   00000040  00000034  0000000c  RWIX
  ECANB_LAM             00006240   00000040  00000040  00000000  RWIX
  ECANB_MOTS            00006280   00000040  00000040  00000000  RWIX
  ECANB_MOTO            000062c0   00000040  00000040  00000000  RWIX
  ECANB_MBOX            00006300   00000100  00000100  00000000  RWIX
  EPWM1                 00006800   00000022  00000022  00000000  RWIX
  EPWM2                 00006840   00000022  00000022  00000000  RWIX
  EPWM3                 00006880   00000022  00000022  00000000  RWIX
  EPWM4                 000068c0   00000022  00000022  00000000  RWIX
  EPWM5                 00006900   00000022  00000022  00000000  RWIX
  EPWM6                 00006940   00000022  00000022  00000000  RWIX
  ECAP1                 00006a00   00000020  00000020  00000000  RWIX
  ECAP2                 00006a20   00000020  00000020  00000000  RWIX
  ECAP3                 00006a40   00000020  00000020  00000000  RWIX
  ECAP4                 00006a60   00000020  00000020  00000000  RWIX
  ECAP5                 00006a80   00000020  00000020  00000000  RWIX
  ECAP6                 00006aa0   00000020  00000020  00000000  RWIX
  EQEP1                 00006b00   00000040  00000040  00000000  RWIX
  EQEP2                 00006b40   00000040  00000040  00000000  RWIX
  GPIOCTRL              00006f80   00000040  0000002e  00000012  RWIX
  GPIODAT               00006fc0   00000020  00000020  00000000  RWIX
  GPIOINT               00006fe0   00000020  0000000a  00000016  RWIX
  SYSTEM                00007010   00000020  00000020  00000000  RWIX
  SPIA                  00007040   00000010  00000010  00000000  RWIX
  SCIA                  00007050   00000010  00000010  00000000  RWIX
  XINTRUPT              00007070   00000010  00000010  00000000  RWIX
  ADC                   00007100   00000020  0000001e  00000002  RWIX
  SCIB                  00007750   00000010  00000010  00000000  RWIX
  SCIC                  00007770   00000010  00000010  00000000  RWIX
  I2CA                  00007900   00000040  00000022  0000001e  RWIX
  RAML4L7               0000c000   00004000  000002e6  00003d1a  RWIX
  ZONE7D                00210000   00010000  00000000  00010000  RWIX
  CSM_PWL               0033fff8   00000008  00000008  00000000  RWIX


SECTION ALLOCATION MAP

 output                                  attributes/
section   page    origin      length       input sections
--------  ----  ----------  ----------   ----------------
DevEmuRegsFile 
*          1    00000880    000000d0     UNINITIALIZED
                  00000880    000000d0     DSP2833x_GlobalVariableDefs.obj (DevEmuRegsFile)

FlashRegsFile 
*          1    00000a80    00000008     UNINITIALIZED
                  00000a80    00000008     DSP2833x_GlobalVariableDefs.obj (FlashRegsFile)

CsmRegsFile 
*          1    00000ae0    00000010     UNINITIALIZED
                  00000ae0    00000010     DSP2833x_GlobalVariableDefs.obj (CsmRegsFile)

AdcMirrorFile 
*          1    00000b00    00000010     UNINITIALIZED
                  00000b00    00000010     DSP2833x_GlobalVariableDefs.obj (AdcMirrorFile)

XintfRegsFile 
*          1    00000b20    0000001e     UNINITIALIZED
                  00000b20    0000001e     DSP2833x_GlobalVariableDefs.obj (XintfRegsFile)

CpuTimer0RegsFile 
*          1    00000c00    00000008     UNINITIALIZED
                  00000c00    00000008     DSP2833x_GlobalVariableDefs.obj (CpuTimer0RegsFile)

CpuTimer1RegsFile 
*          1    00000c08    00000008     UNINITIALIZED
                  00000c08    00000008     DSP2833x_GlobalVariableDefs.obj (CpuTimer1RegsFile)

CpuTimer2RegsFile 
*          1    00000c10    00000008     UNINITIALIZED
                  00000c10    00000008     DSP2833x_GlobalVariableDefs.obj (CpuTimer2RegsFile)

PieCtrlRegsFile 
*          1    00000ce0    0000001a     UNINITIALIZED
                  00000ce0    0000001a     DSP2833x_GlobalVariableDefs.obj (PieCtrlRegsFile)

PieVectTableFile 
*          1    00000d00    00000100     UNINITIALIZED
                  00000d00    00000100     DSP2833x_GlobalVariableDefs.obj (PieVectTableFile)

DmaRegsFile 
*          1    00001000    000000e0     UNINITIALIZED
                  00001000    000000e0     DSP2833x_GlobalVariableDefs.obj (DmaRegsFile)

McbspaRegsFile 
*          1    00005000    00000025     UNINITIALIZED
                  00005000    00000025     DSP2833x_GlobalVariableDefs.obj (McbspaRegsFile)

McbspbRegsFile 
*          1    00005040    00000025     UNINITIALIZED
                  00005040    00000025     DSP2833x_GlobalVariableDefs.obj (McbspbRegsFile)

ECanaRegsFile 
*          1    00006000    00000034     UNINITIALIZED
                  00006000    00000034     DSP2833x_GlobalVariableDefs.obj (ECanaRegsFile)

ECanaLAMRegsFile 
*          1    00006040    00000040     UNINITIALIZED
                  00006040    00000040     DSP2833x_GlobalVariableDefs.obj (ECanaLAMRegsFile)

ECanaMOTSRegsFile 
*          1    00006080    00000040     UNINITIALIZED
                  00006080    00000040     DSP2833x_GlobalVariableDefs.obj (ECanaMOTSRegsFile)

ECanaMOTORegsFile 
*          1    000060c0    00000040     UNINITIALIZED
                  000060c0    00000040     DSP2833x_GlobalVariableDefs.obj (ECanaMOTORegsFile)

ECanaMboxesFile 
*          1    00006100    00000100     UNINITIALIZED
                  00006100    00000100     DSP2833x_GlobalVariableDefs.obj (ECanaMboxesFile)

ECanbRegsFile 
*          1    00006200    00000034     UNINITIALIZED
                  00006200    00000034     DSP2833x_GlobalVariableDefs.obj (ECanbRegsFile)

ECanbLAMRegsFile 
*          1    00006240    00000040     UNINITIALIZED
                  00006240    00000040     DSP2833x_GlobalVariableDefs.obj (ECanbLAMRegsFile)

ECanbMOTSRegsFile 
*          1    00006280    00000040     UNINITIALIZED
                  00006280    00000040     DSP2833x_GlobalVariableDefs.obj (ECanbMOTSRegsFile)

ECanbMOTORegsFile 
*          1    000062c0    00000040     UNINITIALIZED
                  000062c0    00000040     DSP2833x_GlobalVariableDefs.obj (ECanbMOTORegsFile)

ECanbMboxesFile 
*          1    00006300    00000100     UNINITIALIZED
                  00006300    00000100     DSP2833x_GlobalVariableDefs.obj (ECanbMboxesFile)

EPwm1RegsFile 
*          1    00006800    00000022     UNINITIALIZED
                  00006800    00000022     DSP2833x_GlobalVariableDefs.obj (EPwm1RegsFile)

EPwm2RegsFile 
*          1    00006840    00000022     UNINITIALIZED
                  00006840    00000022     DSP2833x_GlobalVariableDefs.obj (EPwm2RegsFile)

EPwm3RegsFile 
*          1    00006880    00000022     UNINITIALIZED
                  00006880    00000022     DSP2833x_GlobalVariableDefs.obj (EPwm3RegsFile)

EPwm4RegsFile 
*          1    000068c0    00000022     UNINITIALIZED
                  000068c0    00000022     DSP2833x_GlobalVariableDefs.obj (EPwm4RegsFile)

EPwm5RegsFile 
*          1    00006900    00000022     UNINITIALIZED
                  00006900    00000022     DSP2833x_GlobalVariableDefs.obj (EPwm5RegsFile)

EPwm6RegsFile 
*          1    00006940    00000022     UNINITIALIZED
                  00006940    00000022     DSP2833x_GlobalVariableDefs.obj (EPwm6RegsFile)

ECap1RegsFile 
*          1    00006a00    00000020     UNINITIALIZED
                  00006a00    00000020     DSP2833x_GlobalVariableDefs.obj (ECap1RegsFile)

ECap2RegsFile 
*          1    00006a20    00000020     UNINITIALIZED
                  00006a20    00000020     DSP2833x_GlobalVariableDefs.obj (ECap2RegsFile)

ECap3RegsFile 
*          1    00006a40    00000020     UNINITIALIZED
                  00006a40    00000020     DSP2833x_GlobalVariableDefs.obj (ECap3RegsFile)

ECap4RegsFile 
*          1    00006a60    00000020     UNINITIALIZED
                  00006a60    00000020     DSP2833x_GlobalVariableDefs.obj (ECap4RegsFile)

ECap5RegsFile 
*          1    00006a80    00000020     UNINITIALIZED
                  00006a80    00000020     DSP2833x_GlobalVariableDefs.obj (ECap5RegsFile)

ECap6RegsFile 
*          1    00006aa0    00000020     UNINITIALIZED
                  00006aa0    00000020     DSP2833x_GlobalVariableDefs.obj (ECap6RegsFile)

EQep1RegsFile 
*          1    00006b00    00000040     UNINITIALIZED
                  00006b00    00000040     DSP2833x_GlobalVariableDefs.obj (EQep1RegsFile)

EQep2RegsFile 
*          1    00006b40    00000040     UNINITIALIZED
                  00006b40    00000040     DSP2833x_GlobalVariableDefs.obj (EQep2RegsFile)

GpioCtrlRegsFile 
*          1    00006f80    0000002e     UNINITIALIZED
                  00006f80    0000002e     DSP2833x_GlobalVariableDefs.obj (GpioCtrlRegsFile)

GpioDataRegsFile 
*          1    00006fc0    00000020     UNINITIALIZED
                  00006fc0    00000020     DSP2833x_GlobalVariableDefs.obj (GpioDataRegsFile)

GpioIntRegsFile 
*          1    00006fe0    0000000a     UNINITIALIZED
                  00006fe0    0000000a     DSP2833x_GlobalVariableDefs.obj (GpioIntRegsFile)

SysCtrlRegsFile 
*          1    00007010    00000020     UNINITIALIZED
                  00007010    00000020     DSP2833x_GlobalVariableDefs.obj (SysCtrlRegsFile)

SpiaRegsFile 
*          1    00007040    00000010     UNINITIALIZED
                  00007040    00000010     DSP2833x_GlobalVariableDefs.obj (SpiaRegsFile)

SciaRegsFile 
*          1    00007050    00000010     UNINITIALIZED
                  00007050    00000010     DSP2833x_GlobalVariableDefs.obj (SciaRegsFile)

XIntruptRegsFile 
*          1    00007070    00000010     UNINITIALIZED
                  00007070    00000010     DSP2833x_GlobalVariableDefs.obj (XIntruptRegsFile)

AdcRegsFile 
*          1    00007100    0000001e     UNINITIALIZED
                  00007100    0000001e     DSP2833x_GlobalVariableDefs.obj (AdcRegsFile)

ScibRegsFile 
*          1    00007750    00000010     UNINITIALIZED
                  00007750    00000010     DSP2833x_GlobalVariableDefs.obj (ScibRegsFile)

ScicRegsFile 
*          1    00007770    00000010     UNINITIALIZED
                  00007770    00000010     DSP2833x_GlobalVariableDefs.obj (ScicRegsFile)

I2caRegsFile 
*          1    00007900    00000022     UNINITIALIZED
                  00007900    00000022     DSP2833x_GlobalVariableDefs.obj (I2caRegsFile)

CsmPwlFile 
*          1    0033fff8    00000008     UNINITIALIZED
                  0033fff8    00000008     DSP2833x_GlobalVariableDefs.obj (CsmPwlFile)

.text      0    00300000    00001d41     
                  00300000    000008e5     SingleJoint_Algorithm1.obj (.text)
                  003008e5    000003ea     DynamicsController.obj (.text)
                  00300ccf    00000316     DSP2833x_DefaultIsr.obj (.text:retain)
                  00300fe5    00000228     AdaptiveAlgorithm.obj (.text)
                  0030120d    000001f6     MW_c28xx_can.obj (.text)
                  00301403    000000f8     DSP2833x_SysCtrl.obj (.text)
                  003014fb    000000f5     DSP28xx_SciUtil.obj (.text)
                  003015f0    000000cf     rts2800_fpu32.lib : e_fmodf.c.obj (.text)
                  003016bf    00000094     MW_c28xx_board.obj (.text)
                  00301753    00000092     rt_nonfinite.obj (.text)
                  003017e5    00000088     rts2800_fpu32.lib : fs_div28.asm.obj (.text)
                  0030186d    0000007b     DSP2833x_CpuTimers.obj (.text)
                  003018e8    00000063     rts2800_fpu32.lib : s_cosf.c.obj (.text)
                  0030194b    00000061     ert_main.obj (.text)
                  003019ac    00000059     rts2800_fpu32.lib : s_floorf.c.obj (.text)
                  00301a05    00000059                       : s_sinf.c.obj (.text)
                  00301a5e    00000058                       : s_ceilf.c.obj (.text)
                  00301ab6    00000056                       : boot28.asm.obj (.text)
                  00301b0c    00000051     MW_c28xx_csl.obj (.text)
                  00301b5d    00000044     c2833xSchedulerTimer0.obj (.text:retain)
                  00301ba1    00000044     rtGetInf.obj (.text)
                  00301be5    0000003d     c2833xSchedulerTimer0.obj (.text)
                  00301c22    0000002a     rtGetNaN.obj (.text)
                  00301c4c    00000029     rts2800_fpu32.lib : exit.c.obj (.text)
                  00301c75    00000028     DSP2833x_PieCtrl.obj (.text)
                  00301c9d    00000024     rts2800_fpu32.lib : cpy_tbl.c.obj (.text)
                  00301cc1    00000020     DSP2833x_PieVect.obj (.text)
                  00301ce1    0000001d     rts2800_fpu32.lib : memcpy.c.obj (.text)
                  00301cfe    00000019                       : args_main.c.obj (.text)
                  00301d17    00000016     c2833xBoard_Realtime_Support.obj (.text)
                  00301d2d    00000009     rts2800_fpu32.lib : _lock.c.obj (.text)
                  00301d36    00000008     DSP2833x_CodeStartBranch.obj (.text)
                  00301d3e    00000002     rts2800_fpu32.lib : pre_init.c.obj (.text)
                  00301d40    00000001                       : startup.c.obj (.text)

.bss       1    0000c000    00000000     UNINITIALIZED

.ebss      1    0000c000    000002e6     UNINITIALIZED
                  0000c000    00000140     SingleJoint_Algorithm1_data.obj (.ebss)
                  0000c140    000000c0     SingleJoint_Algorithm1.obj (.ebss)
                  0000c200    00000024     SingleJoint_Algorithm1.obj (.ebss:_Send_GUIdata)
                  0000c224    00000018     DSP2833x_CpuTimers.obj (.ebss)
                  0000c23c    00000003     ert_main.obj (.ebss)
                  0000c23f    00000001     --HOLE--
                  0000c240    00000010     can_datatype_ground.obj (.ebss)
                  0000c250    0000000c     SingleJoint_Algorithm1.obj (.ebss:_J1)
                  0000c25c    0000000c     SingleJoint_Algorithm1.obj (.ebss:_J2)
                  0000c268    0000000c     SingleJoint_Algorithm1.obj (.ebss:_J3)
                  0000c274    0000000c     SingleJoint_Algorithm1.obj (.ebss:_J4)
                  0000c280    0000000c     SingleJoint_Algorithm1.obj (.ebss:_J5)
                  0000c28c    0000000c     SingleJoint_Algorithm1.obj (.ebss:_J6)
                  0000c298    0000000c     SingleJoint_Algorithm1.obj (.ebss:_J7)
                  0000c2a4    0000000c     SingleJoint_Algorithm1.obj (.ebss:_Motor_Current)
                  0000c2b0    0000000c     SingleJoint_Algorithm1.obj (.ebss:_Motor_Position)
                  0000c2bc    00000002     rts2800_fpu32.lib : _lock.c.obj (.ebss:__lock)
                  0000c2be    00000002                       : _lock.c.obj (.ebss:__unlock)
                  0000c2c0    0000000c     SingleJoint_Algorithm1.obj (.ebss:_Motor_Velocity)
                  0000c2cc    0000000c     rt_nonfinite.obj (.ebss)
                  0000c2d8    00000008     SingleJoint_Algorithm1.obj (.ebss:_MO_Order)
                  0000c2e0    00000006     rts2800_fpu32.lib : exit.c.obj (.ebss)

.cinit     0    00301d60    00000178     
                  00301d60    00000143     SingleJoint_Algorithm1_data.obj (.cinit)
                  00301ea3    0000000e     rts2800_fpu32.lib : exit.c.obj (.cinit)
                  00301eb1    0000000c     ert_main.obj (.cinit)
                  00301ebd    0000000b     SingleJoint_Algorithm1.obj (.cinit:_MO_Order)
                  00301ec8    00000005     rts2800_fpu32.lib : _lock.c.obj (.cinit:__lock)
                  00301ecd    00000005                       : _lock.c.obj (.cinit:__unlock)
                  00301ed2    00000004     SingleJoint_Algorithm1.obj (.cinit)
                  00301ed6    00000002     --HOLE-- [fill = 0]

.pinit     0    00300000    00000000     UNINITIALIZED

.econst    0    00301ed8    0000010e     
                  00301ed8    00000100     DSP2833x_PieVect.obj (.econst:_PieVectTableInit)
                  00301fd8    00000004     rts2800_fpu32.lib : e_fmodf.c.obj (.econst:_Zero)
                  00301fdc    00000002     SingleJoint_Algorithm1.obj (.econst)
                  00301fde    00000002     rtGetNaN.obj (.econst:_$P$T0$1)
                  00301fe0    00000002     rts2800_fpu32.lib : e_fmodf.c.obj (.econst)
                  00301fe2    00000002                       : s_ceilf.c.obj (.econst)
                  00301fe4    00000002                       : s_floorf.c.obj (.econst)

.reset     0    003fffc0    00000002     DSECT
                  003fffc0    00000002     rts2800_fpu32.lib : boot28.asm.obj (.reset)

.data      1    0000c000    00000000     UNINITIALIZED

.stack     1    00000400    00000200     UNINITIALIZED
                  00000400    00000200     --HOLE--

codestart 
*          0    0033fff6    00000002     
                  0033fff6    00000002     DSP2833x_CodeStartBranch.obj (codestart)

ramfuncs   0    00301d41    0000001f     RUN ADDR = 00008000
                  00301d41    0000001b     DSP2833x_SysCtrl.obj (ramfuncs)
                  00301d5c    00000004     DSP2833x_usDelay.obj (ramfuncs)

.adc_cal   0    00380080    00000007     NOLOAD SECTION
                  00380080    00000007     DSP2833x_ADC_cal.obj (.adc_cal)

MODULE SUMMARY

       Module                             code   initialized data   uninitialized data
       ------                             ----   ----------------   ------------------
    <current directory>
       DSP2833x_GlobalVariableDefs.obj    0      0                  2678              
       SingleJoint_Algorithm1.obj         2277   17                 356               
       DynamicsController.obj             1002   0                  0                 
       DSP2833x_DefaultIsr.obj            790    0                  0                 
       SingleJoint_Algorithm1_data.obj    0      323                320               
       AdaptiveAlgorithm.obj              552    0                  0                 
       MW_c28xx_can.obj                   502    0                  0                 
       DSP2833x_SysCtrl.obj               302    0                  0                 
       DSP2833x_PieVect.obj               32     256                0                 
       DSP28xx_SciUtil.obj                245    0                  0                 
       rt_nonfinite.obj                   146    0                  12                
       MW_c28xx_board.obj                 148    0                  0                 
       DSP2833x_CpuTimers.obj             123    0                  24                
       c2833xSchedulerTimer0.obj          129    0                  0                 
       ert_main.obj                       97     12                 3                 
       MW_c28xx_csl.obj                   81     0                  0                 
       rtGetInf.obj                       68     0                  0                 
       rtGetNaN.obj                       42     2                  0                 
       DSP2833x_PieCtrl.obj               40     0                  0                 
       c2833xBoard_Realtime_Support.obj   22     0                  0                 
       can_datatype_ground.obj            0      0                  16                
       DSP2833x_CodeStartBranch.obj       10     0                  0                 
       DSP2833x_usDelay.obj               8      0                  0                 
       DSP2833x_ADC_cal.obj               7      0                  0                 
    +--+----------------------------------+------+------------------+--------------------+
       Total:                             6623   610                3409              
                                                                                      
    C:/ti/ccs901/ccs/tools/compiler/TI-CGT~1.LTS/lib/rts2800_fpu32.lib
       e_fmodf.c.obj                      207    6                  0                 
       fs_div28.asm.obj                   136    0                  0                 
       s_cosf.c.obj                       99     0                  0                 
       s_floorf.c.obj                     89     2                  0                 
       s_ceilf.c.obj                      88     2                  0                 
       s_sinf.c.obj                       89     0                  0                 
       boot28.asm.obj                     86     0                  0                 
       exit.c.obj                         41     14                 6                 
       cpy_tbl.c.obj                      36     0                  0                 
       memcpy.c.obj                       29     0                  0                 
       args_main.c.obj                    25     0                  0                 
       _lock.c.obj                        9      10                 4                 
       pre_init.c.obj                     2      0                  0                 
       startup.c.obj                      1      0                  0                 
    +--+----------------------------------+------+------------------+--------------------+
       Total:                             937    34                 10                
                                                                                      
       Stack:                             0      0                  512               
    +--+----------------------------------+------+------------------+--------------------+
       Grand Total:                       7560   644                3931              


GLOBAL DATA SYMBOLS: SORTED BY DATA PAGE

address     data page           name
--------    ----------------    ----
00000400      10 (00000400)     __stack

00000880      22 (00000880)     _DevEmuRegs

00000a80      2a (00000a80)     _FlashRegs

00000ae0      2b (00000ac0)     _CsmRegs

00000b00      2c (00000b00)     _AdcMirror
00000b20      2c (00000b00)     _XintfRegs

00000c00      30 (00000c00)     _CpuTimer0Regs
00000c08      30 (00000c00)     _CpuTimer1Regs
00000c10      30 (00000c00)     _CpuTimer2Regs

00000ce0      33 (00000cc0)     _PieCtrlRegs

00000d00      34 (00000d00)     _PieVectTable

00001000      40 (00001000)     _DmaRegs

00005000     140 (00005000)     _McbspaRegs

00005040     141 (00005040)     _McbspbRegs

00006000     180 (00006000)     _ECanaRegs

00006040     181 (00006040)     _ECanaLAMRegs

00006080     182 (00006080)     _ECanaMOTSRegs

000060c0     183 (000060c0)     _ECanaMOTORegs

00006100     184 (00006100)     _ECanaMboxes

00006200     188 (00006200)     _ECanbRegs

00006240     189 (00006240)     _ECanbLAMRegs

00006280     18a (00006280)     _ECanbMOTSRegs

000062c0     18b (000062c0)     _ECanbMOTORegs

00006300     18c (00006300)     _ECanbMboxes

00006800     1a0 (00006800)     _EPwm1Regs

00006840     1a1 (00006840)     _EPwm2Regs

00006880     1a2 (00006880)     _EPwm3Regs

000068c0     1a3 (000068c0)     _EPwm4Regs

00006900     1a4 (00006900)     _EPwm5Regs

00006940     1a5 (00006940)     _EPwm6Regs

00006a00     1a8 (00006a00)     _ECap1Regs
00006a20     1a8 (00006a00)     _ECap2Regs

00006a40     1a9 (00006a40)     _ECap3Regs
00006a60     1a9 (00006a40)     _ECap4Regs

00006a80     1aa (00006a80)     _ECap5Regs
00006aa0     1aa (00006a80)     _ECap6Regs

00006b00     1ac (00006b00)     _EQep1Regs

00006b40     1ad (00006b40)     _EQep2Regs

00006f80     1be (00006f80)     _GpioCtrlRegs

00006fc0     1bf (00006fc0)     _GpioDataRegs
00006fe0     1bf (00006fc0)     _GpioIntRegs

00007010     1c0 (00007000)     _SysCtrlRegs

00007040     1c1 (00007040)     _SpiaRegs
00007050     1c1 (00007040)     _SciaRegs
00007070     1c1 (00007040)     _XIntruptRegs

00007100     1c4 (00007100)     _AdcRegs

00007750     1dd (00007740)     _ScibRegs
00007770     1dd (00007740)     _ScicRegs

00007900     1e4 (00007900)     _I2caRegs

0000c000     300 (0000c000)     _SingleJoint_Algorithm1_P

0000c140     305 (0000c140)     _enable_tx
0000c141     305 (0000c140)     _StartRobot
0000c142     305 (0000c140)     _One_TXD
0000c144     305 (0000c140)     _SingleJoint_Algorithm1_M_
0000c146     305 (0000c140)     _SingleJoint_Algorithm1_DW

0000c180     306 (0000c180)     _SingleJoint_Algorithm1_B

0000c200     308 (0000c200)     _Send_GUIdata
0000c224     308 (0000c200)     _CpuTimer0
0000c22c     308 (0000c200)     _CpuTimer1
0000c234     308 (0000c200)     _CpuTimer2
0000c23c     308 (0000c200)     _IsrOverrun
0000c23e     308 (0000c200)     _stopRequested

0000c240     309 (0000c240)     _CAN_DATATYPE_GROUND
0000c250     309 (0000c240)     _J1
0000c25c     309 (0000c240)     _J2
0000c268     309 (0000c240)     _J3
0000c274     309 (0000c240)     _J4

0000c280     30a (0000c280)     _J5
0000c28c     30a (0000c280)     _J6
0000c298     30a (0000c280)     _J7
0000c2a4     30a (0000c280)     _Motor_Current
0000c2b0     30a (0000c280)     _Motor_Position
0000c2bc     30a (0000c280)     __lock
0000c2be     30a (0000c280)     __unlock

0000c2c0     30b (0000c2c0)     _Motor_Velocity
0000c2cc     30b (0000c2c0)     _rtInf
0000c2ce     30b (0000c2c0)     _rtMinusInf
0000c2d0     30b (0000c2c0)     _rtNaN
0000c2d2     30b (0000c2c0)     _rtInfF
0000c2d4     30b (0000c2c0)     _rtMinusInfF
0000c2d6     30b (0000c2c0)     _rtNaNF
0000c2d8     30b (0000c2c0)     _MO_Order
0000c2e0     30b (0000c2c0)     ___TI_enable_exit_profile_output
0000c2e2     30b (0000c2c0)     ___TI_cleanup_ptr
0000c2e4     30b (0000c2c0)     ___TI_dtors_ptr

00301ed8    c07b (00301ec0)     _PieVectTableInit

00301fdc    c07f (00301fc0)     _SingleJoint_Algorithm1_M

0033fff8    cfff (0033ffc0)     _CsmPwl


GLOBAL SYMBOLS: SORTED ALPHABETICALLY BY Name 

page  address   name                              
----  -------   ----                              
1     0000c000  .bss                              
1     0000c000  .data                             
0     00300000  .text                             
0     00301c4c  C$$EXIT                           
0     003017e5  FS$$DIV                           
0     00300db5  _ADCINT_ISR                       
0     00380080  _ADC_cal                          
0     003011e7  _AdaptiveAlgorithm                
0     003011df  _AdaptiveAlgorithm_Init           
0     003011e4  _AdaptiveAlgorithm_Start          
1     00000b00  _AdcMirror                        
1     00007100  _AdcRegs                          
1     0000c240  _CAN_DATATYPE_GROUND              
0     003018ae  _ConfigCpuTimer                   
1     0000c224  _CpuTimer0                        
1     00000c00  _CpuTimer0Regs                    
1     0000c22c  _CpuTimer1                        
1     00000c08  _CpuTimer1Regs                    
1     0000c234  _CpuTimer2                        
1     00000c10  _CpuTimer2Regs                    
1     0033fff8  _CsmPwl                           
1     00000ae0  _CsmRegs                          
0     003014ca  _CsmUnlock                        
0     00300ce3  _DATALOG_ISR                      
0     00300ed7  _DINTCH1_ISR                      
0     00300ee1  _DINTCH2_ISR                      
0     00300eeb  _DINTCH3_ISR                      
0     00300ef5  _DINTCH4_ISR                      
0     00300eff  _DINTCH5_ISR                      
0     00300f09  _DINTCH6_ISR                      
0     0000801b  _DSP28x_usDelay                   
1     00000880  _DevEmuRegs                       
0     00301416  _DisableDog                       
1     00001000  _DmaRegs                          
0     00300c29  _DynamicsController               
0     00300c13  _DynamicsController_Init          
0     00300c24  _DynamicsController_Start         
0     00300f63  _ECAN0INTA_ISR                    
0     00300f77  _ECAN0INTB_ISR                    
0     00300f6d  _ECAN1INTA_ISR                    
0     00300f81  _ECAN1INTB_ISR                    
0     00300e4b  _ECAP1_INT_ISR                    
0     00300e55  _ECAP2_INT_ISR                    
0     00300e5f  _ECAP3_INT_ISR                    
0     00300e69  _ECAP4_INT_ISR                    
0     00300e73  _ECAP5_INT_ISR                    
0     00300e7d  _ECAP6_INT_ISR                    
1     00006040  _ECanaLAMRegs                     
1     000060c0  _ECanaMOTORegs                    
1     00006080  _ECanaMOTSRegs                    
1     00006100  _ECanaMboxes                      
1     00006000  _ECanaRegs                        
1     00006240  _ECanbLAMRegs                     
1     000062c0  _ECanbMOTORegs                    
1     00006280  _ECanbMOTSRegs                    
1     00006300  _ECanbMboxes                      
1     00006200  _ECanbRegs                        
1     00006a00  _ECap1Regs                        
1     00006a20  _ECap2Regs                        
1     00006a40  _ECap3Regs                        
1     00006a60  _ECap4Regs                        
1     00006a80  _ECap5Regs                        
1     00006aa0  _ECap6Regs                        
0     00300cf7  _EMUINT_ISR                       
0     00300e0f  _EPWM1_INT_ISR                    
0     00300dd3  _EPWM1_TZINT_ISR                  
0     00300e19  _EPWM2_INT_ISR                    
0     00300ddd  _EPWM2_TZINT_ISR                  
0     00300e23  _EPWM3_INT_ISR                    
0     00300de7  _EPWM3_TZINT_ISR                  
0     00300e2d  _EPWM4_INT_ISR                    
0     00300df1  _EPWM4_TZINT_ISR                  
0     00300e37  _EPWM5_INT_ISR                    
0     00300dfb  _EPWM5_TZINT_ISR                  
0     00300e41  _EPWM6_INT_ISR                    
0     00300e05  _EPWM6_TZINT_ISR                  
1     00006800  _EPwm1Regs                        
1     00006840  _EPwm2Regs                        
1     00006880  _EPwm3Regs                        
1     000068c0  _EPwm4Regs                        
1     00006900  _EPwm5Regs                        
1     00006940  _EPwm6Regs                        
0     00300e87  _EQEP1_INT_ISR                    
0     00300e91  _EQEP2_INT_ISR                    
1     00006b00  _EQep1Regs                        
1     00006b40  _EQep2Regs                        
0     00301c94  _EnableInterrupts                 
1     00000a80  _FlashRegs                        
1     00006f80  _GpioCtrlRegs                     
1     00006fc0  _GpioDataRegs                     
1     00006fe0  _GpioIntRegs                      
0     00300f13  _I2CINT1A_ISR                     
0     00300f1d  _I2CINT2A_ISR                     
1     00007900  _I2caRegs                         
0     00300d0b  _ILLEGAL_ISR                      
0     00300ccf  _INT13_ISR                        
0     00300cd9  _INT14_ISR                        
0     0030186d  _InitCpuTimers                    
0     00008000  _InitFlash                        
0     0030146f  _InitPeripheralClocks             
0     00301c75  _InitPieCtrl                      
0     00301cc1  _InitPieVectTable                 
0     0030141e  _InitPll                          
0     00301403  _InitSysCtrl                      
0     00301734  _InitXintf16Gpio                  
1     0000c23c  _IsrOverrun                       
1     0000c250  _J1                               
1     0000c25c  _J2                               
1     0000c268  _J3                               
1     0000c274  _J4                               
1     0000c280  _J5                               
1     0000c28c  _J6                               
1     0000c298  _J7                               
0     00300fc7  _LUF_ISR                          
0     00300fbd  _LVF_ISR                          
1     0000c2d8  _MO_Order                         
0     00300051  _MO_config_eCAN_A_mbx             
0     00300000  _MO_config_eCAN_B_mbx             
0     00300ec3  _MRINTA_ISR                       
0     00300eaf  _MRINTB_ISR                       
0     00300ecd  _MXINTA_ISR                       
0     00300eb9  _MXINTB_ISR                       
1     00005000  _McbspaRegs                       
1     00005040  _McbspbRegs                       
1     0000c2a4  _Motor_Current                    
1     0000c2b0  _Motor_Position                   
1     0000c2c0  _Motor_Velocity                   
0     00300d01  _NMI_ISR                          
1     0000c142  _One_TXD                          
0     00300fd1  _PIE_RESERVED                     
1     00000ce0  _PieCtrlRegs                      
1     00000d00  _PieVectTable                     
0     00301ed8  _PieVectTableInit                 
0     00300ced  _RTOSINT_ISR                      
0     00301d60  _RamfuncsLoadEnd                  
0     00301d41  _RamfuncsLoadStart                
0     00008000  _RamfuncsRunStart                 
0     00300f3b  _SCIRXINTA_ISR                    
0     00300f4f  _SCIRXINTB_ISR                    
0     00300f27  _SCIRXINTC_ISR                    
0     00300f45  _SCITXINTA_ISR                    
0     00300f59  _SCITXINTB_ISR                    
0     00300f31  _SCITXINTC_ISR                    
0     00300d8d  _SEQ1INT_ISR                      
0     00300d97  _SEQ2INT_ISR                      
0     00300e9b  _SPIRXINTA_ISR                    
0     00300ea5  _SPITXINTA_ISR                    
1     00007050  _SciaRegs                         
1     00007750  _ScibRegs                         
1     00007770  _ScicRegs                         
1     0000c200  _Send_GUIdata                     
0     0030140c  _ServiceDog                       
0     00300a4e  _SingleJoin_DriverOneMotor_Start  
0     00300366  _SingleJoint_A_CANA_284_24_Start  
0     003003e7  _SingleJoint_A_CANA_285_25_Start  
0     00300468  _SingleJoint_A_CANA_286_26_Start  
0     003004e9  _SingleJoint_A_CANB_281_21_Start  
0     0030056a  _SingleJoint_A_CANB_282_22_Start  
0     003005e9  _SingleJoint_A_CANB_283_23_Start  
0     00301038  _SingleJoint_Alg_Controller_Init  
0     00300fe5  _SingleJoint_Alg_Subsystem1_Init  
0     003010ef  _SingleJoint_Alg_Subsystem_Start  
0     00300a5f  _SingleJoint_Algo_DriverOneMotor  
0     003010c4  _SingleJoint_Algo_Subsystem_Init  
0     00300b8c  _SingleJoint_Algor_GetAngleSpeed  
0     00300b10  _SingleJoint_Algor_GetAngle_Init  
0     00300713  _SingleJoint_Algor_SendDataToGUI  
0     00300675  _SingleJoint_Algori_GetMotorData  
0     0030037b  _SingleJoint_Algorit_CANA_284_24  
0     003003fc  _SingleJoint_Algorit_CANA_285_25  
0     0030047d  _SingleJoint_Algorit_CANA_286_26  
0     003004fe  _SingleJoint_Algorit_CANB_281_21  
0     0030057f  _SingleJoint_Algorit_CANB_282_22  
0     003005fe  _SingleJoint_Algorit_CANB_283_23  
0     0030117b  _SingleJoint_Algorit_Error_Start  
0     0030104b  _SingleJoint_Algorith_Controller  
0     0030116c  _SingleJoint_Algorith_Error_Init  
0     00300ff2  _SingleJoint_Algorith_Subsystem1  
1     0000c180  _SingleJoint_Algorithm1_B         
1     0000c146  _SingleJoint_Algorithm1_DW        
0     0030117e  _SingleJoint_Algorithm1_Error     
0     00300b1b  _SingleJoint_Algorithm1_GetAngle  
0     00301fdc  _SingleJoint_Algorithm1_M         
1     0000c144  _SingleJoint_Algorithm1_M_        
1     0000c000  _SingleJoint_Algorithm1_P         
0     003007b7  _SingleJoint_Algorithm1_initialize
0     003007b0  _SingleJoint_Algorithm1_step      
0     003008e4  _SingleJoint_Algorithm1_terminate 
0     00300910  _SingleJoint_Algorithm1_u         
0     00300908  _SingleJoint_Algorithm1_u_Init    
0     0030068e  _SingleJoint_Algorithm1_u_a       
0     0030110e  _SingleJoint_Algorithm_Subsystem  
0     00300682  _SingleJoint_Algorithm_u_l_Start  
0     00300a4b  _SingleJoint_DriverOneMotor_Init  
0     003008ec  _SingleJoint_StartRobotSubsystem  
0     00300b83  _SingleJoint__GetAngleSpeed_Init  
0     00300668  _SingleJoint__GetMotorData_Start  
0     0030070c  _SingleJoint__SendDataToGUI_Init  
0     003008e5  _Single_StartRobotSubsystem_Init  
1     00007040  _SpiaRegs                         
1     0000c141  _StartRobot                       
1     00007010  _SysCtrlRegs                      
0     00300dbf  _TINT0_ISR                        
0     00301b5d  _TINT0_isr                        
0     00300d6f  _USER10_ISR                       
0     00300d79  _USER11_ISR                       
0     00300d83  _USER12_ISR                       
0     00300d15  _USER1_ISR                        
0     00300d1f  _USER2_ISR                        
0     00300d29  _USER3_ISR                        
0     00300d33  _USER4_ISR                        
0     00300d3d  _USER5_ISR                        
0     00300d47  _USER6_ISR                        
0     00300d51  _USER7_ISR                        
0     00300d5b  _USER8_ISR                        
0     00300d65  _USER9_ISR                        
0     00300dc9  _WAKEINT_ISR                      
0     00300da1  _XINT1_ISR                        
0     00300dab  _XINT2_ISR                        
0     00300f8b  _XINT3_ISR                        
0     00300f95  _XINT4_ISR                        
0     00300f9f  _XINT5_ISR                        
0     00300fa9  _XINT6_ISR                        
0     00300fb3  _XINT7_ISR                        
1     00007070  _XIntruptRegs                     
1     00000b20  _XintfRegs                        
1     00000600  __STACK_END                       
abs   00000200  __STACK_SIZE                      
1     0000c2e2  ___TI_cleanup_ptr                 
1     0000c2e4  ___TI_dtors_ptr                   
1     0000c2e0  ___TI_enable_exit_profile_output  
abs   ffffffff  ___TI_pprof_out_hndl              
abs   ffffffff  ___TI_prof_data_size              
abs   ffffffff  ___TI_prof_data_start             
abs   ffffffff  ___binit__                        
1     0000c000  ___bss__                          
abs   ffffffff  ___c_args__                       
0     00301d60  ___cinit__                        
1     0000c000  ___data__                         
1     0000c000  ___edata__                        
1     0000c000  ___end__                          
0     00301d41  ___etext__                        
abs   ffffffff  ___pinit__                        
0     00300000  ___text__                         
0     00301cfe  __args_main                       
1     0000c2bc  __lock                            
0     00301d35  __nop                             
0     00301d31  __register_lock                   
0     00301d2d  __register_unlock                 
1     00000400  __stack                           
0     00301d40  __system_post_cinit               
0     00301d3e  __system_pre_init                 
1     0000c2be  __unlock                          
0     00301c4c  _abort                            
0     0030157b  _byteswap_L8cmp                   
0     00301d1e  _c2000_flash_init                 
0     00301ab6  _c_int00                          
0     00301a5e  _ceil                             
0     00301a5e  _ceilf                            
0     003013b2  _config_eCAN_A_mbx                
0     003012b6  _config_eCAN_B_mbx                
0     00301b5b  _configureGPIOExtInterrupt        
0     00301be5  _configureTimer0                  
0     00301c9d  _copy_in                          
0     003018e8  _cos                              
0     003018e8  _cosf                             
0     00301c14  _disableTimer0Interrupt           
0     00301b0c  _disableWatchdog                  
0     00301b5c  _enableExtInterrupt               
0     00301c0c  _enableTimer0Interrupt            
1     0000c140  _enable_tx                        
0     00301c4e  _exit                             
0     003019ac  _floor                            
0     003019ac  _floorf                           
0     003015f0  _fmod                             
0     003015f0  _fmodf                            
0     00301d1b  _globalInterruptDisable           
0     00301d17  _globalInterruptEnable            
0     0030024e  _idle_num0_task_fcn               
0     00301b17  _idletask_num0                    
0     00301b1a  _init_SCI                         
0     00301b47  _init_SCI_GPIO                    
0     003016bf  _init_board                       
0     00301307  _init_eCAN_A                      
0     0030120d  _init_eCAN_B                      
0     0030195f  _main                             
0     00301ce1  _memcpy                           
0     003000a2  _qibaozha_joint1                  
0     003000e9  _qibaozha_joint2                  
0     00300130  _qibaozha_joint3                  
0     00300177  _qibaozha_joint4                  
0     003001be  _qibaozha_joint5                  
0     00300206  _qibaozha_joint6                  
0     00300fdb  _rsvd_ISR                         
0     00301ba1  _rtGetInf                         
0     00301bba  _rtGetInfF                        
0     00301bc3  _rtGetMinusInf                    
0     00301bdc  _rtGetMinusInfF                   
0     00301c22  _rtGetNaN                         
0     00301c3b  _rtGetNaNF                        
1     0000c2cc  _rtInf                            
1     0000c2d2  _rtInfF                           
0     0030177b  _rtIsInf                          
0     00301793  _rtIsInfF                         
0     003017ab  _rtIsNaN                          
0     003017ce  _rtIsNaNF                         
1     0000c2ce  _rtMinusInf                       
1     0000c2d4  _rtMinusInfF                      
1     0000c2d0  _rtNaN                            
1     0000c2d6  _rtNaNF                           
0     00301753  _rt_InitInfAndNaN                 
0     0030194b  _rt_OneStep                       
0     003014fb  _scia_rcv                         
0     003015ae  _scia_xmit                        
0     00301a05  _sin                              
0     00301a05  _sinf                             
1     0000c23e  _stopRequested                    
abs   ffffffff  binit                             
0     00301d60  cinit                             
0     0033fff6  code_start                        
1     0000c000  edata                             
1     0000c000  end                               
0     00301d41  etext                             
abs   ffffffff  pinit                             


GLOBAL SYMBOLS: SORTED BY Symbol Address 

page  address   name                              
----  -------   ----                              
0     00008000  _InitFlash                        
0     00008000  _RamfuncsRunStart                 
0     0000801b  _DSP28x_usDelay                   
0     00300000  .text                             
0     00300000  _MO_config_eCAN_B_mbx             
0     00300000  ___text__                         
0     00300051  _MO_config_eCAN_A_mbx             
0     003000a2  _qibaozha_joint1                  
0     003000e9  _qibaozha_joint2                  
0     00300130  _qibaozha_joint3                  
0     00300177  _qibaozha_joint4                  
0     003001be  _qibaozha_joint5                  
0     00300206  _qibaozha_joint6                  
0     0030024e  _idle_num0_task_fcn               
0     00300366  _SingleJoint_A_CANA_284_24_Start  
0     0030037b  _SingleJoint_Algorit_CANA_284_24  
0     003003e7  _SingleJoint_A_CANA_285_25_Start  
0     003003fc  _SingleJoint_Algorit_CANA_285_25  
0     00300468  _SingleJoint_A_CANA_286_26_Start  
0     0030047d  _SingleJoint_Algorit_CANA_286_26  
0     003004e9  _SingleJoint_A_CANB_281_21_Start  
0     003004fe  _SingleJoint_Algorit_CANB_281_21  
0     0030056a  _SingleJoint_A_CANB_282_22_Start  
0     0030057f  _SingleJoint_Algorit_CANB_282_22  
0     003005e9  _SingleJoint_A_CANB_283_23_Start  
0     003005fe  _SingleJoint_Algorit_CANB_283_23  
0     00300668  _SingleJoint__GetMotorData_Start  
0     00300675  _SingleJoint_Algori_GetMotorData  
0     00300682  _SingleJoint_Algorithm_u_l_Start  
0     0030068e  _SingleJoint_Algorithm1_u_a       
0     0030070c  _SingleJoint__SendDataToGUI_Init  
0     00300713  _SingleJoint_Algor_SendDataToGUI  
0     003007b0  _SingleJoint_Algorithm1_step      
0     003007b7  _SingleJoint_Algorithm1_initialize
0     003008e4  _SingleJoint_Algorithm1_terminate 
0     003008e5  _Single_StartRobotSubsystem_Init  
0     003008ec  _SingleJoint_StartRobotSubsystem  
0     00300908  _SingleJoint_Algorithm1_u_Init    
0     00300910  _SingleJoint_Algorithm1_u         
0     00300a4b  _SingleJoint_DriverOneMotor_Init  
0     00300a4e  _SingleJoin_DriverOneMotor_Start  
0     00300a5f  _SingleJoint_Algo_DriverOneMotor  
0     00300b10  _SingleJoint_Algor_GetAngle_Init  
0     00300b1b  _SingleJoint_Algorithm1_GetAngle  
0     00300b83  _SingleJoint__GetAngleSpeed_Init  
0     00300b8c  _SingleJoint_Algor_GetAngleSpeed  
0     00300c13  _DynamicsController_Init          
0     00300c24  _DynamicsController_Start         
0     00300c29  _DynamicsController               
0     00300ccf  _INT13_ISR                        
0     00300cd9  _INT14_ISR                        
0     00300ce3  _DATALOG_ISR                      
0     00300ced  _RTOSINT_ISR                      
0     00300cf7  _EMUINT_ISR                       
0     00300d01  _NMI_ISR                          
0     00300d0b  _ILLEGAL_ISR                      
0     00300d15  _USER1_ISR                        
0     00300d1f  _USER2_ISR                        
0     00300d29  _USER3_ISR                        
0     00300d33  _USER4_ISR                        
0     00300d3d  _USER5_ISR                        
0     00300d47  _USER6_ISR                        
0     00300d51  _USER7_ISR                        
0     00300d5b  _USER8_ISR                        
0     00300d65  _USER9_ISR                        
0     00300d6f  _USER10_ISR                       
0     00300d79  _USER11_ISR                       
0     00300d83  _USER12_ISR                       
0     00300d8d  _SEQ1INT_ISR                      
0     00300d97  _SEQ2INT_ISR                      
0     00300da1  _XINT1_ISR                        
0     00300dab  _XINT2_ISR                        
0     00300db5  _ADCINT_ISR                       
0     00300dbf  _TINT0_ISR                        
0     00300dc9  _WAKEINT_ISR                      
0     00300dd3  _EPWM1_TZINT_ISR                  
0     00300ddd  _EPWM2_TZINT_ISR                  
0     00300de7  _EPWM3_TZINT_ISR                  
0     00300df1  _EPWM4_TZINT_ISR                  
0     00300dfb  _EPWM5_TZINT_ISR                  
0     00300e05  _EPWM6_TZINT_ISR                  
0     00300e0f  _EPWM1_INT_ISR                    
0     00300e19  _EPWM2_INT_ISR                    
0     00300e23  _EPWM3_INT_ISR                    
0     00300e2d  _EPWM4_INT_ISR                    
0     00300e37  _EPWM5_INT_ISR                    
0     00300e41  _EPWM6_INT_ISR                    
0     00300e4b  _ECAP1_INT_ISR                    
0     00300e55  _ECAP2_INT_ISR                    
0     00300e5f  _ECAP3_INT_ISR                    
0     00300e69  _ECAP4_INT_ISR                    
0     00300e73  _ECAP5_INT_ISR                    
0     00300e7d  _ECAP6_INT_ISR                    
0     00300e87  _EQEP1_INT_ISR                    
0     00300e91  _EQEP2_INT_ISR                    
0     00300e9b  _SPIRXINTA_ISR                    
0     00300ea5  _SPITXINTA_ISR                    
0     00300eaf  _MRINTB_ISR                       
0     00300eb9  _MXINTB_ISR                       
0     00300ec3  _MRINTA_ISR                       
0     00300ecd  _MXINTA_ISR                       
0     00300ed7  _DINTCH1_ISR                      
0     00300ee1  _DINTCH2_ISR                      
0     00300eeb  _DINTCH3_ISR                      
0     00300ef5  _DINTCH4_ISR                      
0     00300eff  _DINTCH5_ISR                      
0     00300f09  _DINTCH6_ISR                      
0     00300f13  _I2CINT1A_ISR                     
0     00300f1d  _I2CINT2A_ISR                     
0     00300f27  _SCIRXINTC_ISR                    
0     00300f31  _SCITXINTC_ISR                    
0     00300f3b  _SCIRXINTA_ISR                    
0     00300f45  _SCITXINTA_ISR                    
0     00300f4f  _SCIRXINTB_ISR                    
0     00300f59  _SCITXINTB_ISR                    
0     00300f63  _ECAN0INTA_ISR                    
0     00300f6d  _ECAN1INTA_ISR                    
0     00300f77  _ECAN0INTB_ISR                    
0     00300f81  _ECAN1INTB_ISR                    
0     00300f8b  _XINT3_ISR                        
0     00300f95  _XINT4_ISR                        
0     00300f9f  _XINT5_ISR                        
0     00300fa9  _XINT6_ISR                        
0     00300fb3  _XINT7_ISR                        
0     00300fbd  _LVF_ISR                          
0     00300fc7  _LUF_ISR                          
0     00300fd1  _PIE_RESERVED                     
0     00300fdb  _rsvd_ISR                         
0     00300fe5  _SingleJoint_Alg_Subsystem1_Init  
0     00300ff2  _SingleJoint_Algorith_Subsystem1  
0     00301038  _SingleJoint_Alg_Controller_Init  
0     0030104b  _SingleJoint_Algorith_Controller  
0     003010c4  _SingleJoint_Algo_Subsystem_Init  
0     003010ef  _SingleJoint_Alg_Subsystem_Start  
0     0030110e  _SingleJoint_Algorithm_Subsystem  
0     0030116c  _SingleJoint_Algorith_Error_Init  
0     0030117b  _SingleJoint_Algorit_Error_Start  
0     0030117e  _SingleJoint_Algorithm1_Error     
0     003011df  _AdaptiveAlgorithm_Init           
0     003011e4  _AdaptiveAlgorithm_Start          
0     003011e7  _AdaptiveAlgorithm                
0     0030120d  _init_eCAN_B                      
0     003012b6  _config_eCAN_B_mbx                
0     00301307  _init_eCAN_A                      
0     003013b2  _config_eCAN_A_mbx                
0     00301403  _InitSysCtrl                      
0     0030140c  _ServiceDog                       
0     00301416  _DisableDog                       
0     0030141e  _InitPll                          
0     0030146f  _InitPeripheralClocks             
0     003014ca  _CsmUnlock                        
0     003014fb  _scia_rcv                         
0     0030157b  _byteswap_L8cmp                   
0     003015ae  _scia_xmit                        
0     003015f0  _fmod                             
0     003015f0  _fmodf                            
0     003016bf  _init_board                       
0     00301734  _InitXintf16Gpio                  
0     00301753  _rt_InitInfAndNaN                 
0     0030177b  _rtIsInf                          
0     00301793  _rtIsInfF                         
0     003017ab  _rtIsNaN                          
0     003017ce  _rtIsNaNF                         
0     003017e5  FS$$DIV                           
0     0030186d  _InitCpuTimers                    
0     003018ae  _ConfigCpuTimer                   
0     003018e8  _cos                              
0     003018e8  _cosf                             
0     0030194b  _rt_OneStep                       
0     0030195f  _main                             
0     003019ac  _floor                            
0     003019ac  _floorf                           
0     00301a05  _sin                              
0     00301a05  _sinf                             
0     00301a5e  _ceil                             
0     00301a5e  _ceilf                            
0     00301ab6  _c_int00                          
0     00301b0c  _disableWatchdog                  
0     00301b17  _idletask_num0                    
0     00301b1a  _init_SCI                         
0     00301b47  _init_SCI_GPIO                    
0     00301b5b  _configureGPIOExtInterrupt        
0     00301b5c  _enableExtInterrupt               
0     00301b5d  _TINT0_isr                        
0     00301ba1  _rtGetInf                         
0     00301bba  _rtGetInfF                        
0     00301bc3  _rtGetMinusInf                    
0     00301bdc  _rtGetMinusInfF                   
0     00301be5  _configureTimer0                  
0     00301c0c  _enableTimer0Interrupt            
0     00301c14  _disableTimer0Interrupt           
0     00301c22  _rtGetNaN                         
0     00301c3b  _rtGetNaNF                        
0     00301c4c  C$$EXIT                           
0     00301c4c  _abort                            
0     00301c4e  _exit                             
0     00301c75  _InitPieCtrl                      
0     00301c94  _EnableInterrupts                 
0     00301c9d  _copy_in                          
0     00301cc1  _InitPieVectTable                 
0     00301ce1  _memcpy                           
0     00301cfe  __args_main                       
0     00301d17  _globalInterruptEnable            
0     00301d1b  _globalInterruptDisable           
0     00301d1e  _c2000_flash_init                 
0     00301d2d  __register_unlock                 
0     00301d31  __register_lock                   
0     00301d35  __nop                             
0     00301d3e  __system_pre_init                 
0     00301d40  __system_post_cinit               
0     00301d41  _RamfuncsLoadStart                
0     00301d41  ___etext__                        
0     00301d41  etext                             
0     00301d60  _RamfuncsLoadEnd                  
0     00301d60  ___cinit__                        
0     00301d60  cinit                             
0     00301ed8  _PieVectTableInit                 
0     00301fdc  _SingleJoint_Algorithm1_M         
0     0033fff6  code_start                        
0     00380080  _ADC_cal                          
1     00000400  __stack                           
1     00000600  __STACK_END                       
1     00000880  _DevEmuRegs                       
1     00000a80  _FlashRegs                        
1     00000ae0  _CsmRegs                          
1     00000b00  _AdcMirror                        
1     00000b20  _XintfRegs                        
1     00000c00  _CpuTimer0Regs                    
1     00000c08  _CpuTimer1Regs                    
1     00000c10  _CpuTimer2Regs                    
1     00000ce0  _PieCtrlRegs                      
1     00000d00  _PieVectTable                     
1     00001000  _DmaRegs                          
1     00005000  _McbspaRegs                       
1     00005040  _McbspbRegs                       
1     00006000  _ECanaRegs                        
1     00006040  _ECanaLAMRegs                     
1     00006080  _ECanaMOTSRegs                    
1     000060c0  _ECanaMOTORegs                    
1     00006100  _ECanaMboxes                      
1     00006200  _ECanbRegs                        
1     00006240  _ECanbLAMRegs                     
1     00006280  _ECanbMOTSRegs                    
1     000062c0  _ECanbMOTORegs                    
1     00006300  _ECanbMboxes                      
1     00006800  _EPwm1Regs                        
1     00006840  _EPwm2Regs                        
1     00006880  _EPwm3Regs                        
1     000068c0  _EPwm4Regs                        
1     00006900  _EPwm5Regs                        
1     00006940  _EPwm6Regs                        
1     00006a00  _ECap1Regs                        
1     00006a20  _ECap2Regs                        
1     00006a40  _ECap3Regs                        
1     00006a60  _ECap4Regs                        
1     00006a80  _ECap5Regs                        
1     00006aa0  _ECap6Regs                        
1     00006b00  _EQep1Regs                        
1     00006b40  _EQep2Regs                        
1     00006f80  _GpioCtrlRegs                     
1     00006fc0  _GpioDataRegs                     
1     00006fe0  _GpioIntRegs                      
1     00007010  _SysCtrlRegs                      
1     00007040  _SpiaRegs                         
1     00007050  _SciaRegs                         
1     00007070  _XIntruptRegs                     
1     00007100  _AdcRegs                          
1     00007750  _ScibRegs                         
1     00007770  _ScicRegs                         
1     00007900  _I2caRegs                         
1     0000c000  .bss                              
1     0000c000  .data                             
1     0000c000  _SingleJoint_Algorithm1_P         
1     0000c000  ___bss__                          
1     0000c000  ___data__                         
1     0000c000  ___edata__                        
1     0000c000  ___end__                          
1     0000c000  edata                             
1     0000c000  end                               
1     0000c140  _enable_tx                        
1     0000c141  _StartRobot                       
1     0000c142  _One_TXD                          
1     0000c144  _SingleJoint_Algorithm1_M_        
1     0000c146  _SingleJoint_Algorithm1_DW        
1     0000c180  _SingleJoint_Algorithm1_B         
1     0000c200  _Send_GUIdata                     
1     0000c224  _CpuTimer0                        
1     0000c22c  _CpuTimer1                        
1     0000c234  _CpuTimer2                        
1     0000c23c  _IsrOverrun                       
1     0000c23e  _stopRequested                    
1     0000c240  _CAN_DATATYPE_GROUND              
1     0000c250  _J1                               
1     0000c25c  _J2                               
1     0000c268  _J3                               
1     0000c274  _J4                               
1     0000c280  _J5                               
1     0000c28c  _J6                               
1     0000c298  _J7                               
1     0000c2a4  _Motor_Current                    
1     0000c2b0  _Motor_Position                   
1     0000c2bc  __lock                            
1     0000c2be  __unlock                          
1     0000c2c0  _Motor_Velocity                   
1     0000c2cc  _rtInf                            
1     0000c2ce  _rtMinusInf                       
1     0000c2d0  _rtNaN                            
1     0000c2d2  _rtInfF                           
1     0000c2d4  _rtMinusInfF                      
1     0000c2d6  _rtNaNF                           
1     0000c2d8  _MO_Order                         
1     0000c2e0  ___TI_enable_exit_profile_output  
1     0000c2e2  ___TI_cleanup_ptr                 
1     0000c2e4  ___TI_dtors_ptr                   
1     0033fff8  _CsmPwl                           
abs   00000200  __STACK_SIZE                      
abs   ffffffff  ___TI_pprof_out_hndl              
abs   ffffffff  ___TI_prof_data_size              
abs   ffffffff  ___TI_prof_data_start             
abs   ffffffff  ___binit__                        
abs   ffffffff  ___c_args__                       
abs   ffffffff  ___pinit__                        
abs   ffffffff  binit                             
abs   ffffffff  pinit                             

[324 symbols]
