******************************************************************************
             TMS320C2000 Linker PC v18.12.1                    
******************************************************************************
>> Linked Wed Jan  8 10:13:25 2020

OUTPUT FILE NAME:   <../PID_SingleJoint.out>
ENTRY POINT SYMBOL: "_c_int00"  address: 003022a0


MEMORY CONFIGURATION

         name            origin    length      used     unused   attr    fill
----------------------  --------  ---------  --------  --------  ----  --------
PAGE 0:
  BEGINRAM              00000000   00000002  00000000  00000002  RWIX
  RAMM0                 00000002   000003fe  00000000  000003fe  RWIX
  RAML0L3               00008000   00004000  0000001f  00003fe1  RWIX
  ZONE7P                00200000   00010000  00000000  00010000  RWIX
  FLASH                 00300000   0003fff6  00002946  0003d6b0  RWIX
  BEGINFLASH            0033fff6   00000002  00000002  00000000  RWIX
  ADC_CAL               00380080   00000009  00000007  00000002  RWIX
  OTP                   00380400   00000400  00000000  00000400  RWIX
  CSM_PWL               003f7ff8   00000008  00000000  00000008  RWIX
  IQTABLES              003fe000   00000b50  00000000  00000b50  RWIX
  IQTABLES2             003feb50   0000008c  00000000  0000008c  RWIX
  FPUTABLES             003febdc   000006a0  00000000  000006a0  RWIX
  ROM                   003ff27c   00000d44  00000000  00000d44  RWIX
  RESET                 003fffc0   00000002  00000000  00000002  RWIX
  VECTORS               003fffc2   0000003e  00000000  0000003e  RWIX

PAGE 1:
  RAMM1                 00000400   00000400  00000200  00000200  RWIX
  DEV_EMU               00000880   00000180  000000d0  000000b0  RWIX
  FLASH_REGS            00000a80   00000060  00000008  00000058  RWIX
  CSM                   00000ae0   00000010  00000010  00000000  RWIX
  ADC_MIRROR            00000b00   00000010  00000010  00000000  RWIX
  XINTF                 00000b20   00000020  0000001e  00000002  RWIX
  CPU_TIMER0            00000c00   00000008  00000008  00000000  RWIX
  CPU_TIMER1            00000c08   00000008  00000008  00000000  RWIX
  CPU_TIMER2            00000c10   00000008  00000008  00000000  RWIX
  PIE_CTRL              00000ce0   00000020  0000001a  00000006  RWIX
  PIE_VECT              00000d00   00000100  00000100  00000000  RWIX
  DMA                   00001000   00000200  000000e0  00000120  RWIX
  MCBSPA                00005000   00000040  00000025  0000001b  RWIX
  MCBSPB                00005040   00000040  00000025  0000001b  RWIX
  ECANA                 00006000   00000040  00000034  0000000c  RWIX
  ECANA_LAM             00006040   00000040  00000040  00000000  RWIX
  ECANA_MOTS            00006080   00000040  00000040  00000000  RWIX
  ECANA_MOTO            000060c0   00000040  00000040  00000000  RWIX
  ECANA_MBOX            00006100   00000100  00000100  00000000  RWIX
  ECANB                 00006200   00000040  00000034  0000000c  RWIX
  ECANB_LAM             00006240   00000040  00000040  00000000  RWIX
  ECANB_MOTS            00006280   00000040  00000040  00000000  RWIX
  ECANB_MOTO            000062c0   00000040  00000040  00000000  RWIX
  ECANB_MBOX            00006300   00000100  00000100  00000000  RWIX
  EPWM1                 00006800   00000022  00000022  00000000  RWIX
  EPWM2                 00006840   00000022  00000022  00000000  RWIX
  EPWM3                 00006880   00000022  00000022  00000000  RWIX
  EPWM4                 000068c0   00000022  00000022  00000000  RWIX
  EPWM5                 00006900   00000022  00000022  00000000  RWIX
  EPWM6                 00006940   00000022  00000022  00000000  RWIX
  ECAP1                 00006a00   00000020  00000020  00000000  RWIX
  ECAP2                 00006a20   00000020  00000020  00000000  RWIX
  ECAP3                 00006a40   00000020  00000020  00000000  RWIX
  ECAP4                 00006a60   00000020  00000020  00000000  RWIX
  ECAP5                 00006a80   00000020  00000020  00000000  RWIX
  ECAP6                 00006aa0   00000020  00000020  00000000  RWIX
  EQEP1                 00006b00   00000040  00000040  00000000  RWIX
  EQEP2                 00006b40   00000040  00000040  00000000  RWIX
  GPIOCTRL              00006f80   00000040  0000002e  00000012  RWIX
  GPIODAT               00006fc0   00000020  00000020  00000000  RWIX
  GPIOINT               00006fe0   00000020  0000000a  00000016  RWIX
  SYSTEM                00007010   00000020  00000020  00000000  RWIX
  SPIA                  00007040   00000010  00000010  00000000  RWIX
  SCIA                  00007050   00000010  00000010  00000000  RWIX
  XINTRUPT              00007070   00000010  00000010  00000000  RWIX
  ADC                   00007100   00000020  0000001e  00000002  RWIX
  SCIB                  00007750   00000010  00000010  00000000  RWIX
  SCIC                  00007770   00000010  00000010  00000000  RWIX
  I2CA                  00007900   00000040  00000022  0000001e  RWIX
  RAML4L7               0000c000   00004000  000005aa  00003a56  RWIX
  ZONE7D                00210000   00010000  00000000  00010000  RWIX
  CSM_PWL               0033fff8   00000008  00000008  00000000  RWIX


SECTION ALLOCATION MAP

 output                                  attributes/
section   page    origin      length       input sections
--------  ----  ----------  ----------   ----------------
DevEmuRegsFile 
*          1    00000880    000000d0     UNINITIALIZED
                  00000880    000000d0     DSP2833x_GlobalVariableDefs.obj (DevEmuRegsFile)

FlashRegsFile 
*          1    00000a80    00000008     UNINITIALIZED
                  00000a80    00000008     DSP2833x_GlobalVariableDefs.obj (FlashRegsFile)

CsmRegsFile 
*          1    00000ae0    00000010     UNINITIALIZED
                  00000ae0    00000010     DSP2833x_GlobalVariableDefs.obj (CsmRegsFile)

AdcMirrorFile 
*          1    00000b00    00000010     UNINITIALIZED
                  00000b00    00000010     DSP2833x_GlobalVariableDefs.obj (AdcMirrorFile)

XintfRegsFile 
*          1    00000b20    0000001e     UNINITIALIZED
                  00000b20    0000001e     DSP2833x_GlobalVariableDefs.obj (XintfRegsFile)

CpuTimer0RegsFile 
*          1    00000c00    00000008     UNINITIALIZED
                  00000c00    00000008     DSP2833x_GlobalVariableDefs.obj (CpuTimer0RegsFile)

CpuTimer1RegsFile 
*          1    00000c08    00000008     UNINITIALIZED
                  00000c08    00000008     DSP2833x_GlobalVariableDefs.obj (CpuTimer1RegsFile)

CpuTimer2RegsFile 
*          1    00000c10    00000008     UNINITIALIZED
                  00000c10    00000008     DSP2833x_GlobalVariableDefs.obj (CpuTimer2RegsFile)

PieCtrlRegsFile 
*          1    00000ce0    0000001a     UNINITIALIZED
                  00000ce0    0000001a     DSP2833x_GlobalVariableDefs.obj (PieCtrlRegsFile)

PieVectTableFile 
*          1    00000d00    00000100     UNINITIALIZED
                  00000d00    00000100     DSP2833x_GlobalVariableDefs.obj (PieVectTableFile)

DmaRegsFile 
*          1    00001000    000000e0     UNINITIALIZED
                  00001000    000000e0     DSP2833x_GlobalVariableDefs.obj (DmaRegsFile)

McbspaRegsFile 
*          1    00005000    00000025     UNINITIALIZED
                  00005000    00000025     DSP2833x_GlobalVariableDefs.obj (McbspaRegsFile)

McbspbRegsFile 
*          1    00005040    00000025     UNINITIALIZED
                  00005040    00000025     DSP2833x_GlobalVariableDefs.obj (McbspbRegsFile)

ECanaRegsFile 
*          1    00006000    00000034     UNINITIALIZED
                  00006000    00000034     DSP2833x_GlobalVariableDefs.obj (ECanaRegsFile)

ECanaLAMRegsFile 
*          1    00006040    00000040     UNINITIALIZED
                  00006040    00000040     DSP2833x_GlobalVariableDefs.obj (ECanaLAMRegsFile)

ECanaMOTSRegsFile 
*          1    00006080    00000040     UNINITIALIZED
                  00006080    00000040     DSP2833x_GlobalVariableDefs.obj (ECanaMOTSRegsFile)

ECanaMOTORegsFile 
*          1    000060c0    00000040     UNINITIALIZED
                  000060c0    00000040     DSP2833x_GlobalVariableDefs.obj (ECanaMOTORegsFile)

ECanaMboxesFile 
*          1    00006100    00000100     UNINITIALIZED
                  00006100    00000100     DSP2833x_GlobalVariableDefs.obj (ECanaMboxesFile)

ECanbRegsFile 
*          1    00006200    00000034     UNINITIALIZED
                  00006200    00000034     DSP2833x_GlobalVariableDefs.obj (ECanbRegsFile)

ECanbLAMRegsFile 
*          1    00006240    00000040     UNINITIALIZED
                  00006240    00000040     DSP2833x_GlobalVariableDefs.obj (ECanbLAMRegsFile)

ECanbMOTSRegsFile 
*          1    00006280    00000040     UNINITIALIZED
                  00006280    00000040     DSP2833x_GlobalVariableDefs.obj (ECanbMOTSRegsFile)

ECanbMOTORegsFile 
*          1    000062c0    00000040     UNINITIALIZED
                  000062c0    00000040     DSP2833x_GlobalVariableDefs.obj (ECanbMOTORegsFile)

ECanbMboxesFile 
*          1    00006300    00000100     UNINITIALIZED
                  00006300    00000100     DSP2833x_GlobalVariableDefs.obj (ECanbMboxesFile)

EPwm1RegsFile 
*          1    00006800    00000022     UNINITIALIZED
                  00006800    00000022     DSP2833x_GlobalVariableDefs.obj (EPwm1RegsFile)

EPwm2RegsFile 
*          1    00006840    00000022     UNINITIALIZED
                  00006840    00000022     DSP2833x_GlobalVariableDefs.obj (EPwm2RegsFile)

EPwm3RegsFile 
*          1    00006880    00000022     UNINITIALIZED
                  00006880    00000022     DSP2833x_GlobalVariableDefs.obj (EPwm3RegsFile)

EPwm4RegsFile 
*          1    000068c0    00000022     UNINITIALIZED
                  000068c0    00000022     DSP2833x_GlobalVariableDefs.obj (EPwm4RegsFile)

EPwm5RegsFile 
*          1    00006900    00000022     UNINITIALIZED
                  00006900    00000022     DSP2833x_GlobalVariableDefs.obj (EPwm5RegsFile)

EPwm6RegsFile 
*          1    00006940    00000022     UNINITIALIZED
                  00006940    00000022     DSP2833x_GlobalVariableDefs.obj (EPwm6RegsFile)

ECap1RegsFile 
*          1    00006a00    00000020     UNINITIALIZED
                  00006a00    00000020     DSP2833x_GlobalVariableDefs.obj (ECap1RegsFile)

ECap2RegsFile 
*          1    00006a20    00000020     UNINITIALIZED
                  00006a20    00000020     DSP2833x_GlobalVariableDefs.obj (ECap2RegsFile)

ECap3RegsFile 
*          1    00006a40    00000020     UNINITIALIZED
                  00006a40    00000020     DSP2833x_GlobalVariableDefs.obj (ECap3RegsFile)

ECap4RegsFile 
*          1    00006a60    00000020     UNINITIALIZED
                  00006a60    00000020     DSP2833x_GlobalVariableDefs.obj (ECap4RegsFile)

ECap5RegsFile 
*          1    00006a80    00000020     UNINITIALIZED
                  00006a80    00000020     DSP2833x_GlobalVariableDefs.obj (ECap5RegsFile)

ECap6RegsFile 
*          1    00006aa0    00000020     UNINITIALIZED
                  00006aa0    00000020     DSP2833x_GlobalVariableDefs.obj (ECap6RegsFile)

EQep1RegsFile 
*          1    00006b00    00000040     UNINITIALIZED
                  00006b00    00000040     DSP2833x_GlobalVariableDefs.obj (EQep1RegsFile)

EQep2RegsFile 
*          1    00006b40    00000040     UNINITIALIZED
                  00006b40    00000040     DSP2833x_GlobalVariableDefs.obj (EQep2RegsFile)

GpioCtrlRegsFile 
*          1    00006f80    0000002e     UNINITIALIZED
                  00006f80    0000002e     DSP2833x_GlobalVariableDefs.obj (GpioCtrlRegsFile)

GpioDataRegsFile 
*          1    00006fc0    00000020     UNINITIALIZED
                  00006fc0    00000020     DSP2833x_GlobalVariableDefs.obj (GpioDataRegsFile)

GpioIntRegsFile 
*          1    00006fe0    0000000a     UNINITIALIZED
                  00006fe0    0000000a     DSP2833x_GlobalVariableDefs.obj (GpioIntRegsFile)

SysCtrlRegsFile 
*          1    00007010    00000020     UNINITIALIZED
                  00007010    00000020     DSP2833x_GlobalVariableDefs.obj (SysCtrlRegsFile)

SpiaRegsFile 
*          1    00007040    00000010     UNINITIALIZED
                  00007040    00000010     DSP2833x_GlobalVariableDefs.obj (SpiaRegsFile)

SciaRegsFile 
*          1    00007050    00000010     UNINITIALIZED
                  00007050    00000010     DSP2833x_GlobalVariableDefs.obj (SciaRegsFile)

XIntruptRegsFile 
*          1    00007070    00000010     UNINITIALIZED
                  00007070    00000010     DSP2833x_GlobalVariableDefs.obj (XIntruptRegsFile)

AdcRegsFile 
*          1    00007100    0000001e     UNINITIALIZED
                  00007100    0000001e     DSP2833x_GlobalVariableDefs.obj (AdcRegsFile)

ScibRegsFile 
*          1    00007750    00000010     UNINITIALIZED
                  00007750    00000010     DSP2833x_GlobalVariableDefs.obj (ScibRegsFile)

ScicRegsFile 
*          1    00007770    00000010     UNINITIALIZED
                  00007770    00000010     DSP2833x_GlobalVariableDefs.obj (ScicRegsFile)

I2caRegsFile 
*          1    00007900    00000022     UNINITIALIZED
                  00007900    00000022     DSP2833x_GlobalVariableDefs.obj (I2caRegsFile)

CsmPwlFile 
*          1    0033fff8    00000008     UNINITIALIZED
                  0033fff8    00000008     DSP2833x_GlobalVariableDefs.obj (CsmPwlFile)

.text      0    00300000    0000252b     
                  00300000    000008ea     PID_SingleJoint.obj (.text)
                  003008ea    000005ae     DrivrMotor.obj (.text)
                  00300e98    00000316     DSP2833x_DefaultIsr.obj (.text:retain)
                  003011ae    000002ed     DynamicsController.obj (.text)
                  0030149b    000001f6     MW_c28xx_can.obj (.text)
                  00301691    000001f1     GetAngleVelocity.obj (.text)
                  00301882    000001a9     Compensate.obj (.text)
                  00301a2b    00000117     PID_Controller.obj (.text)
                  00301b42    0000010e     SineSignal.obj (.text)
                  00301c50    000000f8     DSP2833x_SysCtrl.obj (.text)
                  00301d48    000000f5     DSP28xx_SciUtil.obj (.text)
                  00301e3d    000000cf     rts2800_fpu32.lib : e_fmodf.c.obj (.text)
                  00301f0c    00000094     MW_c28xx_board.obj (.text)
                  00301fa0    00000092     rt_nonfinite.obj (.text)
                  00302032    00000088     rts2800_fpu32.lib : fs_div28.asm.obj (.text)
                  003020ba    0000007b     DSP2833x_CpuTimers.obj (.text)
                  00302135    00000061     ert_main.obj (.text)
                  00302196    00000059     rts2800_fpu32.lib : s_floorf.c.obj (.text)
                  003021ef    00000059                       : s_sinf.c.obj (.text)
                  00302248    00000058                       : s_ceilf.c.obj (.text)
                  003022a0    00000056                       : boot28.asm.obj (.text)
                  003022f6    00000051     MW_c28xx_csl.obj (.text)
                  00302347    00000044     c2833xSchedulerTimer0.obj (.text:retain)
                  0030238b    00000044     rtGetInf.obj (.text)
                  003023cf    0000003d     c2833xSchedulerTimer0.obj (.text)
                  0030240c    0000002a     rtGetNaN.obj (.text)
                  00302436    00000029     rts2800_fpu32.lib : exit.c.obj (.text)
                  0030245f    00000028     DSP2833x_PieCtrl.obj (.text)
                  00302487    00000024     rts2800_fpu32.lib : cpy_tbl.c.obj (.text)
                  003024ab    00000020     DSP2833x_PieVect.obj (.text)
                  003024cb    0000001d     rts2800_fpu32.lib : memcpy.c.obj (.text)
                  003024e8    00000019                       : args_main.c.obj (.text)
                  00302501    00000016     c2833xBoard_Realtime_Support.obj (.text)
                  00302517    00000009     rts2800_fpu32.lib : _lock.c.obj (.text)
                  00302520    00000008     DSP2833x_CodeStartBranch.obj (.text)
                  00302528    00000002     rts2800_fpu32.lib : pre_init.c.obj (.text)
                  0030252a    00000001                       : startup.c.obj (.text)

.bss       1    0000c000    00000000     UNINITIALIZED

.ebss      1    0000c000    000005aa     UNINITIALIZED
                  0000c000    000001fc     DynamicsController_data.obj (.ebss)
                  0000c1fc    00000003     ert_main.obj (.ebss)
                  0000c1ff    00000001     --HOLE--
                  0000c200    00000126     DynamicsController.obj (.ebss)
                  0000c326    00000018     DSP2833x_CpuTimers.obj (.ebss)
                  0000c33e    00000002     rts2800_fpu32.lib : _lock.c.obj (.ebss:__lock)
                  0000c340    000000b8     PID_SingleJoint_data.obj (.ebss)
                  0000c3f8    00000008     PID_SingleJoint.obj (.ebss:_MO_Order)
                  0000c400    00000097     PID_SingleJoint.obj (.ebss)
                  0000c497    00000001     --HOLE--
                  0000c498    00000024     PID_SingleJoint.obj (.ebss:_Send_GUIdata)
                  0000c4bc    00000002     rts2800_fpu32.lib : _lock.c.obj (.ebss:__unlock)
                  0000c4be    00000002     --HOLE--
                  0000c4c0    00000018     PID_SingleJoint.obj (.ebss:_Tau)
                  0000c4d8    00000010     can_datatype_ground.obj (.ebss)
                  0000c4e8    0000000c     PID_SingleJoint.obj (.ebss:_J1)
                  0000c4f4    0000000c     PID_SingleJoint.obj (.ebss:_J2)
                  0000c500    0000000c     PID_SingleJoint.obj (.ebss:_J3)
                  0000c50c    0000000c     PID_SingleJoint.obj (.ebss:_J4)
                  0000c518    0000000c     PID_SingleJoint.obj (.ebss:_J5)
                  0000c524    0000000c     PID_SingleJoint.obj (.ebss:_J6)
                  0000c530    0000000c     PID_SingleJoint.obj (.ebss:_J7)
                  0000c53c    00000004     --HOLE--
                  0000c540    0000000c     PID_SingleJoint.obj (.ebss:_Motor_Current)
                  0000c54c    0000000c     PID_SingleJoint.obj (.ebss:_Motor_Position)
                  0000c558    0000000c     PID_SingleJoint.obj (.ebss:_Motor_Velocity)
                  0000c564    0000000c     PID_SingleJoint.obj (.ebss:_dq)
                  0000c570    0000000c     PID_SingleJoint.obj (.ebss:_e)
                  0000c57c    00000004     --HOLE--
                  0000c580    0000000c     PID_SingleJoint.obj (.ebss:_q)
                  0000c58c    0000000c     PID_SingleJoint.obj (.ebss:_qd)
                  0000c598    0000000c     rt_nonfinite.obj (.ebss)
                  0000c5a4    00000006     rts2800_fpu32.lib : exit.c.obj (.ebss)

.cinit     0    0030254a    000002ee     
                  0030254a    000001ff     DynamicsController_data.obj (.cinit)
                  00302749    000000ba     PID_SingleJoint_data.obj (.cinit)
                  00302803    0000000e     rts2800_fpu32.lib : exit.c.obj (.cinit)
                  00302811    0000000c     ert_main.obj (.cinit)
                  0030281d    0000000b     PID_SingleJoint.obj (.cinit:_MO_Order)
                  00302828    00000005     rts2800_fpu32.lib : _lock.c.obj (.cinit:__lock)
                  0030282d    00000005                       : _lock.c.obj (.cinit:__unlock)
                  00302832    00000004     PID_SingleJoint.obj (.cinit)
                  00302836    00000002     --HOLE-- [fill = 0]

.pinit     0    00300000    00000000     UNINITIALIZED

.econst    0    00302838    0000010e     
                  00302838    00000100     DSP2833x_PieVect.obj (.econst:_PieVectTableInit)
                  00302938    00000004     rts2800_fpu32.lib : e_fmodf.c.obj (.econst:_Zero)
                  0030293c    00000002     PID_SingleJoint.obj (.econst)
                  0030293e    00000002     rtGetNaN.obj (.econst:_$P$T0$1)
                  00302940    00000002     rts2800_fpu32.lib : e_fmodf.c.obj (.econst)
                  00302942    00000002                       : s_ceilf.c.obj (.econst)
                  00302944    00000002                       : s_floorf.c.obj (.econst)

.reset     0    003fffc0    00000002     DSECT
                  003fffc0    00000002     rts2800_fpu32.lib : boot28.asm.obj (.reset)

.data      1    0000c000    00000000     UNINITIALIZED

.stack     1    00000400    00000200     UNINITIALIZED
                  00000400    00000200     --HOLE--

codestart 
*          0    0033fff6    00000002     
                  0033fff6    00000002     DSP2833x_CodeStartBranch.obj (codestart)

ramfuncs   0    0030252b    0000001f     RUN ADDR = 00008000
                  0030252b    0000001b     DSP2833x_SysCtrl.obj (ramfuncs)
                  00302546    00000004     DSP2833x_usDelay.obj (ramfuncs)

.adc_cal   0    00380080    00000007     NOLOAD SECTION
                  00380080    00000007     DSP2833x_ADC_cal.obj (.adc_cal)

MODULE SUMMARY

       Module                             code   initialized data   uninitialized data
       ------                             ----   ----------------   ------------------
    <current directory>
       PID_SingleJoint.obj                2282   17                 387               
       DSP2833x_GlobalVariableDefs.obj    0      0                  2678              
       DrivrMotor.obj                     1454   0                  0                 
       DynamicsController.obj             749    0                  294               
       DynamicsController_data.obj        0      511                508               
       DSP2833x_DefaultIsr.obj            790    0                  0                 
       MW_c28xx_can.obj                   502    0                  0                 
       GetAngleVelocity.obj               497    0                  0                 
       Compensate.obj                     425    0                  0                 
       PID_SingleJoint_data.obj           0      186                184               
       DSP2833x_SysCtrl.obj               302    0                  0                 
       DSP2833x_PieVect.obj               32     256                0                 
       PID_Controller.obj                 279    0                  0                 
       SineSignal.obj                     270    0                  0                 
       DSP28xx_SciUtil.obj                245    0                  0                 
       rt_nonfinite.obj                   146    0                  12                
       MW_c28xx_board.obj                 148    0                  0                 
       DSP2833x_CpuTimers.obj             123    0                  24                
       c2833xSchedulerTimer0.obj          129    0                  0                 
       ert_main.obj                       97     12                 3                 
       MW_c28xx_csl.obj                   81     0                  0                 
       rtGetInf.obj                       68     0                  0                 
       rtGetNaN.obj                       42     2                  0                 
       DSP2833x_PieCtrl.obj               40     0                  0                 
       c2833xBoard_Realtime_Support.obj   22     0                  0                 
       can_datatype_ground.obj            0      0                  16                
       DSP2833x_CodeStartBranch.obj       10     0                  0                 
       DSP2833x_usDelay.obj               8      0                  0                 
       DSP2833x_ADC_cal.obj               7      0                  0                 
    +--+----------------------------------+------+------------------+--------------------+
       Total:                             8748   984                4106              
                                                                                      
    C:/ti/ccs901/ccs/tools/compiler/TI-CGT~1.LTS/lib/rts2800_fpu32.lib
       e_fmodf.c.obj                      207    6                  0                 
       fs_div28.asm.obj                   136    0                  0                 
       s_floorf.c.obj                     89     2                  0                 
       s_ceilf.c.obj                      88     2                  0                 
       s_sinf.c.obj                       89     0                  0                 
       boot28.asm.obj                     86     0                  0                 
       exit.c.obj                         41     14                 6                 
       cpy_tbl.c.obj                      36     0                  0                 
       memcpy.c.obj                       29     0                  0                 
       args_main.c.obj                    25     0                  0                 
       _lock.c.obj                        9      10                 4                 
       pre_init.c.obj                     2      0                  0                 
       startup.c.obj                      1      0                  0                 
    +--+----------------------------------+------+------------------+--------------------+
       Total:                             838    34                 10                
                                                                                      
       Stack:                             0      0                  512               
    +--+----------------------------------+------+------------------+--------------------+
       Grand Total:                       9586   1018               4628              


GLOBAL DATA SYMBOLS: SORTED BY DATA PAGE

address     data page           name
--------    ----------------    ----
00000400      10 (00000400)     __stack

00000880      22 (00000880)     _DevEmuRegs

00000a80      2a (00000a80)     _FlashRegs

00000ae0      2b (00000ac0)     _CsmRegs

00000b00      2c (00000b00)     _AdcMirror
00000b20      2c (00000b00)     _XintfRegs

00000c00      30 (00000c00)     _CpuTimer0Regs
00000c08      30 (00000c00)     _CpuTimer1Regs
00000c10      30 (00000c00)     _CpuTimer2Regs

00000ce0      33 (00000cc0)     _PieCtrlRegs

00000d00      34 (00000d00)     _PieVectTable

00001000      40 (00001000)     _DmaRegs

00005000     140 (00005000)     _McbspaRegs

00005040     141 (00005040)     _McbspbRegs

00006000     180 (00006000)     _ECanaRegs

00006040     181 (00006040)     _ECanaLAMRegs

00006080     182 (00006080)     _ECanaMOTSRegs

000060c0     183 (000060c0)     _ECanaMOTORegs

00006100     184 (00006100)     _ECanaMboxes

00006200     188 (00006200)     _ECanbRegs

00006240     189 (00006240)     _ECanbLAMRegs

00006280     18a (00006280)     _ECanbMOTSRegs

000062c0     18b (000062c0)     _ECanbMOTORegs

00006300     18c (00006300)     _ECanbMboxes

00006800     1a0 (00006800)     _EPwm1Regs

00006840     1a1 (00006840)     _EPwm2Regs

00006880     1a2 (00006880)     _EPwm3Regs

000068c0     1a3 (000068c0)     _EPwm4Regs

00006900     1a4 (00006900)     _EPwm5Regs

00006940     1a5 (00006940)     _EPwm6Regs

00006a00     1a8 (00006a00)     _ECap1Regs
00006a20     1a8 (00006a00)     _ECap2Regs

00006a40     1a9 (00006a40)     _ECap3Regs
00006a60     1a9 (00006a40)     _ECap4Regs

00006a80     1aa (00006a80)     _ECap5Regs
00006aa0     1aa (00006a80)     _ECap6Regs

00006b00     1ac (00006b00)     _EQep1Regs

00006b40     1ad (00006b40)     _EQep2Regs

00006f80     1be (00006f80)     _GpioCtrlRegs

00006fc0     1bf (00006fc0)     _GpioDataRegs
00006fe0     1bf (00006fc0)     _GpioIntRegs

00007010     1c0 (00007000)     _SysCtrlRegs

00007040     1c1 (00007040)     _SpiaRegs
00007050     1c1 (00007040)     _SciaRegs
00007070     1c1 (00007040)     _XIntruptRegs

00007100     1c4 (00007100)     _AdcRegs

00007750     1dd (00007740)     _ScibRegs
00007770     1dd (00007740)     _ScicRegs

00007900     1e4 (00007900)     _I2caRegs

0000c000     300 (0000c000)     _DynamicsController_P

0000c1fc     307 (0000c1c0)     _IsrOverrun
0000c1fe     307 (0000c1c0)     _stopRequested

0000c200     308 (0000c200)     _DynamicsController_DW

0000c240     309 (0000c240)     _DynamicsController_B

0000c326     30c (0000c300)     _CpuTimer0
0000c32e     30c (0000c300)     _CpuTimer1
0000c336     30c (0000c300)     _CpuTimer2
0000c33e     30c (0000c300)     __lock

0000c340     30d (0000c340)     _PID_SingleJoint_P

0000c3f8     30f (0000c3c0)     _MO_Order

0000c400     310 (0000c400)     _enable_tx
0000c401     310 (0000c400)     _StartRobot
0000c402     310 (0000c400)     _TXD
0000c403     310 (0000c400)     _PID_SingleJoint_DW
0000c406     310 (0000c400)     _PID_SingleJoint_M_

0000c440     311 (0000c440)     _PID_SingleJoint_B

0000c498     312 (0000c480)     _Send_GUIdata
0000c4bc     312 (0000c480)     __unlock

0000c4c0     313 (0000c4c0)     _Tau
0000c4d8     313 (0000c4c0)     _CAN_DATATYPE_GROUND
0000c4e8     313 (0000c4c0)     _J1
0000c4f4     313 (0000c4c0)     _J2

0000c500     314 (0000c500)     _J3
0000c50c     314 (0000c500)     _J4
0000c518     314 (0000c500)     _J5
0000c524     314 (0000c500)     _J6
0000c530     314 (0000c500)     _J7

0000c540     315 (0000c540)     _Motor_Current
0000c54c     315 (0000c540)     _Motor_Position
0000c558     315 (0000c540)     _Motor_Velocity
0000c564     315 (0000c540)     _dq
0000c570     315 (0000c540)     _e

0000c580     316 (0000c580)     _q
0000c58c     316 (0000c580)     _qd
0000c598     316 (0000c580)     _rtInf
0000c59a     316 (0000c580)     _rtMinusInf
0000c59c     316 (0000c580)     _rtNaN
0000c59e     316 (0000c580)     _rtInfF
0000c5a0     316 (0000c580)     _rtMinusInfF
0000c5a2     316 (0000c580)     _rtNaNF
0000c5a4     316 (0000c580)     ___TI_enable_exit_profile_output
0000c5a6     316 (0000c580)     ___TI_cleanup_ptr
0000c5a8     316 (0000c580)     ___TI_dtors_ptr

00302838    c0a0 (00302800)     _PieVectTableInit

0030293c    c0a4 (00302900)     _PID_SingleJoint_M

0033fff8    cfff (0033ffc0)     _CsmPwl


GLOBAL SYMBOLS: SORTED ALPHABETICALLY BY Name 

page  address   name                            
----  -------   ----                            
1     0000c000  .bss                            
1     0000c000  .data                           
0     00300000  .text                           
0     00302436  C$$EXIT                         
0     00302032  FS$$DIV                         
0     00300f7e  _ADCINT_ISR                     
0     00380080  _ADC_cal                        
1     00000b00  _AdcMirror                      
1     00007100  _AdcRegs                        
1     0000c4d8  _CAN_DATATYPE_GROUND            
0     00301882  _Compensate                     
0     003020fb  _ConfigCpuTimer                 
1     0000c326  _CpuTimer0                      
1     00000c00  _CpuTimer0Regs                  
1     0000c32e  _CpuTimer1                      
1     00000c08  _CpuTimer1Regs                  
1     0000c336  _CpuTimer2                      
1     00000c10  _CpuTimer2Regs                  
1     0033fff8  _CsmPwl                         
1     00000ae0  _CsmRegs                        
0     00301d17  _CsmUnlock                      
0     00300eac  _DATALOG_ISR                    
0     003010a0  _DINTCH1_ISR                    
0     003010aa  _DINTCH2_ISR                    
0     003010b4  _DINTCH3_ISR                    
0     003010be  _DINTCH4_ISR                    
0     003010c8  _DINTCH5_ISR                    
0     003010d2  _DINTCH6_ISR                    
0     0000801b  _DSP28x_usDelay                 
1     00000880  _DevEmuRegs                     
0     00301c63  _DisableDog                     
1     00001000  _DmaRegs                        
0     00300d70  _DrivrMotor                     
0     00300d5c  _DrivrMotor_Init                
0     00300d5f  _DrivrMotor_Start               
0     00301280  _DynamicsController             
1     0000c240  _DynamicsController_B           
1     0000c200  _DynamicsController_DW          
0     003011ae  _DynamicsController_Init        
1     0000c000  _DynamicsController_P           
0     003011ff  _DynamicsController_Start       
0     0030147b  _DynamicsController_initialize  
0     0030112c  _ECAN0INTA_ISR                  
0     00301140  _ECAN0INTB_ISR                  
0     00301136  _ECAN1INTA_ISR                  
0     0030114a  _ECAN1INTB_ISR                  
0     00301014  _ECAP1_INT_ISR                  
0     0030101e  _ECAP2_INT_ISR                  
0     00301028  _ECAP3_INT_ISR                  
0     00301032  _ECAP4_INT_ISR                  
0     0030103c  _ECAP5_INT_ISR                  
0     00301046  _ECAP6_INT_ISR                  
1     00006040  _ECanaLAMRegs                   
1     000060c0  _ECanaMOTORegs                  
1     00006080  _ECanaMOTSRegs                  
1     00006100  _ECanaMboxes                    
1     00006000  _ECanaRegs                      
1     00006240  _ECanbLAMRegs                   
1     000062c0  _ECanbMOTORegs                  
1     00006280  _ECanbMOTSRegs                  
1     00006300  _ECanbMboxes                    
1     00006200  _ECanbRegs                      
1     00006a00  _ECap1Regs                      
1     00006a20  _ECap2Regs                      
1     00006a40  _ECap3Regs                      
1     00006a60  _ECap4Regs                      
1     00006a80  _ECap5Regs                      
1     00006aa0  _ECap6Regs                      
0     00300ec0  _EMUINT_ISR                     
0     00300fd8  _EPWM1_INT_ISR                  
0     00300f9c  _EPWM1_TZINT_ISR                
0     00300fe2  _EPWM2_INT_ISR                  
0     00300fa6  _EPWM2_TZINT_ISR                
0     00300fec  _EPWM3_INT_ISR                  
0     00300fb0  _EPWM3_TZINT_ISR                
0     00300ff6  _EPWM4_INT_ISR                  
0     00300fba  _EPWM4_TZINT_ISR                
0     00301000  _EPWM5_INT_ISR                  
0     00300fc4  _EPWM5_TZINT_ISR                
0     0030100a  _EPWM6_INT_ISR                  
0     00300fce  _EPWM6_TZINT_ISR                
1     00006800  _EPwm1Regs                      
1     00006840  _EPwm2Regs                      
1     00006880  _EPwm3Regs                      
1     000068c0  _EPwm4Regs                      
1     00006900  _EPwm5Regs                      
1     00006940  _EPwm6Regs                      
0     00301050  _EQEP1_INT_ISR                  
0     0030105a  _EQEP2_INT_ISR                  
1     00006b00  _EQep1Regs                      
1     00006b40  _EQep2Regs                      
0     0030247e  _EnableInterrupts               
1     00000a80  _FlashRegs                      
0     003017dd  _GetAngleVelocity               
0     00301794  _GetAngleVelocity_Init          
1     00006f80  _GpioCtrlRegs                   
1     00006fc0  _GpioDataRegs                   
1     00006fe0  _GpioIntRegs                    
0     003010dc  _I2CINT1A_ISR                   
0     003010e6  _I2CINT2A_ISR                   
1     00007900  _I2caRegs                       
0     00300ed4  _ILLEGAL_ISR                    
0     00300e98  _INT13_ISR                      
0     00300ea2  _INT14_ISR                      
0     003020ba  _InitCpuTimers                  
0     00008000  _InitFlash                      
0     00301cbc  _InitPeripheralClocks           
0     0030245f  _InitPieCtrl                    
0     003024ab  _InitPieVectTable               
0     00301c6b  _InitPll                        
0     00301c50  _InitSysCtrl                    
0     00301f81  _InitXintf16Gpio                
1     0000c1fc  _IsrOverrun                     
1     0000c4e8  _J1                             
1     0000c4f4  _J2                             
1     0000c500  _J3                             
1     0000c50c  _J4                             
1     0000c518  _J5                             
1     0000c524  _J6                             
1     0000c530  _J7                             
0     00301190  _LUF_ISR                        
0     00301186  _LVF_ISR                        
1     0000c3f8  _MO_Order                       
0     00300051  _MO_config_eCAN_A_mbx           
0     00300000  _MO_config_eCAN_B_mbx           
0     0030108c  _MRINTA_ISR                     
0     00301078  _MRINTB_ISR                     
0     00301096  _MXINTA_ISR                     
0     00301082  _MXINTB_ISR                     
1     00005000  _McbspaRegs                     
1     00005040  _McbspbRegs                     
1     0000c540  _Motor_Current                  
1     0000c54c  _Motor_Position                 
1     0000c558  _Motor_Velocity                 
0     00300eca  _NMI_ISR                        
0     00301ac1  _PID_Controller                 
0     00301a9c  _PID_Controller_Init            
0     00300998  _PID_Si_StartRobotSubsystem_Init
0     0030099f  _PID_SingleJ_StartRobotSubsystem
0     00301704  _PID_SingleJo_GetAngleSpeed_Init
0     0030066c  _PID_SingleJo_GetMotorData_Start
0     00300710  _PID_SingleJo_SendDataToGUI_Init
0     00300366  _PID_SingleJoi_CANA_284_24_Start
0     003003e7  _PID_SingleJoi_CANA_285_25_Start
0     00300468  _PID_SingleJoi_CANA_286_26_Start
0     003004ed  _PID_SingleJoi_CANB_281_21_Start
0     0030056e  _PID_SingleJoi_CANB_282_22_Start
0     003005ed  _PID_SingleJoi_CANB_283_23_Start
1     0000c440  _PID_SingleJoint_B              
0     0030037b  _PID_SingleJoint_CANA_284_24    
0     003003fc  _PID_SingleJoint_CANA_285_25    
0     0030047f  _PID_SingleJoint_CANA_286_26    
0     00300502  _PID_SingleJoint_CANB_281_21    
0     00300583  _PID_SingleJoint_CANB_282_22    
0     00300602  _PID_SingleJoint_CANB_283_23    
1     0000c403  _PID_SingleJoint_DW             
0     0030169c  _PID_SingleJoint_GetAngle       
0     0030170d  _PID_SingleJoint_GetAngleSpeed  
0     00301691  _PID_SingleJoint_GetAngle_Init  
0     00300679  _PID_SingleJoint_GetMotorData   
0     003009db  _PID_SingleJoint_J1_BG          
0     003009bb  _PID_SingleJoint_J1_TF          
0     003008ea  _PID_SingleJoint_J1_UM1         
0     00300907  _PID_SingleJoint_J2_UM1         
0     00300924  _PID_SingleJoint_J3_UM1         
0     00300941  _PID_SingleJoint_J4_UM1         
0     0030095e  _PID_SingleJoint_J5_UM1         
0     0030097b  _PID_SingleJoint_J6_UM1         
0     0030293c  _PID_SingleJoint_M              
1     0000c406  _PID_SingleJoint_M_             
1     0000c340  _PID_SingleJoint_P              
0     00301a38  _PID_SingleJoint_PID_Controller1
0     00300717  _PID_SingleJoint_SendDataToGUI  
0     00301b8e  _PID_SingleJoint_Subsystem      
0     00301b42  _PID_SingleJoint_Subsystem_Init 
0     00301b6c  _PID_SingleJoint_Subsystem_Start
0     003007bb  _PID_SingleJoint_initialize     
0     003007b4  _PID_SingleJoint_step           
0     003008e9  _PID_SingleJoint_terminate      
0     003009ff  _PID_SingleJoint_u              
0     003009f8  _PID_SingleJoint_u_Init         
0     00300692  _PID_SingleJoint_u_k            
0     00300686  _PID_SingleJoint_u_n_Start      
0     00301a2b  _PID_Single_PID_Controller1_Init
0     0030119a  _PIE_RESERVED                   
1     00000ce0  _PieCtrlRegs                    
1     00000d00  _PieVectTable                   
0     00302838  _PieVectTableInit               
0     00300eb6  _RTOSINT_ISR                    
0     0030254a  _RamfuncsLoadEnd                
0     0030252b  _RamfuncsLoadStart              
0     00008000  _RamfuncsRunStart               
0     00301104  _SCIRXINTA_ISR                  
0     00301118  _SCIRXINTB_ISR                  
0     003010f0  _SCIRXINTC_ISR                  
0     0030110e  _SCITXINTA_ISR                  
0     00301122  _SCITXINTB_ISR                  
0     003010fa  _SCITXINTC_ISR                  
0     00300f56  _SEQ1INT_ISR                    
0     00300f60  _SEQ2INT_ISR                    
0     00301064  _SPIRXINTA_ISR                  
0     0030106e  _SPITXINTA_ISR                  
1     00007050  _SciaRegs                       
1     00007750  _ScibRegs                       
1     00007770  _ScicRegs                       
1     0000c498  _Send_GUIdata                   
0     00301c59  _ServiceDog                     
0     00301c2f  _SineSignal                     
0     00301c17  _SineSignal_Init                
0     00301c25  _SineSignal_Start               
1     00007040  _SpiaRegs                       
1     0000c401  _StartRobot                     
1     00007010  _SysCtrlRegs                    
0     00300f88  _TINT0_ISR                      
0     00302347  _TINT0_isr                      
1     0000c402  _TXD                            
1     0000c4c0  _Tau                            
0     00300f38  _USER10_ISR                     
0     00300f42  _USER11_ISR                     
0     00300f4c  _USER12_ISR                     
0     00300ede  _USER1_ISR                      
0     00300ee8  _USER2_ISR                      
0     00300ef2  _USER3_ISR                      
0     00300efc  _USER4_ISR                      
0     00300f06  _USER5_ISR                      
0     00300f10  _USER6_ISR                      
0     00300f1a  _USER7_ISR                      
0     00300f24  _USER8_ISR                      
0     00300f2e  _USER9_ISR                      
0     00300f92  _WAKEINT_ISR                    
0     00300f6a  _XINT1_ISR                      
0     00300f74  _XINT2_ISR                      
0     00301154  _XINT3_ISR                      
0     0030115e  _XINT4_ISR                      
0     00301168  _XINT5_ISR                      
0     00301172  _XINT6_ISR                      
0     0030117c  _XINT7_ISR                      
1     00007070  _XIntruptRegs                   
1     00000b20  _XintfRegs                      
1     00000600  __STACK_END                     
abs   00000200  __STACK_SIZE                    
1     0000c5a6  ___TI_cleanup_ptr               
1     0000c5a8  ___TI_dtors_ptr                 
1     0000c5a4  ___TI_enable_exit_profile_output
abs   ffffffff  ___TI_pprof_out_hndl            
abs   ffffffff  ___TI_prof_data_size            
abs   ffffffff  ___TI_prof_data_start           
abs   ffffffff  ___binit__                      
1     0000c000  ___bss__                        
abs   ffffffff  ___c_args__                     
0     0030254a  ___cinit__                      
1     0000c000  ___data__                       
1     0000c000  ___edata__                      
1     0000c000  ___end__                        
0     0030252b  ___etext__                      
abs   ffffffff  ___pinit__                      
0     00300000  ___text__                       
0     003024e8  __args_main                     
1     0000c33e  __lock                          
0     0030251f  __nop                           
0     0030251b  __register_lock                 
0     00302517  __register_unlock               
1     00000400  __stack                         
0     0030252a  __system_post_cinit             
0     00302528  __system_pre_init               
1     0000c4bc  __unlock                        
0     00302436  _abort                          
0     00301dc8  _byteswap_L8cmp                 
0     00302508  _c2000_flash_init               
0     003022a0  _c_int00                        
0     00302248  _ceil                           
0     00302248  _ceilf                          
0     00301546  _config_eCAN_A_mbx              
0     00301640  _config_eCAN_B_mbx              
0     00302345  _configureGPIOExtInterrupt      
0     003023cf  _configureTimer0                
0     00302487  _copy_in                        
0     003023fe  _disableTimer0Interrupt         
0     003022f6  _disableWatchdog                
1     0000c564  _dq                             
1     0000c570  _e                              
0     00302346  _enableExtInterrupt             
0     003023f6  _enableTimer0Interrupt          
1     0000c400  _enable_tx                      
0     00302438  _exit                           
0     00302196  _floor                          
0     00302196  _floorf                         
0     00301e3d  _fmod                           
0     00301e3d  _fmodf                          
0     00302505  _globalInterruptDisable         
0     00302501  _globalInterruptEnable          
0     0030024e  _idle_num0_task_fcn             
0     00302301  _idletask_num0                  
0     00302304  _init_SCI                       
0     00302331  _init_SCI_GPIO                  
0     00301f0c  _init_board                     
0     0030149b  _init_eCAN_A                    
0     00301597  _init_eCAN_B                    
0     00302149  _main                           
0     003024cb  _memcpy                         
1     0000c580  _q                              
1     0000c58c  _qd                             
0     003000a2  _qibaozha_joint1                
0     003000e9  _qibaozha_joint2                
0     00300130  _qibaozha_joint3                
0     00300177  _qibaozha_joint4                
0     003001be  _qibaozha_joint5                
0     00300206  _qibaozha_joint6                
0     003011a4  _rsvd_ISR                       
0     0030238b  _rtGetInf                       
0     003023a4  _rtGetInfF                      
0     003023ad  _rtGetMinusInf                  
0     003023c6  _rtGetMinusInfF                 
0     0030240c  _rtGetNaN                       
0     00302425  _rtGetNaNF                      
1     0000c598  _rtInf                          
1     0000c59e  _rtInfF                         
0     00301fc8  _rtIsInf                        
0     00301fe0  _rtIsInfF                       
0     00301ff8  _rtIsNaN                        
0     0030201b  _rtIsNaNF                       
1     0000c59a  _rtMinusInf                     
1     0000c5a0  _rtMinusInfF                    
1     0000c59c  _rtNaN                          
1     0000c5a2  _rtNaNF                         
0     00301fa0  _rt_InitInfAndNaN               
0     00302135  _rt_OneStep                     
0     00301d48  _scia_rcv                       
0     00301dfb  _scia_xmit                      
0     003021ef  _sin                            
0     003021ef  _sinf                           
1     0000c1fe  _stopRequested                  
abs   ffffffff  binit                           
0     0030254a  cinit                           
0     0033fff6  code_start                      
1     0000c000  edata                           
1     0000c000  end                             
0     0030252b  etext                           
abs   ffffffff  pinit                           


GLOBAL SYMBOLS: SORTED BY Symbol Address 

page  address   name                            
----  -------   ----                            
0     00008000  _InitFlash                      
0     00008000  _RamfuncsRunStart               
0     0000801b  _DSP28x_usDelay                 
0     00300000  .text                           
0     00300000  _MO_config_eCAN_B_mbx           
0     00300000  ___text__                       
0     00300051  _MO_config_eCAN_A_mbx           
0     003000a2  _qibaozha_joint1                
0     003000e9  _qibaozha_joint2                
0     00300130  _qibaozha_joint3                
0     00300177  _qibaozha_joint4                
0     003001be  _qibaozha_joint5                
0     00300206  _qibaozha_joint6                
0     0030024e  _idle_num0_task_fcn             
0     00300366  _PID_SingleJoi_CANA_284_24_Start
0     0030037b  _PID_SingleJoint_CANA_284_24    
0     003003e7  _PID_SingleJoi_CANA_285_25_Start
0     003003fc  _PID_SingleJoint_CANA_285_25    
0     00300468  _PID_SingleJoi_CANA_286_26_Start
0     0030047f  _PID_SingleJoint_CANA_286_26    
0     003004ed  _PID_SingleJoi_CANB_281_21_Start
0     00300502  _PID_SingleJoint_CANB_281_21    
0     0030056e  _PID_SingleJoi_CANB_282_22_Start
0     00300583  _PID_SingleJoint_CANB_282_22    
0     003005ed  _PID_SingleJoi_CANB_283_23_Start
0     00300602  _PID_SingleJoint_CANB_283_23    
0     0030066c  _PID_SingleJo_GetMotorData_Start
0     00300679  _PID_SingleJoint_GetMotorData   
0     00300686  _PID_SingleJoint_u_n_Start      
0     00300692  _PID_SingleJoint_u_k            
0     00300710  _PID_SingleJo_SendDataToGUI_Init
0     00300717  _PID_SingleJoint_SendDataToGUI  
0     003007b4  _PID_SingleJoint_step           
0     003007bb  _PID_SingleJoint_initialize     
0     003008e9  _PID_SingleJoint_terminate      
0     003008ea  _PID_SingleJoint_J1_UM1         
0     00300907  _PID_SingleJoint_J2_UM1         
0     00300924  _PID_SingleJoint_J3_UM1         
0     00300941  _PID_SingleJoint_J4_UM1         
0     0030095e  _PID_SingleJoint_J5_UM1         
0     0030097b  _PID_SingleJoint_J6_UM1         
0     00300998  _PID_Si_StartRobotSubsystem_Init
0     0030099f  _PID_SingleJ_StartRobotSubsystem
0     003009bb  _PID_SingleJoint_J1_TF          
0     003009db  _PID_SingleJoint_J1_BG          
0     003009f8  _PID_SingleJoint_u_Init         
0     003009ff  _PID_SingleJoint_u              
0     00300d5c  _DrivrMotor_Init                
0     00300d5f  _DrivrMotor_Start               
0     00300d70  _DrivrMotor                     
0     00300e98  _INT13_ISR                      
0     00300ea2  _INT14_ISR                      
0     00300eac  _DATALOG_ISR                    
0     00300eb6  _RTOSINT_ISR                    
0     00300ec0  _EMUINT_ISR                     
0     00300eca  _NMI_ISR                        
0     00300ed4  _ILLEGAL_ISR                    
0     00300ede  _USER1_ISR                      
0     00300ee8  _USER2_ISR                      
0     00300ef2  _USER3_ISR                      
0     00300efc  _USER4_ISR                      
0     00300f06  _USER5_ISR                      
0     00300f10  _USER6_ISR                      
0     00300f1a  _USER7_ISR                      
0     00300f24  _USER8_ISR                      
0     00300f2e  _USER9_ISR                      
0     00300f38  _USER10_ISR                     
0     00300f42  _USER11_ISR                     
0     00300f4c  _USER12_ISR                     
0     00300f56  _SEQ1INT_ISR                    
0     00300f60  _SEQ2INT_ISR                    
0     00300f6a  _XINT1_ISR                      
0     00300f74  _XINT2_ISR                      
0     00300f7e  _ADCINT_ISR                     
0     00300f88  _TINT0_ISR                      
0     00300f92  _WAKEINT_ISR                    
0     00300f9c  _EPWM1_TZINT_ISR                
0     00300fa6  _EPWM2_TZINT_ISR                
0     00300fb0  _EPWM3_TZINT_ISR                
0     00300fba  _EPWM4_TZINT_ISR                
0     00300fc4  _EPWM5_TZINT_ISR                
0     00300fce  _EPWM6_TZINT_ISR                
0     00300fd8  _EPWM1_INT_ISR                  
0     00300fe2  _EPWM2_INT_ISR                  
0     00300fec  _EPWM3_INT_ISR                  
0     00300ff6  _EPWM4_INT_ISR                  
0     00301000  _EPWM5_INT_ISR                  
0     0030100a  _EPWM6_INT_ISR                  
0     00301014  _ECAP1_INT_ISR                  
0     0030101e  _ECAP2_INT_ISR                  
0     00301028  _ECAP3_INT_ISR                  
0     00301032  _ECAP4_INT_ISR                  
0     0030103c  _ECAP5_INT_ISR                  
0     00301046  _ECAP6_INT_ISR                  
0     00301050  _EQEP1_INT_ISR                  
0     0030105a  _EQEP2_INT_ISR                  
0     00301064  _SPIRXINTA_ISR                  
0     0030106e  _SPITXINTA_ISR                  
0     00301078  _MRINTB_ISR                     
0     00301082  _MXINTB_ISR                     
0     0030108c  _MRINTA_ISR                     
0     00301096  _MXINTA_ISR                     
0     003010a0  _DINTCH1_ISR                    
0     003010aa  _DINTCH2_ISR                    
0     003010b4  _DINTCH3_ISR                    
0     003010be  _DINTCH4_ISR                    
0     003010c8  _DINTCH5_ISR                    
0     003010d2  _DINTCH6_ISR                    
0     003010dc  _I2CINT1A_ISR                   
0     003010e6  _I2CINT2A_ISR                   
0     003010f0  _SCIRXINTC_ISR                  
0     003010fa  _SCITXINTC_ISR                  
0     00301104  _SCIRXINTA_ISR                  
0     0030110e  _SCITXINTA_ISR                  
0     00301118  _SCIRXINTB_ISR                  
0     00301122  _SCITXINTB_ISR                  
0     0030112c  _ECAN0INTA_ISR                  
0     00301136  _ECAN1INTA_ISR                  
0     00301140  _ECAN0INTB_ISR                  
0     0030114a  _ECAN1INTB_ISR                  
0     00301154  _XINT3_ISR                      
0     0030115e  _XINT4_ISR                      
0     00301168  _XINT5_ISR                      
0     00301172  _XINT6_ISR                      
0     0030117c  _XINT7_ISR                      
0     00301186  _LVF_ISR                        
0     00301190  _LUF_ISR                        
0     0030119a  _PIE_RESERVED                   
0     003011a4  _rsvd_ISR                       
0     003011ae  _DynamicsController_Init        
0     003011ff  _DynamicsController_Start       
0     00301280  _DynamicsController             
0     0030147b  _DynamicsController_initialize  
0     0030149b  _init_eCAN_A                    
0     00301546  _config_eCAN_A_mbx              
0     00301597  _init_eCAN_B                    
0     00301640  _config_eCAN_B_mbx              
0     00301691  _PID_SingleJoint_GetAngle_Init  
0     0030169c  _PID_SingleJoint_GetAngle       
0     00301704  _PID_SingleJo_GetAngleSpeed_Init
0     0030170d  _PID_SingleJoint_GetAngleSpeed  
0     00301794  _GetAngleVelocity_Init          
0     003017dd  _GetAngleVelocity               
0     00301882  _Compensate                     
0     00301a2b  _PID_Single_PID_Controller1_Init
0     00301a38  _PID_SingleJoint_PID_Controller1
0     00301a9c  _PID_Controller_Init            
0     00301ac1  _PID_Controller                 
0     00301b42  _PID_SingleJoint_Subsystem_Init 
0     00301b6c  _PID_SingleJoint_Subsystem_Start
0     00301b8e  _PID_SingleJoint_Subsystem      
0     00301c17  _SineSignal_Init                
0     00301c25  _SineSignal_Start               
0     00301c2f  _SineSignal                     
0     00301c50  _InitSysCtrl                    
0     00301c59  _ServiceDog                     
0     00301c63  _DisableDog                     
0     00301c6b  _InitPll                        
0     00301cbc  _InitPeripheralClocks           
0     00301d17  _CsmUnlock                      
0     00301d48  _scia_rcv                       
0     00301dc8  _byteswap_L8cmp                 
0     00301dfb  _scia_xmit                      
0     00301e3d  _fmod                           
0     00301e3d  _fmodf                          
0     00301f0c  _init_board                     
0     00301f81  _InitXintf16Gpio                
0     00301fa0  _rt_InitInfAndNaN               
0     00301fc8  _rtIsInf                        
0     00301fe0  _rtIsInfF                       
0     00301ff8  _rtIsNaN                        
0     0030201b  _rtIsNaNF                       
0     00302032  FS$$DIV                         
0     003020ba  _InitCpuTimers                  
0     003020fb  _ConfigCpuTimer                 
0     00302135  _rt_OneStep                     
0     00302149  _main                           
0     00302196  _floor                          
0     00302196  _floorf                         
0     003021ef  _sin                            
0     003021ef  _sinf                           
0     00302248  _ceil                           
0     00302248  _ceilf                          
0     003022a0  _c_int00                        
0     003022f6  _disableWatchdog                
0     00302301  _idletask_num0                  
0     00302304  _init_SCI                       
0     00302331  _init_SCI_GPIO                  
0     00302345  _configureGPIOExtInterrupt      
0     00302346  _enableExtInterrupt             
0     00302347  _TINT0_isr                      
0     0030238b  _rtGetInf                       
0     003023a4  _rtGetInfF                      
0     003023ad  _rtGetMinusInf                  
0     003023c6  _rtGetMinusInfF                 
0     003023cf  _configureTimer0                
0     003023f6  _enableTimer0Interrupt          
0     003023fe  _disableTimer0Interrupt         
0     0030240c  _rtGetNaN                       
0     00302425  _rtGetNaNF                      
0     00302436  C$$EXIT                         
0     00302436  _abort                          
0     00302438  _exit                           
0     0030245f  _InitPieCtrl                    
0     0030247e  _EnableInterrupts               
0     00302487  _copy_in                        
0     003024ab  _InitPieVectTable               
0     003024cb  _memcpy                         
0     003024e8  __args_main                     
0     00302501  _globalInterruptEnable          
0     00302505  _globalInterruptDisable         
0     00302508  _c2000_flash_init               
0     00302517  __register_unlock               
0     0030251b  __register_lock                 
0     0030251f  __nop                           
0     00302528  __system_pre_init               
0     0030252a  __system_post_cinit             
0     0030252b  _RamfuncsLoadStart              
0     0030252b  ___etext__                      
0     0030252b  etext                           
0     0030254a  _RamfuncsLoadEnd                
0     0030254a  ___cinit__                      
0     0030254a  cinit                           
0     00302838  _PieVectTableInit               
0     0030293c  _PID_SingleJoint_M              
0     0033fff6  code_start                      
0     00380080  _ADC_cal                        
1     00000400  __stack                         
1     00000600  __STACK_END                     
1     00000880  _DevEmuRegs                     
1     00000a80  _FlashRegs                      
1     00000ae0  _CsmRegs                        
1     00000b00  _AdcMirror                      
1     00000b20  _XintfRegs                      
1     00000c00  _CpuTimer0Regs                  
1     00000c08  _CpuTimer1Regs                  
1     00000c10  _CpuTimer2Regs                  
1     00000ce0  _PieCtrlRegs                    
1     00000d00  _PieVectTable                   
1     00001000  _DmaRegs                        
1     00005000  _McbspaRegs                     
1     00005040  _McbspbRegs                     
1     00006000  _ECanaRegs                      
1     00006040  _ECanaLAMRegs                   
1     00006080  _ECanaMOTSRegs                  
1     000060c0  _ECanaMOTORegs                  
1     00006100  _ECanaMboxes                    
1     00006200  _ECanbRegs                      
1     00006240  _ECanbLAMRegs                   
1     00006280  _ECanbMOTSRegs                  
1     000062c0  _ECanbMOTORegs                  
1     00006300  _ECanbMboxes                    
1     00006800  _EPwm1Regs                      
1     00006840  _EPwm2Regs                      
1     00006880  _EPwm3Regs                      
1     000068c0  _EPwm4Regs                      
1     00006900  _EPwm5Regs                      
1     00006940  _EPwm6Regs                      
1     00006a00  _ECap1Regs                      
1     00006a20  _ECap2Regs                      
1     00006a40  _ECap3Regs                      
1     00006a60  _ECap4Regs                      
1     00006a80  _ECap5Regs                      
1     00006aa0  _ECap6Regs                      
1     00006b00  _EQep1Regs                      
1     00006b40  _EQep2Regs                      
1     00006f80  _GpioCtrlRegs                   
1     00006fc0  _GpioDataRegs                   
1     00006fe0  _GpioIntRegs                    
1     00007010  _SysCtrlRegs                    
1     00007040  _SpiaRegs                       
1     00007050  _SciaRegs                       
1     00007070  _XIntruptRegs                   
1     00007100  _AdcRegs                        
1     00007750  _ScibRegs                       
1     00007770  _ScicRegs                       
1     00007900  _I2caRegs                       
1     0000c000  .bss                            
1     0000c000  .data                           
1     0000c000  _DynamicsController_P           
1     0000c000  ___bss__                        
1     0000c000  ___data__                       
1     0000c000  ___edata__                      
1     0000c000  ___end__                        
1     0000c000  edata                           
1     0000c000  end                             
1     0000c1fc  _IsrOverrun                     
1     0000c1fe  _stopRequested                  
1     0000c200  _DynamicsController_DW          
1     0000c240  _DynamicsController_B           
1     0000c326  _CpuTimer0                      
1     0000c32e  _CpuTimer1                      
1     0000c336  _CpuTimer2                      
1     0000c33e  __lock                          
1     0000c340  _PID_SingleJoint_P              
1     0000c3f8  _MO_Order                       
1     0000c400  _enable_tx                      
1     0000c401  _StartRobot                     
1     0000c402  _TXD                            
1     0000c403  _PID_SingleJoint_DW             
1     0000c406  _PID_SingleJoint_M_             
1     0000c440  _PID_SingleJoint_B              
1     0000c498  _Send_GUIdata                   
1     0000c4bc  __unlock                        
1     0000c4c0  _Tau                            
1     0000c4d8  _CAN_DATATYPE_GROUND            
1     0000c4e8  _J1                             
1     0000c4f4  _J2                             
1     0000c500  _J3                             
1     0000c50c  _J4                             
1     0000c518  _J5                             
1     0000c524  _J6                             
1     0000c530  _J7                             
1     0000c540  _Motor_Current                  
1     0000c54c  _Motor_Position                 
1     0000c558  _Motor_Velocity                 
1     0000c564  _dq                             
1     0000c570  _e                              
1     0000c580  _q                              
1     0000c58c  _qd                             
1     0000c598  _rtInf                          
1     0000c59a  _rtMinusInf                     
1     0000c59c  _rtNaN                          
1     0000c59e  _rtInfF                         
1     0000c5a0  _rtMinusInfF                    
1     0000c5a2  _rtNaNF                         
1     0000c5a4  ___TI_enable_exit_profile_output
1     0000c5a6  ___TI_cleanup_ptr               
1     0000c5a8  ___TI_dtors_ptr                 
1     0033fff8  _CsmPwl                         
abs   00000200  __STACK_SIZE                    
abs   ffffffff  ___TI_pprof_out_hndl            
abs   ffffffff  ___TI_prof_data_size            
abs   ffffffff  ___TI_prof_data_start           
abs   ffffffff  ___binit__                      
abs   ffffffff  ___c_args__                     
abs   ffffffff  ___pinit__                      
abs   ffffffff  binit                           
abs   ffffffff  pinit                           

[339 symbols]
