******************************************************************************
             TMS320C2000 Linker PC v18.12.1                    
******************************************************************************
>> Linked Mon Jan 13 14:53:13 2020

OUTPUT FILE NAME:   <../ZeroForceDrag_SingleJoint.out>
ENTRY POINT SYMBOL: "_c_int00"  address: 00301eff


MEMORY CONFIGURATION

         name            origin    length      used     unused   attr    fill
----------------------  --------  ---------  --------  --------  ----  --------
PAGE 0:
  BEGINRAM              00000000   00000002  00000000  00000002  RWIX
  RAMM0                 00000002   000003fe  00000000  000003fe  RWIX
  RAML0L3               00008000   00004000  0000001f  00003fe1  RWIX
  ZONE7P                00200000   00010000  00000000  00010000  RWIX
  FLASH                 00300000   0003fff6  000024d7  0003db1f  RWIX
  BEGINFLASH            0033fff6   00000002  00000002  00000000  RWIX
  ADC_CAL               00380080   00000009  00000007  00000002  RWIX
  OTP                   00380400   00000400  00000000  00000400  RWIX
  CSM_PWL               003f7ff8   00000008  00000000  00000008  RWIX
  IQTABLES              003fe000   00000b50  00000000  00000b50  RWIX
  IQTABLES2             003feb50   0000008c  00000000  0000008c  RWIX
  FPUTABLES             003febdc   000006a0  00000000  000006a0  RWIX
  ROM                   003ff27c   00000d44  00000000  00000d44  RWIX
  RESET                 003fffc0   00000002  00000000  00000002  RWIX
  VECTORS               003fffc2   0000003e  00000000  0000003e  RWIX

PAGE 1:
  RAMM1                 00000400   00000400  00000200  00000200  RWIX
  DEV_EMU               00000880   00000180  000000d0  000000b0  RWIX
  FLASH_REGS            00000a80   00000060  00000008  00000058  RWIX
  CSM                   00000ae0   00000010  00000010  00000000  RWIX
  ADC_MIRROR            00000b00   00000010  00000010  00000000  RWIX
  XINTF                 00000b20   00000020  0000001e  00000002  RWIX
  CPU_TIMER0            00000c00   00000008  00000008  00000000  RWIX
  CPU_TIMER1            00000c08   00000008  00000008  00000000  RWIX
  CPU_TIMER2            00000c10   00000008  00000008  00000000  RWIX
  PIE_CTRL              00000ce0   00000020  0000001a  00000006  RWIX
  PIE_VECT              00000d00   00000100  00000100  00000000  RWIX
  DMA                   00001000   00000200  000000e0  00000120  RWIX
  MCBSPA                00005000   00000040  00000025  0000001b  RWIX
  MCBSPB                00005040   00000040  00000025  0000001b  RWIX
  ECANA                 00006000   00000040  00000034  0000000c  RWIX
  ECANA_LAM             00006040   00000040  00000040  00000000  RWIX
  ECANA_MOTS            00006080   00000040  00000040  00000000  RWIX
  ECANA_MOTO            000060c0   00000040  00000040  00000000  RWIX
  ECANA_MBOX            00006100   00000100  00000100  00000000  RWIX
  ECANB                 00006200   00000040  00000034  0000000c  RWIX
  ECANB_LAM             00006240   00000040  00000040  00000000  RWIX
  ECANB_MOTS            00006280   00000040  00000040  00000000  RWIX
  ECANB_MOTO            000062c0   00000040  00000040  00000000  RWIX
  ECANB_MBOX            00006300   00000100  00000100  00000000  RWIX
  EPWM1                 00006800   00000022  00000022  00000000  RWIX
  EPWM2                 00006840   00000022  00000022  00000000  RWIX
  EPWM3                 00006880   00000022  00000022  00000000  RWIX
  EPWM4                 000068c0   00000022  00000022  00000000  RWIX
  EPWM5                 00006900   00000022  00000022  00000000  RWIX
  EPWM6                 00006940   00000022  00000022  00000000  RWIX
  ECAP1                 00006a00   00000020  00000020  00000000  RWIX
  ECAP2                 00006a20   00000020  00000020  00000000  RWIX
  ECAP3                 00006a40   00000020  00000020  00000000  RWIX
  ECAP4                 00006a60   00000020  00000020  00000000  RWIX
  ECAP5                 00006a80   00000020  00000020  00000000  RWIX
  ECAP6                 00006aa0   00000020  00000020  00000000  RWIX
  EQEP1                 00006b00   00000040  00000040  00000000  RWIX
  EQEP2                 00006b40   00000040  00000040  00000000  RWIX
  GPIOCTRL              00006f80   00000040  0000002e  00000012  RWIX
  GPIODAT               00006fc0   00000020  00000020  00000000  RWIX
  GPIOINT               00006fe0   00000020  0000000a  00000016  RWIX
  SYSTEM                00007010   00000020  00000020  00000000  RWIX
  SPIA                  00007040   00000010  00000010  00000000  RWIX
  SCIA                  00007050   00000010  00000010  00000000  RWIX
  XINTRUPT              00007070   00000010  00000010  00000000  RWIX
  ADC                   00007100   00000020  0000001e  00000002  RWIX
  SCIB                  00007750   00000010  00000010  00000000  RWIX
  SCIC                  00007770   00000010  00000010  00000000  RWIX
  I2CA                  00007900   00000040  00000022  0000001e  RWIX
  RAML4L7               0000c000   00004000  0000045a  00003ba6  RWIX
  ZONE7D                00210000   00010000  00000000  00010000  RWIX
  CSM_PWL               0033fff8   00000008  00000008  00000000  RWIX


SECTION ALLOCATION MAP

 output                                  attributes/
section   page    origin      length       input sections
--------  ----  ----------  ----------   ----------------
DevEmuRegsFile 
*          1    00000880    000000d0     UNINITIALIZED
                  00000880    000000d0     DSP2833x_GlobalVariableDefs.obj (DevEmuRegsFile)

FlashRegsFile 
*          1    00000a80    00000008     UNINITIALIZED
                  00000a80    00000008     DSP2833x_GlobalVariableDefs.obj (FlashRegsFile)

CsmRegsFile 
*          1    00000ae0    00000010     UNINITIALIZED
                  00000ae0    00000010     DSP2833x_GlobalVariableDefs.obj (CsmRegsFile)

AdcMirrorFile 
*          1    00000b00    00000010     UNINITIALIZED
                  00000b00    00000010     DSP2833x_GlobalVariableDefs.obj (AdcMirrorFile)

XintfRegsFile 
*          1    00000b20    0000001e     UNINITIALIZED
                  00000b20    0000001e     DSP2833x_GlobalVariableDefs.obj (XintfRegsFile)

CpuTimer0RegsFile 
*          1    00000c00    00000008     UNINITIALIZED
                  00000c00    00000008     DSP2833x_GlobalVariableDefs.obj (CpuTimer0RegsFile)

CpuTimer1RegsFile 
*          1    00000c08    00000008     UNINITIALIZED
                  00000c08    00000008     DSP2833x_GlobalVariableDefs.obj (CpuTimer1RegsFile)

CpuTimer2RegsFile 
*          1    00000c10    00000008     UNINITIALIZED
                  00000c10    00000008     DSP2833x_GlobalVariableDefs.obj (CpuTimer2RegsFile)

PieCtrlRegsFile 
*          1    00000ce0    0000001a     UNINITIALIZED
                  00000ce0    0000001a     DSP2833x_GlobalVariableDefs.obj (PieCtrlRegsFile)

PieVectTableFile 
*          1    00000d00    00000100     UNINITIALIZED
                  00000d00    00000100     DSP2833x_GlobalVariableDefs.obj (PieVectTableFile)

DmaRegsFile 
*          1    00001000    000000e0     UNINITIALIZED
                  00001000    000000e0     DSP2833x_GlobalVariableDefs.obj (DmaRegsFile)

McbspaRegsFile 
*          1    00005000    00000025     UNINITIALIZED
                  00005000    00000025     DSP2833x_GlobalVariableDefs.obj (McbspaRegsFile)

McbspbRegsFile 
*          1    00005040    00000025     UNINITIALIZED
                  00005040    00000025     DSP2833x_GlobalVariableDefs.obj (McbspbRegsFile)

ECanaRegsFile 
*          1    00006000    00000034     UNINITIALIZED
                  00006000    00000034     DSP2833x_GlobalVariableDefs.obj (ECanaRegsFile)

ECanaLAMRegsFile 
*          1    00006040    00000040     UNINITIALIZED
                  00006040    00000040     DSP2833x_GlobalVariableDefs.obj (ECanaLAMRegsFile)

ECanaMOTSRegsFile 
*          1    00006080    00000040     UNINITIALIZED
                  00006080    00000040     DSP2833x_GlobalVariableDefs.obj (ECanaMOTSRegsFile)

ECanaMOTORegsFile 
*          1    000060c0    00000040     UNINITIALIZED
                  000060c0    00000040     DSP2833x_GlobalVariableDefs.obj (ECanaMOTORegsFile)

ECanaMboxesFile 
*          1    00006100    00000100     UNINITIALIZED
                  00006100    00000100     DSP2833x_GlobalVariableDefs.obj (ECanaMboxesFile)

ECanbRegsFile 
*          1    00006200    00000034     UNINITIALIZED
                  00006200    00000034     DSP2833x_GlobalVariableDefs.obj (ECanbRegsFile)

ECanbLAMRegsFile 
*          1    00006240    00000040     UNINITIALIZED
                  00006240    00000040     DSP2833x_GlobalVariableDefs.obj (ECanbLAMRegsFile)

ECanbMOTSRegsFile 
*          1    00006280    00000040     UNINITIALIZED
                  00006280    00000040     DSP2833x_GlobalVariableDefs.obj (ECanbMOTSRegsFile)

ECanbMOTORegsFile 
*          1    000062c0    00000040     UNINITIALIZED
                  000062c0    00000040     DSP2833x_GlobalVariableDefs.obj (ECanbMOTORegsFile)

ECanbMboxesFile 
*          1    00006300    00000100     UNINITIALIZED
                  00006300    00000100     DSP2833x_GlobalVariableDefs.obj (ECanbMboxesFile)

EPwm1RegsFile 
*          1    00006800    00000022     UNINITIALIZED
                  00006800    00000022     DSP2833x_GlobalVariableDefs.obj (EPwm1RegsFile)

EPwm2RegsFile 
*          1    00006840    00000022     UNINITIALIZED
                  00006840    00000022     DSP2833x_GlobalVariableDefs.obj (EPwm2RegsFile)

EPwm3RegsFile 
*          1    00006880    00000022     UNINITIALIZED
                  00006880    00000022     DSP2833x_GlobalVariableDefs.obj (EPwm3RegsFile)

EPwm4RegsFile 
*          1    000068c0    00000022     UNINITIALIZED
                  000068c0    00000022     DSP2833x_GlobalVariableDefs.obj (EPwm4RegsFile)

EPwm5RegsFile 
*          1    00006900    00000022     UNINITIALIZED
                  00006900    00000022     DSP2833x_GlobalVariableDefs.obj (EPwm5RegsFile)

EPwm6RegsFile 
*          1    00006940    00000022     UNINITIALIZED
                  00006940    00000022     DSP2833x_GlobalVariableDefs.obj (EPwm6RegsFile)

ECap1RegsFile 
*          1    00006a00    00000020     UNINITIALIZED
                  00006a00    00000020     DSP2833x_GlobalVariableDefs.obj (ECap1RegsFile)

ECap2RegsFile 
*          1    00006a20    00000020     UNINITIALIZED
                  00006a20    00000020     DSP2833x_GlobalVariableDefs.obj (ECap2RegsFile)

ECap3RegsFile 
*          1    00006a40    00000020     UNINITIALIZED
                  00006a40    00000020     DSP2833x_GlobalVariableDefs.obj (ECap3RegsFile)

ECap4RegsFile 
*          1    00006a60    00000020     UNINITIALIZED
                  00006a60    00000020     DSP2833x_GlobalVariableDefs.obj (ECap4RegsFile)

ECap5RegsFile 
*          1    00006a80    00000020     UNINITIALIZED
                  00006a80    00000020     DSP2833x_GlobalVariableDefs.obj (ECap5RegsFile)

ECap6RegsFile 
*          1    00006aa0    00000020     UNINITIALIZED
                  00006aa0    00000020     DSP2833x_GlobalVariableDefs.obj (ECap6RegsFile)

EQep1RegsFile 
*          1    00006b00    00000040     UNINITIALIZED
                  00006b00    00000040     DSP2833x_GlobalVariableDefs.obj (EQep1RegsFile)

EQep2RegsFile 
*          1    00006b40    00000040     UNINITIALIZED
                  00006b40    00000040     DSP2833x_GlobalVariableDefs.obj (EQep2RegsFile)

GpioCtrlRegsFile 
*          1    00006f80    0000002e     UNINITIALIZED
                  00006f80    0000002e     DSP2833x_GlobalVariableDefs.obj (GpioCtrlRegsFile)

GpioDataRegsFile 
*          1    00006fc0    00000020     UNINITIALIZED
                  00006fc0    00000020     DSP2833x_GlobalVariableDefs.obj (GpioDataRegsFile)

GpioIntRegsFile 
*          1    00006fe0    0000000a     UNINITIALIZED
                  00006fe0    0000000a     DSP2833x_GlobalVariableDefs.obj (GpioIntRegsFile)

SysCtrlRegsFile 
*          1    00007010    00000020     UNINITIALIZED
                  00007010    00000020     DSP2833x_GlobalVariableDefs.obj (SysCtrlRegsFile)

SpiaRegsFile 
*          1    00007040    00000010     UNINITIALIZED
                  00007040    00000010     DSP2833x_GlobalVariableDefs.obj (SpiaRegsFile)

SciaRegsFile 
*          1    00007050    00000010     UNINITIALIZED
                  00007050    00000010     DSP2833x_GlobalVariableDefs.obj (SciaRegsFile)

XIntruptRegsFile 
*          1    00007070    00000010     UNINITIALIZED
                  00007070    00000010     DSP2833x_GlobalVariableDefs.obj (XIntruptRegsFile)

AdcRegsFile 
*          1    00007100    0000001e     UNINITIALIZED
                  00007100    0000001e     DSP2833x_GlobalVariableDefs.obj (AdcRegsFile)

ScibRegsFile 
*          1    00007750    00000010     UNINITIALIZED
                  00007750    00000010     DSP2833x_GlobalVariableDefs.obj (ScibRegsFile)

ScicRegsFile 
*          1    00007770    00000010     UNINITIALIZED
                  00007770    00000010     DSP2833x_GlobalVariableDefs.obj (ScicRegsFile)

I2caRegsFile 
*          1    00007900    00000022     UNINITIALIZED
                  00007900    00000022     DSP2833x_GlobalVariableDefs.obj (I2caRegsFile)

CsmPwlFile 
*          1    0033fff8    00000008     UNINITIALIZED
                  0033fff8    00000008     DSP2833x_GlobalVariableDefs.obj (CsmPwlFile)

.text      0    00300000    00002196     
                  00300000    000008fd     ZeroForceDrag_SingleJoint.obj (.text)
                  003008fd    000005bc     DrivrMotor.obj (.text)
                  00300eb9    00000316     DSP2833x_DefaultIsr.obj (.text:retain)
                  003011cf    00000207     GetAngleVelocity.obj (.text)
                  003013d6    000001f6     MW_c28xx_can.obj (.text)
                  003015cc    000001c1     Compensate.obj (.text)
                  0030178d    00000122     DynamicsController.obj (.text)
                  003018af    000000f8     DSP2833x_SysCtrl.obj (.text)
                  003019a7    000000f5     DSP28xx_SciUtil.obj (.text)
                  00301a9c    000000cf     rts2800_fpu32.lib : e_fmodf.c.obj (.text)
                  00301b6b    00000094     MW_c28xx_board.obj (.text)
                  00301bff    00000092     rt_nonfinite.obj (.text)
                  00301c91    00000088     rts2800_fpu32.lib : fs_div28.asm.obj (.text)
                  00301d19    0000007b     DSP2833x_CpuTimers.obj (.text)
                  00301d94    00000061     ert_main.obj (.text)
                  00301df5    00000059     rts2800_fpu32.lib : s_floorf.c.obj (.text)
                  00301e4e    00000059                       : s_sinf.c.obj (.text)
                  00301ea7    00000058                       : s_ceilf.c.obj (.text)
                  00301eff    00000056                       : boot28.asm.obj (.text)
                  00301f55    00000051     MW_c28xx_csl.obj (.text)
                  00301fa6    00000044     c2833xSchedulerTimer0.obj (.text:retain)
                  00301fea    00000044     rtGetInf.obj (.text)
                  0030202e    0000003d     c2833xSchedulerTimer0.obj (.text)
                  0030206b    0000002a     rtGetNaN.obj (.text)
                  00302095    00000029     rts2800_fpu32.lib : exit.c.obj (.text)
                  003020be    00000028     DSP2833x_PieCtrl.obj (.text)
                  003020e6    00000024     rts2800_fpu32.lib : cpy_tbl.c.obj (.text)
                  0030210a    00000020     DSP2833x_PieVect.obj (.text)
                  0030212a    0000001d     rts2800_fpu32.lib : memcpy.c.obj (.text)
                  00302147    00000019                       : args_main.c.obj (.text)
                  00302160    00000016     c2833xBoard_Realtime_Support.obj (.text)
                  00302176    0000000c     rts2800_fpu32.lib : memset.c.obj (.text)
                  00302182    00000009                       : _lock.c.obj (.text)
                  0030218b    00000008     DSP2833x_CodeStartBranch.obj (.text)
                  00302193    00000002     rts2800_fpu32.lib : pre_init.c.obj (.text)
                  00302195    00000001                       : startup.c.obj (.text)

.bss       1    0000c000    00000000     UNINITIALIZED

.ebss      1    0000c000    0000045a     UNINITIALIZED
                  0000c000    000001dc     ZeroForceDrag_SingleJoint_data.obj (.ebss)
                  0000c1dc    00000024     ZeroForceDrag_SingleJoint.obj (.ebss:_Send_GUIdata)
                  0000c200    00000166     ZeroForceDrag_SingleJoint.obj (.ebss)
                  0000c366    00000018     DSP2833x_CpuTimers.obj (.ebss)
                  0000c37e    00000002     rts2800_fpu32.lib : _lock.c.obj (.ebss:__lock)
                  0000c380    00000010     can_datatype_ground.obj (.ebss)
                  0000c390    0000000c     ZeroForceDrag_SingleJoint.obj (.ebss:_InitAngle)
                  0000c39c    0000000c     ZeroForceDrag_SingleJoint.obj (.ebss:_J1)
                  0000c3a8    0000000c     ZeroForceDrag_SingleJoint.obj (.ebss:_J2)
                  0000c3b4    0000000c     ZeroForceDrag_SingleJoint.obj (.ebss:_J3)
                  0000c3c0    0000000c     ZeroForceDrag_SingleJoint.obj (.ebss:_J4)
                  0000c3cc    0000000c     ZeroForceDrag_SingleJoint.obj (.ebss:_J5)
                  0000c3d8    0000000c     ZeroForceDrag_SingleJoint.obj (.ebss:_J6)
                  0000c3e4    0000000c     ZeroForceDrag_SingleJoint.obj (.ebss:_J7)
                  0000c3f0    0000000c     ZeroForceDrag_SingleJoint.obj (.ebss:_Motor_Current)
                  0000c3fc    00000003     ert_main.obj (.ebss)
                  0000c3ff    00000001     --HOLE--
                  0000c400    0000000c     ZeroForceDrag_SingleJoint.obj (.ebss:_Motor_Position)
                  0000c40c    0000000c     ZeroForceDrag_SingleJoint.obj (.ebss:_Motor_Velocity)
                  0000c418    0000000c     ZeroForceDrag_SingleJoint.obj (.ebss:_Tau)
                  0000c424    0000000c     ZeroForceDrag_SingleJoint.obj (.ebss:_dq)
                  0000c430    0000000c     ZeroForceDrag_SingleJoint.obj (.ebss:_q)
                  0000c43c    00000002     rts2800_fpu32.lib : _lock.c.obj (.ebss:__unlock)
                  0000c43e    00000002     --HOLE--
                  0000c440    0000000c     rt_nonfinite.obj (.ebss)
                  0000c44c    00000008     ZeroForceDrag_SingleJoint.obj (.ebss:_MO_Order)
                  0000c454    00000006     rts2800_fpu32.lib : exit.c.obj (.ebss)

.cinit     0    003021b5    00000214     
                  003021b5    000001df     ZeroForceDrag_SingleJoint_data.obj (.cinit)
                  00302394    0000000e     rts2800_fpu32.lib : exit.c.obj (.cinit)
                  003023a2    0000000c     ert_main.obj (.cinit)
                  003023ae    0000000b     ZeroForceDrag_SingleJoint.obj (.cinit:_MO_Order)
                  003023b9    00000005     rts2800_fpu32.lib : _lock.c.obj (.cinit:__lock)
                  003023be    00000005                       : _lock.c.obj (.cinit:__unlock)
                  003023c3    00000004     ZeroForceDrag_SingleJoint.obj (.cinit)
                  003023c7    00000002     --HOLE-- [fill = 0]

.pinit     0    00300000    00000000     UNINITIALIZED

.econst    0    003023ca    0000010e     
                  003023ca    00000100     DSP2833x_PieVect.obj (.econst:_PieVectTableInit)
                  003024ca    00000004     rts2800_fpu32.lib : e_fmodf.c.obj (.econst:_Zero)
                  003024ce    00000002     ZeroForceDrag_SingleJoint.obj (.econst)
                  003024d0    00000002     rtGetNaN.obj (.econst:_$P$T0$1)
                  003024d2    00000002     rts2800_fpu32.lib : e_fmodf.c.obj (.econst)
                  003024d4    00000002                       : s_ceilf.c.obj (.econst)
                  003024d6    00000002                       : s_floorf.c.obj (.econst)

.reset     0    003fffc0    00000002     DSECT
                  003fffc0    00000002     rts2800_fpu32.lib : boot28.asm.obj (.reset)

.data      1    0000c000    00000000     UNINITIALIZED

.stack     1    00000400    00000200     UNINITIALIZED
                  00000400    00000200     --HOLE--

codestart 
*          0    0033fff6    00000002     
                  0033fff6    00000002     DSP2833x_CodeStartBranch.obj (codestart)

ramfuncs   0    00302196    0000001f     RUN ADDR = 00008000
                  00302196    0000001b     DSP2833x_SysCtrl.obj (ramfuncs)
                  003021b1    00000004     DSP2833x_usDelay.obj (ramfuncs)

.adc_cal   0    00380080    00000007     NOLOAD SECTION
                  00380080    00000007     DSP2833x_ADC_cal.obj (.adc_cal)

MODULE SUMMARY

       Module                               code   initialized data   uninitialized data
       ------                               ----   ----------------   ------------------
    <current directory>
       ZeroForceDrag_SingleJoint.obj        2301   17                 570               
       DSP2833x_GlobalVariableDefs.obj      0      0                  2678              
       DrivrMotor.obj                       1468   0                  0                 
       ZeroForceDrag_SingleJoint_data.obj   0      479                476               
       DSP2833x_DefaultIsr.obj              790    0                  0                 
       GetAngleVelocity.obj                 519    0                  0                 
       MW_c28xx_can.obj                     502    0                  0                 
       Compensate.obj                       449    0                  0                 
       DSP2833x_SysCtrl.obj                 302    0                  0                 
       DynamicsController.obj               290    0                  0                 
       DSP2833x_PieVect.obj                 32     256                0                 
       DSP28xx_SciUtil.obj                  245    0                  0                 
       rt_nonfinite.obj                     146    0                  12                
       MW_c28xx_board.obj                   148    0                  0                 
       DSP2833x_CpuTimers.obj               123    0                  24                
       c2833xSchedulerTimer0.obj            129    0                  0                 
       ert_main.obj                         97     12                 3                 
       MW_c28xx_csl.obj                     81     0                  0                 
       rtGetInf.obj                         68     0                  0                 
       rtGetNaN.obj                         42     2                  0                 
       DSP2833x_PieCtrl.obj                 40     0                  0                 
       c2833xBoard_Realtime_Support.obj     22     0                  0                 
       can_datatype_ground.obj              0      0                  16                
       DSP2833x_CodeStartBranch.obj         10     0                  0                 
       DSP2833x_usDelay.obj                 8      0                  0                 
       DSP2833x_ADC_cal.obj                 7      0                  0                 
    +--+------------------------------------+------+------------------+--------------------+
       Total:                               7819   766                3779              
                                                                                        
    C:/ti/ccs901/ccs/tools/compiler/TI-CGT~1.LTS/lib/rts2800_fpu32.lib
       e_fmodf.c.obj                        207    6                  0                 
       fs_div28.asm.obj                     136    0                  0                 
       s_floorf.c.obj                       89     2                  0                 
       s_ceilf.c.obj                        88     2                  0                 
       s_sinf.c.obj                         89     0                  0                 
       boot28.asm.obj                       86     0                  0                 
       exit.c.obj                           41     14                 6                 
       cpy_tbl.c.obj                        36     0                  0                 
       memcpy.c.obj                         29     0                  0                 
       args_main.c.obj                      25     0                  0                 
       _lock.c.obj                          9      10                 4                 
       memset.c.obj                         12     0                  0                 
       pre_init.c.obj                       2      0                  0                 
       startup.c.obj                        1      0                  0                 
    +--+------------------------------------+------+------------------+--------------------+
       Total:                               850    34                 10                
                                                                                        
       Stack:                               0      0                  512               
    +--+------------------------------------+------+------------------+--------------------+
       Grand Total:                         8669   800                4301              


GLOBAL DATA SYMBOLS: SORTED BY DATA PAGE

address     data page           name
--------    ----------------    ----
00000400      10 (00000400)     __stack

00000880      22 (00000880)     _DevEmuRegs

00000a80      2a (00000a80)     _FlashRegs

00000ae0      2b (00000ac0)     _CsmRegs

00000b00      2c (00000b00)     _AdcMirror
00000b20      2c (00000b00)     _XintfRegs

00000c00      30 (00000c00)     _CpuTimer0Regs
00000c08      30 (00000c00)     _CpuTimer1Regs
00000c10      30 (00000c00)     _CpuTimer2Regs

00000ce0      33 (00000cc0)     _PieCtrlRegs

00000d00      34 (00000d00)     _PieVectTable

00001000      40 (00001000)     _DmaRegs

00005000     140 (00005000)     _McbspaRegs

00005040     141 (00005040)     _McbspbRegs

00006000     180 (00006000)     _ECanaRegs

00006040     181 (00006040)     _ECanaLAMRegs

00006080     182 (00006080)     _ECanaMOTSRegs

000060c0     183 (000060c0)     _ECanaMOTORegs

00006100     184 (00006100)     _ECanaMboxes

00006200     188 (00006200)     _ECanbRegs

00006240     189 (00006240)     _ECanbLAMRegs

00006280     18a (00006280)     _ECanbMOTSRegs

000062c0     18b (000062c0)     _ECanbMOTORegs

00006300     18c (00006300)     _ECanbMboxes

00006800     1a0 (00006800)     _EPwm1Regs

00006840     1a1 (00006840)     _EPwm2Regs

00006880     1a2 (00006880)     _EPwm3Regs

000068c0     1a3 (000068c0)     _EPwm4Regs

00006900     1a4 (00006900)     _EPwm5Regs

00006940     1a5 (00006940)     _EPwm6Regs

00006a00     1a8 (00006a00)     _ECap1Regs
00006a20     1a8 (00006a00)     _ECap2Regs

00006a40     1a9 (00006a40)     _ECap3Regs
00006a60     1a9 (00006a40)     _ECap4Regs

00006a80     1aa (00006a80)     _ECap5Regs
00006aa0     1aa (00006a80)     _ECap6Regs

00006b00     1ac (00006b00)     _EQep1Regs

00006b40     1ad (00006b40)     _EQep2Regs

00006f80     1be (00006f80)     _GpioCtrlRegs

00006fc0     1bf (00006fc0)     _GpioDataRegs
00006fe0     1bf (00006fc0)     _GpioIntRegs

00007010     1c0 (00007000)     _SysCtrlRegs

00007040     1c1 (00007040)     _SpiaRegs
00007050     1c1 (00007040)     _SciaRegs
00007070     1c1 (00007040)     _XIntruptRegs

00007100     1c4 (00007100)     _AdcRegs

00007750     1dd (00007740)     _ScibRegs
00007770     1dd (00007740)     _ScicRegs

00007900     1e4 (00007900)     _I2caRegs

0000c000     300 (0000c000)     _ZeroForceDrag_SingleJoint_P

0000c1dc     307 (0000c1c0)     _Send_GUIdata

0000c200     308 (0000c200)     _enable_tx
0000c201     308 (0000c200)     _StartRobot
0000c202     308 (0000c200)     _TXD
0000c204     308 (0000c200)     _ZeroForceDrag_SingleJoint_M_
0000c206     308 (0000c200)     _ZeroForceDrag_SingleJoint_DW

0000c240     309 (0000c240)     _ZeroForceDrag_SingleJoint_B

0000c366     30d (0000c340)     _CpuTimer0
0000c36e     30d (0000c340)     _CpuTimer1
0000c376     30d (0000c340)     _CpuTimer2
0000c37e     30d (0000c340)     __lock

0000c380     30e (0000c380)     _CAN_DATATYPE_GROUND
0000c390     30e (0000c380)     _InitAngle
0000c39c     30e (0000c380)     _J1
0000c3a8     30e (0000c380)     _J2
0000c3b4     30e (0000c380)     _J3

0000c3c0     30f (0000c3c0)     _J4
0000c3cc     30f (0000c3c0)     _J5
0000c3d8     30f (0000c3c0)     _J6
0000c3e4     30f (0000c3c0)     _J7
0000c3f0     30f (0000c3c0)     _Motor_Current
0000c3fc     30f (0000c3c0)     _IsrOverrun
0000c3fe     30f (0000c3c0)     _stopRequested

0000c400     310 (0000c400)     _Motor_Position
0000c40c     310 (0000c400)     _Motor_Velocity
0000c418     310 (0000c400)     _Tau
0000c424     310 (0000c400)     _dq
0000c430     310 (0000c400)     _q
0000c43c     310 (0000c400)     __unlock

0000c440     311 (0000c440)     _rtInf
0000c442     311 (0000c440)     _rtMinusInf
0000c444     311 (0000c440)     _rtNaN
0000c446     311 (0000c440)     _rtInfF
0000c448     311 (0000c440)     _rtMinusInfF
0000c44a     311 (0000c440)     _rtNaNF
0000c44c     311 (0000c440)     _MO_Order
0000c454     311 (0000c440)     ___TI_enable_exit_profile_output
0000c456     311 (0000c440)     ___TI_cleanup_ptr
0000c458     311 (0000c440)     ___TI_dtors_ptr

003023ca    c08f (003023c0)     _PieVectTableInit

003024ce    c093 (003024c0)     _ZeroForceDrag_SingleJoint_M

0033fff8    cfff (0033ffc0)     _CsmPwl


GLOBAL SYMBOLS: SORTED ALPHABETICALLY BY Name 

page  address   name                                 
----  -------   ----                                 
1     0000c000  .bss                                 
1     0000c000  .data                                
0     00300000  .text                                
0     00302095  C$$EXIT                              
0     00301c91  FS$$DIV                              
0     00300f9f  _ADCINT_ISR                          
0     00380080  _ADC_cal                             
1     00000b00  _AdcMirror                           
1     00007100  _AdcRegs                             
1     0000c380  _CAN_DATATYPE_GROUND                 
0     003015cc  _Compensate                          
0     00301d5a  _ConfigCpuTimer                      
1     0000c366  _CpuTimer0                           
1     00000c00  _CpuTimer0Regs                       
1     0000c36e  _CpuTimer1                           
1     00000c08  _CpuTimer1Regs                       
1     0000c376  _CpuTimer2                           
1     00000c10  _CpuTimer2Regs                       
1     0033fff8  _CsmPwl                              
1     00000ae0  _CsmRegs                             
0     00301976  _CsmUnlock                           
0     00300ecd  _DATALOG_ISR                         
0     003010c1  _DINTCH1_ISR                         
0     003010cb  _DINTCH2_ISR                         
0     003010d5  _DINTCH3_ISR                         
0     003010df  _DINTCH4_ISR                         
0     003010e9  _DINTCH5_ISR                         
0     003010f3  _DINTCH6_ISR                         
0     0000801b  _DSP28x_usDelay                      
1     00000880  _DevEmuRegs                          
0     003018c2  _DisableDog                          
1     00001000  _DmaRegs                             
0     00300d85  _DrivrMotor                          
0     00300d71  _DrivrMotor_Init                     
0     00300d74  _DrivrMotor_Start                    
0     003017d8  _DynamicsController                  
0     0030178d  _DynamicsController_Init             
0     00301792  _DynamicsController_Start            
0     0030114d  _ECAN0INTA_ISR                       
0     00301161  _ECAN0INTB_ISR                       
0     00301157  _ECAN1INTA_ISR                       
0     0030116b  _ECAN1INTB_ISR                       
0     00301035  _ECAP1_INT_ISR                       
0     0030103f  _ECAP2_INT_ISR                       
0     00301049  _ECAP3_INT_ISR                       
0     00301053  _ECAP4_INT_ISR                       
0     0030105d  _ECAP5_INT_ISR                       
0     00301067  _ECAP6_INT_ISR                       
1     00006040  _ECanaLAMRegs                        
1     000060c0  _ECanaMOTORegs                       
1     00006080  _ECanaMOTSRegs                       
1     00006100  _ECanaMboxes                         
1     00006000  _ECanaRegs                           
1     00006240  _ECanbLAMRegs                        
1     000062c0  _ECanbMOTORegs                       
1     00006280  _ECanbMOTSRegs                       
1     00006300  _ECanbMboxes                         
1     00006200  _ECanbRegs                           
1     00006a00  _ECap1Regs                           
1     00006a20  _ECap2Regs                           
1     00006a40  _ECap3Regs                           
1     00006a60  _ECap4Regs                           
1     00006a80  _ECap5Regs                           
1     00006aa0  _ECap6Regs                           
0     00300ee1  _EMUINT_ISR                          
0     00300ff9  _EPWM1_INT_ISR                       
0     00300fbd  _EPWM1_TZINT_ISR                     
0     00301003  _EPWM2_INT_ISR                       
0     00300fc7  _EPWM2_TZINT_ISR                     
0     0030100d  _EPWM3_INT_ISR                       
0     00300fd1  _EPWM3_TZINT_ISR                     
0     00301017  _EPWM4_INT_ISR                       
0     00300fdb  _EPWM4_TZINT_ISR                     
0     00301021  _EPWM5_INT_ISR                       
0     00300fe5  _EPWM5_TZINT_ISR                     
0     0030102b  _EPWM6_INT_ISR                       
0     00300fef  _EPWM6_TZINT_ISR                     
1     00006800  _EPwm1Regs                           
1     00006840  _EPwm2Regs                           
1     00006880  _EPwm3Regs                           
1     000068c0  _EPwm4Regs                           
1     00006900  _EPwm5Regs                           
1     00006940  _EPwm6Regs                           
0     00301071  _EQEP1_INT_ISR                       
0     0030107b  _EQEP2_INT_ISR                       
1     00006b00  _EQep1Regs                           
1     00006b40  _EQep2Regs                           
0     003020dd  _EnableInterrupts                    
1     00000a80  _FlashRegs                           
0     0030131f  _GetAngleVelocity                    
0     003012d6  _GetAngleVelocity_Init               
1     00006f80  _GpioCtrlRegs                        
1     00006fc0  _GpioDataRegs                        
1     00006fe0  _GpioIntRegs                         
0     003010fd  _I2CINT1A_ISR                        
0     00301107  _I2CINT2A_ISR                        
1     00007900  _I2caRegs                            
0     00300ef5  _ILLEGAL_ISR                         
0     00300eb9  _INT13_ISR                           
0     00300ec3  _INT14_ISR                           
1     0000c390  _InitAngle                           
0     00301d19  _InitCpuTimers                       
0     00008000  _InitFlash                           
0     0030191b  _InitPeripheralClocks                
0     003020be  _InitPieCtrl                         
0     0030210a  _InitPieVectTable                    
0     003018ca  _InitPll                             
0     003018af  _InitSysCtrl                         
0     00301be0  _InitXintf16Gpio                     
1     0000c3fc  _IsrOverrun                          
1     0000c39c  _J1                                  
1     0000c3a8  _J2                                  
1     0000c3b4  _J3                                  
1     0000c3c0  _J4                                  
1     0000c3cc  _J5                                  
1     0000c3d8  _J6                                  
1     0000c3e4  _J7                                  
0     003011b1  _LUF_ISR                             
0     003011a7  _LVF_ISR                             
1     0000c44c  _MO_Order                            
0     00300051  _MO_config_eCAN_A_mbx                
0     00300000  _MO_config_eCAN_B_mbx                
0     003010ad  _MRINTA_ISR                          
0     00301099  _MRINTB_ISR                          
0     003010b7  _MXINTA_ISR                          
0     003010a3  _MXINTB_ISR                          
1     00005000  _McbspaRegs                          
1     00005040  _McbspbRegs                          
1     0000c3f0  _Motor_Current                       
1     0000c400  _Motor_Position                      
1     0000c40c  _Motor_Velocity                      
0     00300eeb  _NMI_ISR                             
0     003011bb  _PIE_RESERVED                        
1     00000ce0  _PieCtrlRegs                         
1     00000d00  _PieVectTable                        
0     003023ca  _PieVectTableInit                    
0     00300ed7  _RTOSINT_ISR                         
0     003021b5  _RamfuncsLoadEnd                     
0     00302196  _RamfuncsLoadStart                   
0     00008000  _RamfuncsRunStart                    
0     00301125  _SCIRXINTA_ISR                       
0     00301139  _SCIRXINTB_ISR                       
0     00301111  _SCIRXINTC_ISR                       
0     0030112f  _SCITXINTA_ISR                       
0     00301143  _SCITXINTB_ISR                       
0     0030111b  _SCITXINTC_ISR                       
0     00300f77  _SEQ1INT_ISR                         
0     00300f81  _SEQ2INT_ISR                         
0     00301085  _SPIRXINTA_ISR                       
0     0030108f  _SPITXINTA_ISR                       
1     00007050  _SciaRegs                            
1     00007750  _ScibRegs                            
1     00007770  _ScicRegs                            
1     0000c1dc  _Send_GUIdata                        
0     003018b8  _ServiceDog                          
1     00007040  _SpiaRegs                            
1     0000c201  _StartRobot                          
1     00007010  _SysCtrlRegs                         
0     00300fa9  _TINT0_ISR                           
0     00301fa6  _TINT0_isr                           
1     0000c202  _TXD                                 
1     0000c418  _Tau                                 
0     00300f59  _USER10_ISR                          
0     00300f63  _USER11_ISR                          
0     00300f6d  _USER12_ISR                          
0     00300eff  _USER1_ISR                           
0     00300f09  _USER2_ISR                           
0     00300f13  _USER3_ISR                           
0     00300f1d  _USER4_ISR                           
0     00300f27  _USER5_ISR                           
0     00300f31  _USER6_ISR                           
0     00300f3b  _USER7_ISR                           
0     00300f45  _USER8_ISR                           
0     00300f4f  _USER9_ISR                           
0     00300fb3  _WAKEINT_ISR                         
0     00300f8b  _XINT1_ISR                           
0     00300f95  _XINT2_ISR                           
0     00301175  _XINT3_ISR                           
0     0030117f  _XINT4_ISR                           
0     00301189  _XINT5_ISR                           
0     00301193  _XINT6_ISR                           
0     0030119d  _XINT7_ISR                           
1     00007070  _XIntruptRegs                        
1     00000b20  _XintfRegs                           
0     003009ad  _ZeroFo_StartRobotSubsystem_Init     
0     003009b4  _ZeroForceDr_StartRobotSubsystem     
0     00301246  _ZeroForceDra_GetAngleSpeed_Init     
0     003003f0  _ZeroForceDra_SendDataToGUI_Init     
0     00300494  _ZeroForceDrag_CANA_284_24_Start     
0     00300515  _ZeroForceDrag_CANA_285_25_Start     
0     00300596  _ZeroForceDrag_CANA_286_26_Start     
0     00300617  _ZeroForceDrag_CANB_281_21_Start     
0     0030069c  _ZeroForceDrag_CANB_282_22_Start     
0     0030071b  _ZeroForceDrag_CANB_283_23_Start     
0     003011cf  _ZeroForceDrag_Si_GetAngle1_Init     
0     0030124f  _ZeroForceDrag_Sin_GetAngleSpeed     
0     003003f7  _ZeroForceDrag_Sin_SendDataToGUI     
0     003004a9  _ZeroForceDrag_Singl_CANA_284_24     
0     0030052a  _ZeroForceDrag_Singl_CANA_285_25     
0     003005ab  _ZeroForceDrag_Singl_CANA_286_26     
0     0030062e  _ZeroForceDrag_Singl_CANB_281_21     
0     003006b1  _ZeroForceDrag_Singl_CANB_282_22     
0     00300730  _ZeroForceDrag_Singl_CANB_283_23     
0     003011da  _ZeroForceDrag_SingleJ_GetAngle1     
0     0030079a  _ZeroForceDrag_SingleJ_u_b_Start     
0     00300366  _ZeroForceDrag_SingleJ_u_p_Start     
0     003008fd  _ZeroForceDrag_SingleJoin_J1_UM1     
0     0030091a  _ZeroForceDrag_SingleJoin_J2_UM1     
0     00300937  _ZeroForceDrag_SingleJoin_J3_UM1     
0     00300954  _ZeroForceDrag_SingleJoin_J4_UM1     
0     00300973  _ZeroForceDrag_SingleJoin_J5_UM1     
0     00300990  _ZeroForceDrag_SingleJoin_J6_UM1     
0     00300a0d  _ZeroForceDrag_SingleJoin_u_Init     
1     0000c240  _ZeroForceDrag_SingleJoint_B         
1     0000c206  _ZeroForceDrag_SingleJoint_DW        
0     003009f0  _ZeroForceDrag_SingleJoint_J1_BG     
0     003009d0  _ZeroForceDrag_SingleJoint_J1_TF     
0     003024ce  _ZeroForceDrag_SingleJoint_M         
1     0000c204  _ZeroForceDrag_SingleJoint_M_        
1     0000c000  _ZeroForceDrag_SingleJoint_P         
0     003007bb  _ZeroForceDrag_SingleJoint_initialize
0     003007b4  _ZeroForceDrag_SingleJoint_step      
0     003008fc  _ZeroForceDrag_SingleJoint_terminate 
0     00300a14  _ZeroForceDrag_SingleJoint_u         
0     003007a7  _ZeroForceDrag_SingleJoint_u_a       
0     00300372  _ZeroForceDrag_SingleJoint_u_h       
1     00000600  __STACK_END                          
abs   00000200  __STACK_SIZE                         
1     0000c456  ___TI_cleanup_ptr                    
1     0000c458  ___TI_dtors_ptr                      
1     0000c454  ___TI_enable_exit_profile_output     
abs   ffffffff  ___TI_pprof_out_hndl                 
abs   ffffffff  ___TI_prof_data_size                 
abs   ffffffff  ___TI_prof_data_start                
abs   ffffffff  ___binit__                           
1     0000c000  ___bss__                             
abs   ffffffff  ___c_args__                          
0     003021b5  ___cinit__                           
1     0000c000  ___data__                            
1     0000c000  ___edata__                           
1     0000c000  ___end__                             
0     00302196  ___etext__                           
abs   ffffffff  ___pinit__                           
0     00300000  ___text__                            
0     00302147  __args_main                          
1     0000c37e  __lock                               
0     0030218a  __nop                                
0     00302186  __register_lock                      
0     00302182  __register_unlock                    
1     00000400  __stack                              
0     00302195  __system_post_cinit                  
0     00302193  __system_pre_init                    
1     0000c43c  __unlock                             
0     00302095  _abort                               
0     00301a27  _byteswap_L8cmp                      
0     00302167  _c2000_flash_init                    
0     00301eff  _c_int00                             
0     00301ea7  _ceil                                
0     00301ea7  _ceilf                               
0     0030157b  _config_eCAN_A_mbx                   
0     0030147f  _config_eCAN_B_mbx                   
0     00301fa4  _configureGPIOExtInterrupt           
0     0030202e  _configureTimer0                     
0     003020e6  _copy_in                             
0     0030205d  _disableTimer0Interrupt              
0     00301f55  _disableWatchdog                     
1     0000c424  _dq                                  
0     00301fa5  _enableExtInterrupt                  
0     00302055  _enableTimer0Interrupt               
1     0000c200  _enable_tx                           
0     00302097  _exit                                
0     00301df5  _floor                               
0     00301df5  _floorf                              
0     00301a9c  _fmod                                
0     00301a9c  _fmodf                               
0     00302164  _globalInterruptDisable              
0     00302160  _globalInterruptEnable               
0     0030024e  _idle_num0_task_fcn                  
0     00301f60  _idletask_num0                       
0     00301f63  _init_SCI                            
0     00301f90  _init_SCI_GPIO                       
0     00301b6b  _init_board                          
0     003014d0  _init_eCAN_A                         
0     003013d6  _init_eCAN_B                         
0     00301da8  _main                                
0     0030212a  _memcpy                              
0     00302176  _memset                              
1     0000c430  _q                                   
0     003000a2  _qibaozha_joint1                     
0     003000e9  _qibaozha_joint2                     
0     00300130  _qibaozha_joint3                     
0     00300177  _qibaozha_joint4                     
0     003001be  _qibaozha_joint5                     
0     00300206  _qibaozha_joint6                     
0     003011c5  _rsvd_ISR                            
0     00301fea  _rtGetInf                            
0     00302003  _rtGetInfF                           
0     0030200c  _rtGetMinusInf                       
0     00302025  _rtGetMinusInfF                      
0     0030206b  _rtGetNaN                            
0     00302084  _rtGetNaNF                           
1     0000c440  _rtInf                               
1     0000c446  _rtInfF                              
0     00301c27  _rtIsInf                             
0     00301c3f  _rtIsInfF                            
0     00301c57  _rtIsNaN                             
0     00301c7a  _rtIsNaNF                            
1     0000c442  _rtMinusInf                          
1     0000c448  _rtMinusInfF                         
1     0000c444  _rtNaN                               
1     0000c44a  _rtNaNF                              
0     00301bff  _rt_InitInfAndNaN                    
0     00301d94  _rt_OneStep                          
0     003019a7  _scia_rcv                            
0     00301a5a  _scia_xmit                           
0     00301e4e  _sin                                 
0     00301e4e  _sinf                                
1     0000c3fe  _stopRequested                       
abs   ffffffff  binit                                
0     003021b5  cinit                                
0     0033fff6  code_start                           
1     0000c000  edata                                
1     0000c000  end                                  
0     00302196  etext                                
abs   ffffffff  pinit                                


GLOBAL SYMBOLS: SORTED BY Symbol Address 

page  address   name                                 
----  -------   ----                                 
0     00008000  _InitFlash                           
0     00008000  _RamfuncsRunStart                    
0     0000801b  _DSP28x_usDelay                      
0     00300000  .text                                
0     00300000  _MO_config_eCAN_B_mbx                
0     00300000  ___text__                            
0     00300051  _MO_config_eCAN_A_mbx                
0     003000a2  _qibaozha_joint1                     
0     003000e9  _qibaozha_joint2                     
0     00300130  _qibaozha_joint3                     
0     00300177  _qibaozha_joint4                     
0     003001be  _qibaozha_joint5                     
0     00300206  _qibaozha_joint6                     
0     0030024e  _idle_num0_task_fcn                  
0     00300366  _ZeroForceDrag_SingleJ_u_p_Start     
0     00300372  _ZeroForceDrag_SingleJoint_u_h       
0     003003f0  _ZeroForceDra_SendDataToGUI_Init     
0     003003f7  _ZeroForceDrag_Sin_SendDataToGUI     
0     00300494  _ZeroForceDrag_CANA_284_24_Start     
0     003004a9  _ZeroForceDrag_Singl_CANA_284_24     
0     00300515  _ZeroForceDrag_CANA_285_25_Start     
0     0030052a  _ZeroForceDrag_Singl_CANA_285_25     
0     00300596  _ZeroForceDrag_CANA_286_26_Start     
0     003005ab  _ZeroForceDrag_Singl_CANA_286_26     
0     00300617  _ZeroForceDrag_CANB_281_21_Start     
0     0030062e  _ZeroForceDrag_Singl_CANB_281_21     
0     0030069c  _ZeroForceDrag_CANB_282_22_Start     
0     003006b1  _ZeroForceDrag_Singl_CANB_282_22     
0     0030071b  _ZeroForceDrag_CANB_283_23_Start     
0     00300730  _ZeroForceDrag_Singl_CANB_283_23     
0     0030079a  _ZeroForceDrag_SingleJ_u_b_Start     
0     003007a7  _ZeroForceDrag_SingleJoint_u_a       
0     003007b4  _ZeroForceDrag_SingleJoint_step      
0     003007bb  _ZeroForceDrag_SingleJoint_initialize
0     003008fc  _ZeroForceDrag_SingleJoint_terminate 
0     003008fd  _ZeroForceDrag_SingleJoin_J1_UM1     
0     0030091a  _ZeroForceDrag_SingleJoin_J2_UM1     
0     00300937  _ZeroForceDrag_SingleJoin_J3_UM1     
0     00300954  _ZeroForceDrag_SingleJoin_J4_UM1     
0     00300973  _ZeroForceDrag_SingleJoin_J5_UM1     
0     00300990  _ZeroForceDrag_SingleJoin_J6_UM1     
0     003009ad  _ZeroFo_StartRobotSubsystem_Init     
0     003009b4  _ZeroForceDr_StartRobotSubsystem     
0     003009d0  _ZeroForceDrag_SingleJoint_J1_TF     
0     003009f0  _ZeroForceDrag_SingleJoint_J1_BG     
0     00300a0d  _ZeroForceDrag_SingleJoin_u_Init     
0     00300a14  _ZeroForceDrag_SingleJoint_u         
0     00300d71  _DrivrMotor_Init                     
0     00300d74  _DrivrMotor_Start                    
0     00300d85  _DrivrMotor                          
0     00300eb9  _INT13_ISR                           
0     00300ec3  _INT14_ISR                           
0     00300ecd  _DATALOG_ISR                         
0     00300ed7  _RTOSINT_ISR                         
0     00300ee1  _EMUINT_ISR                          
0     00300eeb  _NMI_ISR                             
0     00300ef5  _ILLEGAL_ISR                         
0     00300eff  _USER1_ISR                           
0     00300f09  _USER2_ISR                           
0     00300f13  _USER3_ISR                           
0     00300f1d  _USER4_ISR                           
0     00300f27  _USER5_ISR                           
0     00300f31  _USER6_ISR                           
0     00300f3b  _USER7_ISR                           
0     00300f45  _USER8_ISR                           
0     00300f4f  _USER9_ISR                           
0     00300f59  _USER10_ISR                          
0     00300f63  _USER11_ISR                          
0     00300f6d  _USER12_ISR                          
0     00300f77  _SEQ1INT_ISR                         
0     00300f81  _SEQ2INT_ISR                         
0     00300f8b  _XINT1_ISR                           
0     00300f95  _XINT2_ISR                           
0     00300f9f  _ADCINT_ISR                          
0     00300fa9  _TINT0_ISR                           
0     00300fb3  _WAKEINT_ISR                         
0     00300fbd  _EPWM1_TZINT_ISR                     
0     00300fc7  _EPWM2_TZINT_ISR                     
0     00300fd1  _EPWM3_TZINT_ISR                     
0     00300fdb  _EPWM4_TZINT_ISR                     
0     00300fe5  _EPWM5_TZINT_ISR                     
0     00300fef  _EPWM6_TZINT_ISR                     
0     00300ff9  _EPWM1_INT_ISR                       
0     00301003  _EPWM2_INT_ISR                       
0     0030100d  _EPWM3_INT_ISR                       
0     00301017  _EPWM4_INT_ISR                       
0     00301021  _EPWM5_INT_ISR                       
0     0030102b  _EPWM6_INT_ISR                       
0     00301035  _ECAP1_INT_ISR                       
0     0030103f  _ECAP2_INT_ISR                       
0     00301049  _ECAP3_INT_ISR                       
0     00301053  _ECAP4_INT_ISR                       
0     0030105d  _ECAP5_INT_ISR                       
0     00301067  _ECAP6_INT_ISR                       
0     00301071  _EQEP1_INT_ISR                       
0     0030107b  _EQEP2_INT_ISR                       
0     00301085  _SPIRXINTA_ISR                       
0     0030108f  _SPITXINTA_ISR                       
0     00301099  _MRINTB_ISR                          
0     003010a3  _MXINTB_ISR                          
0     003010ad  _MRINTA_ISR                          
0     003010b7  _MXINTA_ISR                          
0     003010c1  _DINTCH1_ISR                         
0     003010cb  _DINTCH2_ISR                         
0     003010d5  _DINTCH3_ISR                         
0     003010df  _DINTCH4_ISR                         
0     003010e9  _DINTCH5_ISR                         
0     003010f3  _DINTCH6_ISR                         
0     003010fd  _I2CINT1A_ISR                        
0     00301107  _I2CINT2A_ISR                        
0     00301111  _SCIRXINTC_ISR                       
0     0030111b  _SCITXINTC_ISR                       
0     00301125  _SCIRXINTA_ISR                       
0     0030112f  _SCITXINTA_ISR                       
0     00301139  _SCIRXINTB_ISR                       
0     00301143  _SCITXINTB_ISR                       
0     0030114d  _ECAN0INTA_ISR                       
0     00301157  _ECAN1INTA_ISR                       
0     00301161  _ECAN0INTB_ISR                       
0     0030116b  _ECAN1INTB_ISR                       
0     00301175  _XINT3_ISR                           
0     0030117f  _XINT4_ISR                           
0     00301189  _XINT5_ISR                           
0     00301193  _XINT6_ISR                           
0     0030119d  _XINT7_ISR                           
0     003011a7  _LVF_ISR                             
0     003011b1  _LUF_ISR                             
0     003011bb  _PIE_RESERVED                        
0     003011c5  _rsvd_ISR                            
0     003011cf  _ZeroForceDrag_Si_GetAngle1_Init     
0     003011da  _ZeroForceDrag_SingleJ_GetAngle1     
0     00301246  _ZeroForceDra_GetAngleSpeed_Init     
0     0030124f  _ZeroForceDrag_Sin_GetAngleSpeed     
0     003012d6  _GetAngleVelocity_Init               
0     0030131f  _GetAngleVelocity                    
0     003013d6  _init_eCAN_B                         
0     0030147f  _config_eCAN_B_mbx                   
0     003014d0  _init_eCAN_A                         
0     0030157b  _config_eCAN_A_mbx                   
0     003015cc  _Compensate                          
0     0030178d  _DynamicsController_Init             
0     00301792  _DynamicsController_Start            
0     003017d8  _DynamicsController                  
0     003018af  _InitSysCtrl                         
0     003018b8  _ServiceDog                          
0     003018c2  _DisableDog                          
0     003018ca  _InitPll                             
0     0030191b  _InitPeripheralClocks                
0     00301976  _CsmUnlock                           
0     003019a7  _scia_rcv                            
0     00301a27  _byteswap_L8cmp                      
0     00301a5a  _scia_xmit                           
0     00301a9c  _fmod                                
0     00301a9c  _fmodf                               
0     00301b6b  _init_board                          
0     00301be0  _InitXintf16Gpio                     
0     00301bff  _rt_InitInfAndNaN                    
0     00301c27  _rtIsInf                             
0     00301c3f  _rtIsInfF                            
0     00301c57  _rtIsNaN                             
0     00301c7a  _rtIsNaNF                            
0     00301c91  FS$$DIV                              
0     00301d19  _InitCpuTimers                       
0     00301d5a  _ConfigCpuTimer                      
0     00301d94  _rt_OneStep                          
0     00301da8  _main                                
0     00301df5  _floor                               
0     00301df5  _floorf                              
0     00301e4e  _sin                                 
0     00301e4e  _sinf                                
0     00301ea7  _ceil                                
0     00301ea7  _ceilf                               
0     00301eff  _c_int00                             
0     00301f55  _disableWatchdog                     
0     00301f60  _idletask_num0                       
0     00301f63  _init_SCI                            
0     00301f90  _init_SCI_GPIO                       
0     00301fa4  _configureGPIOExtInterrupt           
0     00301fa5  _enableExtInterrupt                  
0     00301fa6  _TINT0_isr                           
0     00301fea  _rtGetInf                            
0     00302003  _rtGetInfF                           
0     0030200c  _rtGetMinusInf                       
0     00302025  _rtGetMinusInfF                      
0     0030202e  _configureTimer0                     
0     00302055  _enableTimer0Interrupt               
0     0030205d  _disableTimer0Interrupt              
0     0030206b  _rtGetNaN                            
0     00302084  _rtGetNaNF                           
0     00302095  C$$EXIT                              
0     00302095  _abort                               
0     00302097  _exit                                
0     003020be  _InitPieCtrl                         
0     003020dd  _EnableInterrupts                    
0     003020e6  _copy_in                             
0     0030210a  _InitPieVectTable                    
0     0030212a  _memcpy                              
0     00302147  __args_main                          
0     00302160  _globalInterruptEnable               
0     00302164  _globalInterruptDisable              
0     00302167  _c2000_flash_init                    
0     00302176  _memset                              
0     00302182  __register_unlock                    
0     00302186  __register_lock                      
0     0030218a  __nop                                
0     00302193  __system_pre_init                    
0     00302195  __system_post_cinit                  
0     00302196  _RamfuncsLoadStart                   
0     00302196  ___etext__                           
0     00302196  etext                                
0     003021b5  _RamfuncsLoadEnd                     
0     003021b5  ___cinit__                           
0     003021b5  cinit                                
0     003023ca  _PieVectTableInit                    
0     003024ce  _ZeroForceDrag_SingleJoint_M         
0     0033fff6  code_start                           
0     00380080  _ADC_cal                             
1     00000400  __stack                              
1     00000600  __STACK_END                          
1     00000880  _DevEmuRegs                          
1     00000a80  _FlashRegs                           
1     00000ae0  _CsmRegs                             
1     00000b00  _AdcMirror                           
1     00000b20  _XintfRegs                           
1     00000c00  _CpuTimer0Regs                       
1     00000c08  _CpuTimer1Regs                       
1     00000c10  _CpuTimer2Regs                       
1     00000ce0  _PieCtrlRegs                         
1     00000d00  _PieVectTable                        
1     00001000  _DmaRegs                             
1     00005000  _McbspaRegs                          
1     00005040  _McbspbRegs                          
1     00006000  _ECanaRegs                           
1     00006040  _ECanaLAMRegs                        
1     00006080  _ECanaMOTSRegs                       
1     000060c0  _ECanaMOTORegs                       
1     00006100  _ECanaMboxes                         
1     00006200  _ECanbRegs                           
1     00006240  _ECanbLAMRegs                        
1     00006280  _ECanbMOTSRegs                       
1     000062c0  _ECanbMOTORegs                       
1     00006300  _ECanbMboxes                         
1     00006800  _EPwm1Regs                           
1     00006840  _EPwm2Regs                           
1     00006880  _EPwm3Regs                           
1     000068c0  _EPwm4Regs                           
1     00006900  _EPwm5Regs                           
1     00006940  _EPwm6Regs                           
1     00006a00  _ECap1Regs                           
1     00006a20  _ECap2Regs                           
1     00006a40  _ECap3Regs                           
1     00006a60  _ECap4Regs                           
1     00006a80  _ECap5Regs                           
1     00006aa0  _ECap6Regs                           
1     00006b00  _EQep1Regs                           
1     00006b40  _EQep2Regs                           
1     00006f80  _GpioCtrlRegs                        
1     00006fc0  _GpioDataRegs                        
1     00006fe0  _GpioIntRegs                         
1     00007010  _SysCtrlRegs                         
1     00007040  _SpiaRegs                            
1     00007050  _SciaRegs                            
1     00007070  _XIntruptRegs                        
1     00007100  _AdcRegs                             
1     00007750  _ScibRegs                            
1     00007770  _ScicRegs                            
1     00007900  _I2caRegs                            
1     0000c000  .bss                                 
1     0000c000  .data                                
1     0000c000  _ZeroForceDrag_SingleJoint_P         
1     0000c000  ___bss__                             
1     0000c000  ___data__                            
1     0000c000  ___edata__                           
1     0000c000  ___end__                             
1     0000c000  edata                                
1     0000c000  end                                  
1     0000c1dc  _Send_GUIdata                        
1     0000c200  _enable_tx                           
1     0000c201  _StartRobot                          
1     0000c202  _TXD                                 
1     0000c204  _ZeroForceDrag_SingleJoint_M_        
1     0000c206  _ZeroForceDrag_SingleJoint_DW        
1     0000c240  _ZeroForceDrag_SingleJoint_B         
1     0000c366  _CpuTimer0                           
1     0000c36e  _CpuTimer1                           
1     0000c376  _CpuTimer2                           
1     0000c37e  __lock                               
1     0000c380  _CAN_DATATYPE_GROUND                 
1     0000c390  _InitAngle                           
1     0000c39c  _J1                                  
1     0000c3a8  _J2                                  
1     0000c3b4  _J3                                  
1     0000c3c0  _J4                                  
1     0000c3cc  _J5                                  
1     0000c3d8  _J6                                  
1     0000c3e4  _J7                                  
1     0000c3f0  _Motor_Current                       
1     0000c3fc  _IsrOverrun                          
1     0000c3fe  _stopRequested                       
1     0000c400  _Motor_Position                      
1     0000c40c  _Motor_Velocity                      
1     0000c418  _Tau                                 
1     0000c424  _dq                                  
1     0000c430  _q                                   
1     0000c43c  __unlock                             
1     0000c440  _rtInf                               
1     0000c442  _rtMinusInf                          
1     0000c444  _rtNaN                               
1     0000c446  _rtInfF                              
1     0000c448  _rtMinusInfF                         
1     0000c44a  _rtNaNF                              
1     0000c44c  _MO_Order                            
1     0000c454  ___TI_enable_exit_profile_output     
1     0000c456  ___TI_cleanup_ptr                    
1     0000c458  ___TI_dtors_ptr                      
1     0033fff8  _CsmPwl                              
abs   00000200  __STACK_SIZE                         
abs   ffffffff  ___TI_pprof_out_hndl                 
abs   ffffffff  ___TI_prof_data_size                 
abs   ffffffff  ___TI_prof_data_start                
abs   ffffffff  ___binit__                           
abs   ffffffff  ___c_args__                          
abs   ffffffff  ___pinit__                           
abs   ffffffff  binit                                
abs   ffffffff  pinit                                

[325 symbols]
